CTRL.c:58:7:Get_NowSpeed	4	static
CTRL.c:62:7:Get_NowDist	4	static
CTRL.c:66:7:Get_TrgtSpeed	4	static
CTRL.c:70:6:Set_TrgtSpeed	16	static
CTRL.c:74:7:Get_NowAngle	4	static
CTRL.c:77:7:Get_TrgtAngleS	4	static
CTRL.c:81:6:INTC_sys	8	static
CTRL.c:96:6:CTRL_sta	4	static
CTRL.c:101:6:CTRL_stop	8	static
CTRL.c:108:6:CTRL_clrData	4	static
CTRL.c:142:6:CTRL_setData	16	static
CTRL.c:174:6:CTRL_refNow	24	static
CTRL.c:192:6:CTRL_refTarget	4	static
CTRL.c:405:14:Chg_ParamID	16	static
CTRL.c:430:6:CTRL_getFF_speed	24	static
CTRL.c:474:6:CTRL_getFF_angle	24	static
CTRL.c:518:6:CTRL_getSpeedFB	32	static
CTRL.c:548:6:CTRL_getDistFB	32	static
CTRL.c:615:6:CTRL_getAngleSpeedFB	40	static
CTRL.c:649:6:CTRL_getAngleFB	32	static
CTRL.c:714:6:CTRL_getSenFB	32	static
CTRL.c:748:6:CTRL_outMot	32	static
CTRL.c:789:6:CTRL_pol	56	static
CTRL.c:914:6:Failsafe_flag	8	static
CTRL.c:920:6:Failsafe_flag_off	4	static
CTRL.c:925:6:SYS_isOutOfCtrl	4	static
