../Core/Src/hal/CTRL.c:66:7:Get_NowSpeed	4	static
../Core/Src/hal/CTRL.c:70:7:Get_NowDist	4	static
../Core/Src/hal/CTRL.c:74:7:Get_TrgtDist	4	static
../Core/Src/hal/CTRL.c:78:7:Get_TrgtSpeed	4	static
../Core/Src/hal/CTRL.c:82:6:Set_TrgtSpeed	16	static
../Core/Src/hal/CTRL.c:85:7:Get_NowDistR	4	static
../Core/Src/hal/CTRL.c:89:7:Get_NowAngle	4	static
../Core/Src/hal/CTRL.c:93:7:Get_TrgtAngle	4	static
../Core/Src/hal/CTRL.c:97:7:Get_TrgtAngleS	4	static
../Core/Src/hal/CTRL.c:101:6:INTC_sys	8	static
../Core/Src/hal/CTRL.c:116:6:CTRL_sta	4	static
../Core/Src/hal/CTRL.c:121:6:CTRL_stop	8	static
../Core/Src/hal/CTRL.c:128:6:CTRL_clrData	4	static
../Core/Src/hal/CTRL.c:166:6:CTRL_clrAngleErrSum	4	static
../Core/Src/hal/CTRL.c:171:6:CTRL_clrNowData	8	static
../Core/Src/hal/CTRL.c:187:6:CTRL_setNowData_Err	16	static
../Core/Src/hal/CTRL.c:202:6:CTRL_setData	16	static
../Core/Src/hal/CTRL.c:234:6:CTRL_refNow	24	static
../Core/Src/hal/CTRL.c:257:6:CTRL_refTarget	24	static
../Core/Src/hal/CTRL.c:485:14:Chg_ParamID	16	static
../Core/Src/hal/CTRL.c:510:6:CTRL_getFF_speed	16	static
../Core/Src/hal/CTRL.c:547:6:CTRL_getFF_angle	16	static
../Core/Src/hal/CTRL.c:583:6:CTRL_getSpeedFB	32	static
../Core/Src/hal/CTRL.c:610:6:CTRL_getAngleSpeedFB	40	static
../Core/Src/hal/CTRL.c:642:6:CTRL_getAngleFB	40	static
../Core/Src/hal/CTRL.c:663:6:CTRL_getSenFB	32	static
../Core/Src/hal/CTRL.c:698:6:CTRL_get_frontwall_v_FB	48	static
../Core/Src/hal/CTRL.c:729:6:CTRL_get_frontwall_omega_FB	48	static
../Core/Src/hal/CTRL.c:760:6:CTRL_getFloorFriction	24	static
../Core/Src/hal/CTRL.c:812:6:CTRL_outMot	24	static
../Core/Src/hal/CTRL.c:849:6:CTRL_pol	88	static
../Core/Src/hal/CTRL.c:1013:6:Failsafe_flag	8	static
../Core/Src/hal/CTRL.c:1019:6:Failsafe_flag_off	4	static
../Core/Src/hal/CTRL.c:1024:6:SYS_isOutOfCtrl	4	static
