CTRL.c:57:7:Get_NowSpeed	4	static
CTRL.c:61:7:Get_NowDist	4	static
CTRL.c:65:7:Get_TrgtDist	4	static
CTRL.c:69:7:Get_TrgtSpeed	4	static
CTRL.c:73:6:Set_TrgtSpeed	16	static
CTRL.c:77:7:Get_NowAngle	4	static
CTRL.c:81:7:Get_TrgtAngle	4	static
CTRL.c:85:7:Get_TrgtAngleS	4	static
CTRL.c:89:6:INTC_sys	8	static
CTRL.c:104:6:CTRL_sta	4	static
CTRL.c:109:6:CTRL_stop	8	static
CTRL.c:116:6:CTRL_clrData	4	static
CTRL.c:150:6:CTRL_clrNowData	8	static
CTRL.c:166:6:CTRL_setData	16	static
CTRL.c:198:6:CTRL_refNow	24	static
CTRL.c:216:6:CTRL_refTarget	24	static
CTRL.c:444:14:Chg_ParamID	16	static
CTRL.c:469:6:CTRL_getFF_speed	24	static
CTRL.c:510:6:CTRL_getFF_angle	24	static
CTRL.c:551:6:CTRL_getSpeedFB	32	static
CTRL.c:583:6:CTRL_getAngleSpeedFB	40	static
CTRL.c:626:6:CTRL_getSenFB	32	static
CTRL.c:660:6:CTRL_outMot	24	static
CTRL.c:701:6:CTRL_pol	48	static
CTRL.c:825:6:Failsafe_flag	8	static
CTRL.c:831:6:Failsafe_flag_off	4	static
CTRL.c:836:6:SYS_isOutOfCtrl	4	static
