../Core/Src/hal/CTRL.c:66:7:Get_NowSpeed	4	static
../Core/Src/hal/CTRL.c:70:7:Get_NowDist	4	static
../Core/Src/hal/CTRL.c:74:7:Get_TrgtDist	4	static
../Core/Src/hal/CTRL.c:78:7:Get_TrgtSpeed	4	static
../Core/Src/hal/CTRL.c:82:6:Set_TrgtSpeed	16	static
../Core/Src/hal/CTRL.c:86:7:Get_NowAngle	4	static
../Core/Src/hal/CTRL.c:90:7:Get_TrgtAngle	4	static
../Core/Src/hal/CTRL.c:94:7:Get_TrgtAngleS	4	static
../Core/Src/hal/CTRL.c:98:6:INTC_sys	8	static
../Core/Src/hal/CTRL.c:113:6:CTRL_sta	4	static
../Core/Src/hal/CTRL.c:118:6:CTRL_stop	8	static
../Core/Src/hal/CTRL.c:125:6:CTRL_clrData	4	static
../Core/Src/hal/CTRL.c:163:6:CTRL_clrAngleErrSum	4	static
../Core/Src/hal/CTRL.c:168:6:CTRL_clrNowData	8	static
../Core/Src/hal/CTRL.c:184:6:CTRL_setNowData_Err	16	static
../Core/Src/hal/CTRL.c:199:6:CTRL_setData	16	static
../Core/Src/hal/CTRL.c:231:6:CTRL_refNow	24	static
../Core/Src/hal/CTRL.c:254:6:CTRL_refTarget	24	static
../Core/Src/hal/CTRL.c:482:14:Chg_ParamID	16	static
../Core/Src/hal/CTRL.c:507:6:CTRL_getFF_speed	16	static
../Core/Src/hal/CTRL.c:544:6:CTRL_getFF_angle	16	static
../Core/Src/hal/CTRL.c:580:6:CTRL_getSpeedFB	32	static
../Core/Src/hal/CTRL.c:607:6:CTRL_getAngleSpeedFB	40	static
../Core/Src/hal/CTRL.c:639:6:CTRL_getAngleFB	40	static
../Core/Src/hal/CTRL.c:660:6:CTRL_getSenFB	32	static
../Core/Src/hal/CTRL.c:695:6:CTRL_get_frontwall_v_FB	48	static
../Core/Src/hal/CTRL.c:726:6:CTRL_get_frontwall_omega_FB	48	static
../Core/Src/hal/CTRL.c:757:6:CTRL_getFloorFriction	24	static
../Core/Src/hal/CTRL.c:809:6:CTRL_outMot	24	static
../Core/Src/hal/CTRL.c:846:6:CTRL_pol	88	static
../Core/Src/hal/CTRL.c:1009:6:Failsafe_flag	8	static
../Core/Src/hal/CTRL.c:1015:6:Failsafe_flag_off	4	static
../Core/Src/hal/CTRL.c:1020:6:SYS_isOutOfCtrl	4	static
