../Core/Src/hal/CTRL.c:76:7:Get_NowSpeed	4	static
../Core/Src/hal/CTRL.c:80:7:Get_NowDist	4	static
../Core/Src/hal/CTRL.c:84:7:Get_TrgtDist	4	static
../Core/Src/hal/CTRL.c:88:7:Get_TrgtSpeed	4	static
../Core/Src/hal/CTRL.c:92:6:Set_TrgtSpeed	16	static
../Core/Src/hal/CTRL.c:96:7:Get_NowDistR	4	static
../Core/Src/hal/CTRL.c:100:7:Get_NowAngle	4	static
../Core/Src/hal/CTRL.c:104:7:Get_TrgtAngle	4	static
../Core/Src/hal/CTRL.c:108:7:Get_TrgtAngleS	4	static
../Core/Src/hal/CTRL.c:112:6:INTC_sys	8	static
../Core/Src/hal/CTRL.c:127:6:CTRL_sta	4	static
../Core/Src/hal/CTRL.c:132:6:CTRL_stop	8	static
../Core/Src/hal/CTRL.c:139:6:CTRL_clrData	4	static
../Core/Src/hal/CTRL.c:175:6:CTRL_clrAngleErrSum	4	static
../Core/Src/hal/CTRL.c:180:6:CTRL_clrNowData	8	static
../Core/Src/hal/CTRL.c:196:6:CTRL_setNowData_Err	16	static
../Core/Src/hal/CTRL.c:211:6:CTRL_setData	16	static
../Core/Src/hal/CTRL.c:259:6:CTRL_refNow	24	static
../Core/Src/hal/CTRL.c:282:6:CTRL_refTarget	24	static
../Core/Src/hal/CTRL.c:620:14:Chg_ParamID	16	static
../Core/Src/hal/CTRL.c:645:6:CTRL_getFF_speed	16	static
../Core/Src/hal/CTRL.c:683:6:CTRL_getFF_angle	16	static
../Core/Src/hal/CTRL.c:720:6:CTRL_getSpeedFB	32	static
../Core/Src/hal/CTRL.c:750:6:CTRL_getAngleSpeedFB	40	static
../Core/Src/hal/CTRL.c:786:6:CTRL_getAngleFB	40	static
../Core/Src/hal/CTRL.c:811:6:CTRL_getSenFB	32	static
../Core/Src/hal/CTRL.c:854:6:CTRL_get_frontwall_v_FB	48	static
../Core/Src/hal/CTRL.c:885:6:CTRL_get_frontwall_omega_FB	48	static
../Core/Src/hal/CTRL.c:916:6:CTRL_getFloorFriction	24	static
../Core/Src/hal/CTRL.c:1052:6:CTRL_outMot	24	static
../Core/Src/hal/CTRL.c:1089:6:CTRL_pol	88	static
../Core/Src/hal/CTRL.c:1256:6:Failsafe_flag	8	static
../Core/Src/hal/CTRL.c:1262:6:Failsafe_flag_off	4	static
../Core/Src/hal/CTRL.c:1267:6:SYS_isOutOfCtrl	4	static
