CTRL.c:60:7:Get_NowSpeed	4	static
CTRL.c:64:7:Get_NowDist	4	static
CTRL.c:68:7:Get_TrgtDist	4	static
CTRL.c:72:7:Get_TrgtSpeed	4	static
CTRL.c:76:6:Set_TrgtSpeed	16	static
CTRL.c:80:7:Get_NowAngle	4	static
CTRL.c:84:7:Get_TrgtAngle	4	static
CTRL.c:88:7:Get_TrgtAngleS	4	static
CTRL.c:92:6:INTC_sys	8	static
CTRL.c:107:6:CTRL_sta	4	static
CTRL.c:112:6:CTRL_stop	8	static
CTRL.c:119:6:CTRL_clrData	4	static
CTRL.c:153:6:CTRL_clrNowData	8	static
CTRL.c:169:6:CTRL_setData	16	static
CTRL.c:201:6:CTRL_refNow	24	static
CTRL.c:222:6:CTRL_refTarget	24	static
CTRL.c:450:14:Chg_ParamID	16	static
CTRL.c:475:6:CTRL_getFF_speed	16	static
CTRL.c:512:6:CTRL_getFF_angle	16	static
CTRL.c:548:6:CTRL_getSpeedFB	32	static
CTRL.c:572:6:CTRL_getAngleSpeedFB	40	static
CTRL.c:599:6:CTRL_getSenFB	32	static
CTRL.c:633:6:CTRL_outMot	24	static
CTRL.c:670:6:CTRL_pol	80	static
CTRL.c:808:6:Failsafe_flag	8	static
CTRL.c:814:6:Failsafe_flag_off	4	static
CTRL.c:819:6:SYS_isOutOfCtrl	4	static
