CTRL.c:61:7:Get_NowSpeed	4	static
CTRL.c:65:7:Get_NowDist	4	static
CTRL.c:69:7:Get_TrgtDist	4	static
CTRL.c:73:7:Get_TrgtSpeed	4	static
CTRL.c:77:6:Set_TrgtSpeed	16	static
CTRL.c:81:7:Get_NowAngle	4	static
CTRL.c:85:7:Get_TrgtAngle	4	static
CTRL.c:89:7:Get_TrgtAngleS	4	static
CTRL.c:93:6:INTC_sys	8	static
CTRL.c:108:6:CTRL_sta	4	static
CTRL.c:113:6:CTRL_stop	8	static
CTRL.c:120:6:CTRL_clrData	4	static
CTRL.c:154:6:CTRL_clrNowData	8	static
CTRL.c:170:6:CTRL_setData	16	static
CTRL.c:202:6:CTRL_refNow	24	static
CTRL.c:224:6:CTRL_refTarget	24	static
CTRL.c:452:14:Chg_ParamID	16	static
CTRL.c:477:6:CTRL_getFF_speed	16	static
CTRL.c:514:6:CTRL_getFF_angle	16	static
CTRL.c:550:6:CTRL_getSpeedFB	32	static
CTRL.c:577:6:CTRL_getAngleSpeedFB	40	static
CTRL.c:609:6:CTRL_getSenFB	32	static
CTRL.c:644:6:CTRL_getFloorFriction	24	static
CTRL.c:696:6:CTRL_outMot	24	static
CTRL.c:733:6:CTRL_pol	72	static
CTRL.c:868:6:Failsafe_flag	8	static
CTRL.c:874:6:Failsafe_flag_off	4	static
CTRL.c:879:6:SYS_isOutOfCtrl	4	static
