CTRL.c:58:7:Get_NowSpeed	4	static
CTRL.c:62:7:Get_NowDist	4	static
CTRL.c:66:7:Get_TrgtDist	4	static
CTRL.c:70:7:Get_TrgtSpeed	4	static
CTRL.c:74:6:Set_TrgtSpeed	16	static
CTRL.c:78:7:Get_NowAngle	4	static
CTRL.c:82:7:Get_TrgtAngle	4	static
CTRL.c:86:7:Get_TrgtAngleS	4	static
CTRL.c:90:6:INTC_sys	8	static
CTRL.c:105:6:CTRL_sta	4	static
CTRL.c:110:6:CTRL_stop	8	static
CTRL.c:117:6:CTRL_clrData	8	static
CTRL.c:151:6:CTRL_setData	16	static
CTRL.c:183:6:CTRL_refNow	24	static
CTRL.c:201:6:CTRL_refTarget	24	static
CTRL.c:429:14:Chg_ParamID	16	static
CTRL.c:454:6:CTRL_getFF_speed	24	static
CTRL.c:498:6:CTRL_getFF_angle	24	static
CTRL.c:542:6:CTRL_getSpeedFB	32	static
CTRL.c:573:6:CTRL_getAngleSpeedFB	40	static
CTRL.c:608:6:CTRL_getSenFB	32	static
CTRL.c:642:6:CTRL_outMot	32	static
CTRL.c:683:6:CTRL_pol	56	static
CTRL.c:810:6:Failsafe_flag	8	static
CTRL.c:816:6:Failsafe_flag_off	4	static
CTRL.c:821:6:SYS_isOutOfCtrl	4	static
