CTRL.c:58:7:Get_NowSpeed	4	static
CTRL.c:62:7:Get_NowDist	4	static
CTRL.c:66:7:Get_TrgtSpeed	4	static
CTRL.c:70:6:Set_TrgtSpeed	16	static
CTRL.c:74:7:Get_NowAngle	4	static
CTRL.c:78:7:Get_TrgtAngle	4	static
CTRL.c:82:7:Get_TrgtAngleS	4	static
CTRL.c:86:6:INTC_sys	8	static
CTRL.c:101:6:CTRL_sta	4	static
CTRL.c:106:6:CTRL_stop	8	static
CTRL.c:113:6:CTRL_clrData	4	static
CTRL.c:147:6:CTRL_setData	16	static
CTRL.c:179:6:CTRL_refNow	24	static
CTRL.c:197:6:CTRL_refTarget	24	static
CTRL.c:408:14:Chg_ParamID	16	static
CTRL.c:433:6:CTRL_getFF_speed	24	static
CTRL.c:477:6:CTRL_getFF_angle	24	static
CTRL.c:521:6:CTRL_getSpeedFB	32	static
CTRL.c:551:6:CTRL_getDistFB	32	static
CTRL.c:618:6:CTRL_getAngleSpeedFB	40	static
CTRL.c:652:6:CTRL_getAngleFB	32	static
CTRL.c:717:6:CTRL_getSenFB	32	static
CTRL.c:751:6:CTRL_outMot	32	static
CTRL.c:792:6:CTRL_pol	56	static
CTRL.c:917:6:Failsafe_flag	8	static
CTRL.c:923:6:Failsafe_flag_off	4	static
CTRL.c:928:6:SYS_isOutOfCtrl	4	static
