gyro.c:24:10:Get_s_gyro	4	static
gyro.c:28:6:ICM_42688_whoami	8	static
gyro.c:38:6:ICM_42688_WriteByte	16	static
gyro.c:46:6:ICM_42688_ReadByte	16	static
gyro.c:56:6:ICM_42688_init	16	static
gyro.c:82:6:ICM_42688_GyroRead_DMA	16	static
gyro.c:87:6:ICM_42688_GyroData	16	static
gyro.c:92:6:GYRO_SetRef	16	static
gyro.c:108:7:GYRO_getSpeedErr	32	static
gyro.c:126:7:GYRO_getNowAngle	4	static
gyro.c:131:7:GYRO_getRef	4	static
gyro.c:136:6:GYRO_Pol	16	static
gyro.c:156:6:ACCEL_SetRef	16	static
gyro.c:172:7:Accel_getSpeedErr	24	static
gyro.c:182:6:ACCEL_Pol	4	static
gyro.c:192:6:GYRO_staErrChkAngle	4	static
gyro.c:199:6:GYRO_endErrChkAngle	4	static
