../Core/Src/hal/gyro.c:13:10:Get_s_gyro	4	static
../Core/Src/hal/gyro.c:17:6:ICM_42688_whoami	8	static
../Core/Src/hal/gyro.c:26:6:ICM_42688_WriteByte	16	static
../Core/Src/hal/gyro.c:34:6:ICM_42688_ReadByte	16	static
../Core/Src/hal/gyro.c:44:6:ICM_42688_init	16	static
../Core/Src/hal/gyro.c:70:6:ICM_42688_GyroRead_DMA	16	static
../Core/Src/hal/gyro.c:75:6:ICM_42688_GyroData	16	static
../Core/Src/hal/gyro.c:80:6:GYRO_SetRef	16	static
../Core/Src/hal/gyro.c:95:7:GYRO_getSpeedErr	24	static
../Core/Src/hal/gyro.c:113:7:GYRO_getNowAngle	4	static
../Core/Src/hal/gyro.c:118:7:GYRO_getRef	4	static
../Core/Src/hal/gyro.c:123:6:GYRO_Pol	16	static
../Core/Src/hal/gyro.c:144:6:ACCEL_SetRef	16	static
../Core/Src/hal/gyro.c:160:7:Accel_getSpeedErr	24	static
../Core/Src/hal/gyro.c:170:6:ACCEL_Pol	4	static
../Core/Src/hal/gyro.c:180:6:GYRO_staErrChkAngle	4	static
../Core/Src/hal/gyro.c:187:6:GYRO_endErrChkAngle	4	static
