../Core/Src/hal/mode.c:34:6:SYS_start	8	static
../Core/Src/hal/mode.c:71:6:MODE_inc	8	static
../Core/Src/hal/mode.c:120:6:CountUP_mode	8	static
../Core/Src/hal/mode.c:129:6:MODE_exe_m0	24	static
../Core/Src/hal/mode.c:356:6:MODE_exe_m1	32	static
../Core/Src/hal/mode.c:418:6:MODE_exe_m2	32	static
../Core/Src/hal/mode.c:682:6:MODE_exe_m3	32	static
../Core/Src/hal/mode.c:919:6:MODE_exe_m4	32	static
../Core/Src/hal/mode.c:1085:6:MODE_exe_m5	32	static
../Core/Src/hal/mode.c:1339:6:MODE_exe	8	static
../Core/Src/hal/mode.c:1522:6:MODE_DistRightCheck	16	static
../Core/Src/hal/mode.c:1539:6:MODE_DistLeftCheck	16	static
../Core/Src/hal/mode.c:1557:6:MODE_setWaitCheck	16	static
../Core/Src/hal/mode.c:1578:6:MODE_CheckExe	16	static
