../Core/Src/hal/mode.c:34:6:SYS_start	8	static
../Core/Src/hal/mode.c:66:6:MODE_inc	8	static
../Core/Src/hal/mode.c:115:6:MODE_exe_m0	24	static
../Core/Src/hal/mode.c:257:6:MODE_exe_m1	32	static
../Core/Src/hal/mode.c:316:6:MODE_exe_m2	32	static
../Core/Src/hal/mode.c:470:6:MODE_exe_m3	32	static
../Core/Src/hal/mode.c:649:6:MODE_exe_m4	32	static
../Core/Src/hal/mode.c:803:6:MODE_exe	8	static
../Core/Src/hal/mode.c:967:6:MODE_DistRightCheck	16	static
../Core/Src/hal/mode.c:984:6:MODE_DistLeftCheck	16	static
../Core/Src/hal/mode.c:1002:6:MODE_setWaitCheck	16	static
../Core/Src/hal/mode.c:1023:6:MODE_CheckExe	16	static
