../Core/Src/hal/run.c:102:7:MOT_getAcc1	8	static
../Core/Src/hal/run.c:107:7:MOT_getAcc3	8	static
../Core/Src/hal/run.c:112:7:MOT_getJerk	8	static
../Core/Src/hal/run.c:117:6:MOT_goBlock_AccConstDec	80	static
../Core/Src/hal/run.c:442:6:MOT_setData_ACC_CONST_DEC	80	static
../Core/Src/hal/run.c:507:6:MOT_setData_MOT_ACC_CONST_DEC_CUSTOM	112	static
../Core/Src/hal/run.c:590:6:MOT_setData_MOT_ACC_CONST	48	static
../Core/Src/hal/run.c:637:6:MOT_setData_MOT_ACC_CONST_CUSTOM	64	static
../Core/Src/hal/run.c:689:6:MOT_setData_MOT_CONST_DEC	72	static
../Core/Src/hal/run.c:736:6:MOT_setData_MOT_CONST_DEC_CUSTOM	80	static
../Core/Src/hal/run.c:788:15:MOT_getStType	152	static
../Core/Src/hal/run.c:929:6:MOT_go_FinSpeed	32	static
../Core/Src/hal/run.c:971:6:MOT_goBlock_FinSpeed	16	static
../Core/Src/hal/run.c:976:6:MOT_goSkewBlock_FinSpeed	16	static
../Core/Src/hal/run.c:981:6:MOT_goBlock_Const	240	static
../Core/Src/hal/run.c:1144:6:testrun	72	static
../Core/Src/hal/run.c:1160:7:MOT_getAccAngle1	8	static
../Core/Src/hal/run.c:1165:7:MOT_getAccAngle3	8	static
../Core/Src/hal/run.c:1170:7:MOT_getJerkAngle	8	static
../Core/Src/hal/run.c:1175:6:MOT_turn	328	static
../Core/Src/hal/run.c:1616:6:MOT_setSlaStaSpeed	16	static
../Core/Src/hal/run.c:1630:7:MOT_getSlaStaSpeed	24	static
../Core/Src/hal/run.c:1646:7:MOT_setTrgtSpeed	16	static
../Core/Src/hal/run.c:1652:6:MOT_setNowSpeed	16	static
../Core/Src/hal/run.c:1657:6:MOT_goHitBackWall	232	static
../Core/Src/hal/run.c:1712:6:MOT_goSla	272	static
../Core/Src/hal/run.c:2203:6:turntable	72	static
../Core/Src/hal/run.c:2235:6:MOT_setWallEdgeType	16	static
../Core/Src/hal/run.c:2242:22:MOT_getWallEdgeType	4	static
../Core/Src/hal/run.c:2247:6:MOT_setWallEdge	16	static
../Core/Src/hal/run.c:2253:6:MOT_setWallEdgeDist	16	static
../Core/Src/hal/run.c:2279:6:MOT_setWallEdgeDist_LoopWait	4	static
../Core/Src/hal/run.c:2293:6:DIST_Front_Wall_correction	232	static
