../Core/Src/hal/run.c:70:7:MOT_getAcc1	8	static
../Core/Src/hal/run.c:75:7:MOT_getAcc3	8	static
../Core/Src/hal/run.c:80:6:MOT_goBlock_AccConstDec	64	static
../Core/Src/hal/run.c:268:6:MOT_setData_ACC_CONST_DEC	48	static
../Core/Src/hal/run.c:299:6:MOT_setData_MOT_ACC_CONST_DEC_CUSTOM	72	static
../Core/Src/hal/run.c:334:6:MOT_setData_MOT_ACC_CONST	40	static
../Core/Src/hal/run.c:361:6:MOT_setData_MOT_ACC_CONST_CUSTOM	40	static
../Core/Src/hal/run.c:390:6:MOT_setData_MOT_CONST_DEC	48	static
../Core/Src/hal/run.c:417:6:MOT_setData_MOT_CONST_DEC_CUSTOM	48	static
../Core/Src/hal/run.c:446:15:MOT_getStType	80	static
../Core/Src/hal/run.c:537:6:MOT_go_FinSpeed	32	static
../Core/Src/hal/run.c:580:6:MOT_goBlock_FinSpeed	16	static
../Core/Src/hal/run.c:585:6:MOT_goSkewBlock_FinSpeed	16	static
../Core/Src/hal/run.c:590:6:MOT_goBlock_Const	136	static
../Core/Src/hal/run.c:691:6:testrun	56	static
../Core/Src/hal/run.c:706:7:MOT_getAccAngle1	8	static
../Core/Src/hal/run.c:712:7:MOT_getAccAngle3	8	static
../Core/Src/hal/run.c:718:6:MOT_turn	152	static
../Core/Src/hal/run.c:942:6:MOT_setSuraStaSpeed	16	static
../Core/Src/hal/run.c:956:7:MOT_getSuraStaSpeed	24	static
../Core/Src/hal/run.c:972:7:MOT_setTrgtSpeed	16	static
../Core/Src/hal/run.c:978:6:MOT_setNowSpeed	16	static
../Core/Src/hal/run.c:983:6:MOT_goHitBackWall	128	static
../Core/Src/hal/run.c:1034:6:MOT_goSla	168	static
../Core/Src/hal/run.c:1299:6:turntable	56	static
../Core/Src/hal/run.c:1327:6:MOT_setWallEdgeType	16	static
../Core/Src/hal/run.c:1334:22:MOT_getWallEdgeType	4	static
../Core/Src/hal/run.c:1339:6:MOT_setWallEdge	16	static
../Core/Src/hal/run.c:1345:6:MOT_setWallEdgeDist	16	static
../Core/Src/hal/run.c:1371:6:MOT_setWallEdgeDist_LoopWait	4	static
../Core/Src/hal/run.c:1385:6:DIST_Front_Wall_correction	136	static
