../Core/Src/hal/run.c:68:7:MOT_getAcc1	8	static
../Core/Src/hal/run.c:73:7:MOT_getAcc3	8	static
../Core/Src/hal/run.c:78:6:MOT_goBlock_AccConstDec	64	static
../Core/Src/hal/run.c:265:6:MOT_setData_ACC_CONST_DEC	32	static
../Core/Src/hal/run.c:296:6:MOT_setData_MOT_ACC_CONST_DEC_CUSTOM	48	static
../Core/Src/hal/run.c:331:6:MOT_setData_MOT_ACC_CONST	32	static
../Core/Src/hal/run.c:358:6:MOT_setData_MOT_ACC_CONST_CUSTOM	40	static
../Core/Src/hal/run.c:387:6:MOT_setData_MOT_CONST_DEC	32	static
../Core/Src/hal/run.c:414:6:MOT_setData_MOT_CONST_DEC_CUSTOM	40	static
../Core/Src/hal/run.c:443:15:MOT_getStType	72	static
../Core/Src/hal/run.c:534:6:MOT_go_FinSpeed	32	static
../Core/Src/hal/run.c:577:6:MOT_goBlock_FinSpeed	16	static
../Core/Src/hal/run.c:582:6:MOT_goSkewBlock_FinSpeed	16	static
../Core/Src/hal/run.c:587:6:MOT_goBlock_Const	136	static
../Core/Src/hal/run.c:689:6:testrun	56	static
../Core/Src/hal/run.c:704:7:MOT_getAccAngle1	8	static
../Core/Src/hal/run.c:710:7:MOT_getAccAngle3	8	static
../Core/Src/hal/run.c:716:6:MOT_turn	160	static
../Core/Src/hal/run.c:937:6:MOT_setSuraStaSpeed	16	static
../Core/Src/hal/run.c:943:7:MOT_getSuraStaSpeed	4	static
../Core/Src/hal/run.c:948:7:MOT_setTrgtSpeed	16	static
../Core/Src/hal/run.c:954:6:MOT_setNowSpeed	16	static
../Core/Src/hal/run.c:959:6:MOT_goHitBackWall	128	static
../Core/Src/hal/run.c:1010:6:MOT_goSla	152	static
../Core/Src/hal/run.c:1266:6:turntable	56	static
../Core/Src/hal/run.c:1294:6:MOT_setWallEdgeType	16	static
../Core/Src/hal/run.c:1301:22:MOT_getWallEdgeType	4	static
../Core/Src/hal/run.c:1306:6:MOT_setWallEdge	16	static
../Core/Src/hal/run.c:1312:6:MOT_setWallEdgeDist	16	static
../Core/Src/hal/run.c:1338:6:MOT_setWallEdgeDist_LoopWait	4	static
../Core/Src/hal/run.c:1352:6:DIST_Front_Wall_correction	128	static
