../Core/Src/hal/run.c:103:7:MOT_getAcc1	8	static
../Core/Src/hal/run.c:108:7:MOT_getAcc3	8	static
../Core/Src/hal/run.c:113:7:MOT_getJerk	8	static
../Core/Src/hal/run.c:118:6:MOT_goBlock_AccConstDec	80	static
../Core/Src/hal/run.c:443:6:MOT_setData_ACC_CONST_DEC	80	static
../Core/Src/hal/run.c:511:6:MOT_setData_MOT_ACC_CONST_DEC_CUSTOM	112	static
../Core/Src/hal/run.c:597:6:MOT_setData_MOT_ACC_CONST	48	static
../Core/Src/hal/run.c:645:6:MOT_setData_MOT_ACC_CONST_CUSTOM	64	static
../Core/Src/hal/run.c:698:6:MOT_setData_MOT_CONST_DEC	72	static
../Core/Src/hal/run.c:746:6:MOT_setData_MOT_CONST_DEC_CUSTOM	80	static
../Core/Src/hal/run.c:798:15:MOT_getStType	152	static
../Core/Src/hal/run.c:939:6:MOT_go_FinSpeed	32	static
../Core/Src/hal/run.c:981:6:MOT_goBlock_FinSpeed	16	static
../Core/Src/hal/run.c:986:6:MOT_goSkewBlock_FinSpeed	16	static
../Core/Src/hal/run.c:991:6:MOT_goBlock_Const	240	static
../Core/Src/hal/run.c:1127:6:testrun	72	static
../Core/Src/hal/run.c:1143:7:MOT_getAccAngle1	8	static
../Core/Src/hal/run.c:1148:7:MOT_getAccAngle3	8	static
../Core/Src/hal/run.c:1153:7:MOT_getJerkAngle	8	static
../Core/Src/hal/run.c:1158:6:MOT_turn	328	static
../Core/Src/hal/run.c:1599:6:MOT_setSlaStaSpeed	16	static
../Core/Src/hal/run.c:1613:7:MOT_getSlaStaSpeed	24	static
../Core/Src/hal/run.c:1629:7:MOT_setTrgtSpeed	16	static
../Core/Src/hal/run.c:1635:6:MOT_setNowSpeed	16	static
../Core/Src/hal/run.c:1640:6:MOT_goHitBackWall	232	static
../Core/Src/hal/run.c:1695:6:MOT_goSla	272	static
../Core/Src/hal/run.c:2186:6:turntable	72	static
../Core/Src/hal/run.c:2218:6:MOT_setWallEdgeType	16	static
../Core/Src/hal/run.c:2225:22:MOT_getWallEdgeType	4	static
../Core/Src/hal/run.c:2230:6:MOT_setWallEdge	16	static
../Core/Src/hal/run.c:2236:6:MOT_setWallEdgeDist	16	static
../Core/Src/hal/run.c:2262:6:MOT_setWallEdgeDist_LoopWait	4	static
../Core/Src/hal/run.c:2276:6:DIST_Front_Wall_correction	232	static
