run.c:68:7:MOT_getAcc1	8	static
run.c:73:7:MOT_getAcc3	8	static
run.c:78:6:MOT_goBlock_AccConstDec	64	static
run.c:265:6:MOT_setData_ACC_CONST_DEC	32	static
run.c:296:6:MOT_setData_MOT_ACC_CONST_DEC_CUSTOM	48	static
run.c:331:6:MOT_setData_MOT_ACC_CONST	32	static
run.c:358:6:MOT_setData_MOT_ACC_CONST_CUSTOM	40	static
run.c:387:6:MOT_setData_MOT_CONST_DEC	32	static
run.c:414:6:MOT_setData_MOT_CONST_DEC_CUSTOM	40	static
run.c:443:15:MOT_getStType	72	static
run.c:534:6:MOT_go_FinSpeed	32	static
run.c:577:6:MOT_goBlock_FinSpeed	16	static
run.c:582:6:MOT_goSkewBlock_FinSpeed	16	static
run.c:587:6:MOT_goBlock_Const	136	static
run.c:633:6:testrun	56	static
run.c:648:7:MOT_getAccAngle1	8	static
run.c:654:7:MOT_getAccAngle3	8	static
run.c:660:6:MOT_turn	160	static
run.c:881:6:MOT_setSuraStaSpeed	16	static
run.c:887:7:MOT_getSuraStaSpeed	4	static
run.c:892:7:MOT_setTrgtSpeed	16	static
run.c:898:6:MOT_setNowSpeed	16	static
run.c:903:6:MOT_goHitBackWall	128	static
run.c:954:6:MOT_goSla	152	static
run.c:1210:6:turntable	56	static
run.c:1238:6:MOT_setWallEdgeType	16	static
run.c:1245:22:MOT_getWallEdgeType	4	static
run.c:1250:6:MOT_setWallEdge	16	static
run.c:1256:6:MOT_setWallEdgeDist	16	static
run.c:1278:6:MOT_setWallEdgeDist_LoopWait	8	static
