../Core/Src/hal/run.c:90:7:MOT_getAcc1	8	static
../Core/Src/hal/run.c:95:7:MOT_getAcc3	8	static
../Core/Src/hal/run.c:100:7:MOT_getJerk	8	static
../Core/Src/hal/run.c:105:6:MOT_goBlock_AccConstDec	80	static
../Core/Src/hal/run.c:427:6:MOT_setData_ACC_CONST_DEC	72	static
../Core/Src/hal/run.c:479:6:MOT_setData_MOT_ACC_CONST_DEC_CUSTOM	64	static
../Core/Src/hal/run.c:541:6:MOT_setData_MOT_ACC_CONST	40	static
../Core/Src/hal/run.c:582:6:MOT_setData_MOT_ACC_CONST_CUSTOM	56	static
../Core/Src/hal/run.c:628:6:MOT_setData_MOT_CONST_DEC	56	static
../Core/Src/hal/run.c:670:6:MOT_setData_MOT_CONST_DEC_CUSTOM	64	static
../Core/Src/hal/run.c:716:15:MOT_getStType	96	static
../Core/Src/hal/run.c:857:6:MOT_go_FinSpeed	32	static
../Core/Src/hal/run.c:900:6:MOT_goBlock_FinSpeed	16	static
../Core/Src/hal/run.c:905:6:MOT_goSkewBlock_FinSpeed	16	static
../Core/Src/hal/run.c:910:6:MOT_goBlock_Const	192	static
../Core/Src/hal/run.c:1017:6:testrun	72	static
../Core/Src/hal/run.c:1033:7:MOT_getAccAngle1	8	static
../Core/Src/hal/run.c:1038:7:MOT_getAccAngle3	8	static
../Core/Src/hal/run.c:1043:7:MOT_getJerkAngle	8	static
../Core/Src/hal/run.c:1048:6:MOT_turn	216	static
../Core/Src/hal/run.c:1278:6:MOT_setSuraStaSpeed	16	static
../Core/Src/hal/run.c:1292:7:MOT_getSuraStaSpeed	24	static
../Core/Src/hal/run.c:1308:7:MOT_setTrgtSpeed	16	static
../Core/Src/hal/run.c:1314:6:MOT_setNowSpeed	16	static
../Core/Src/hal/run.c:1319:6:MOT_goHitBackWall	184	static
../Core/Src/hal/run.c:1372:6:MOT_goSla	224	static
../Core/Src/hal/run.c:1647:6:turntable	72	static
../Core/Src/hal/run.c:1677:6:MOT_setWallEdgeType	16	static
../Core/Src/hal/run.c:1684:22:MOT_getWallEdgeType	4	static
../Core/Src/hal/run.c:1689:6:MOT_setWallEdge	16	static
../Core/Src/hal/run.c:1695:6:MOT_setWallEdgeDist	16	static
../Core/Src/hal/run.c:1721:6:MOT_setWallEdgeDist_LoopWait	4	static
../Core/Src/hal/run.c:1735:6:DIST_Front_Wall_correction	184	static
