../Core/Src/hal/run.c:102:7:MOT_getAcc1	8	static
../Core/Src/hal/run.c:107:7:MOT_getAcc3	8	static
../Core/Src/hal/run.c:112:7:MOT_getJerk	8	static
../Core/Src/hal/run.c:117:6:MOT_goBlock_AccConstDec	80	static
../Core/Src/hal/run.c:441:6:MOT_setData_ACC_CONST_DEC	72	static
../Core/Src/hal/run.c:493:6:MOT_setData_MOT_ACC_CONST_DEC_CUSTOM	80	static
../Core/Src/hal/run.c:555:6:MOT_setData_MOT_ACC_CONST	48	static
../Core/Src/hal/run.c:596:6:MOT_setData_MOT_ACC_CONST_CUSTOM	64	static
../Core/Src/hal/run.c:642:6:MOT_setData_MOT_CONST_DEC	64	static
../Core/Src/hal/run.c:684:6:MOT_setData_MOT_CONST_DEC_CUSTOM	72	static
../Core/Src/hal/run.c:730:15:MOT_getStType	128	static
../Core/Src/hal/run.c:871:6:MOT_go_FinSpeed	32	static
../Core/Src/hal/run.c:914:6:MOT_goBlock_FinSpeed	16	static
../Core/Src/hal/run.c:919:6:MOT_goSkewBlock_FinSpeed	16	static
../Core/Src/hal/run.c:924:6:MOT_goBlock_Const	240	static
../Core/Src/hal/run.c:1034:6:testrun	72	static
../Core/Src/hal/run.c:1050:7:MOT_getAccAngle1	8	static
../Core/Src/hal/run.c:1055:7:MOT_getAccAngle3	8	static
../Core/Src/hal/run.c:1060:7:MOT_getJerkAngle	8	static
../Core/Src/hal/run.c:1065:6:MOT_turn	320	static
../Core/Src/hal/run.c:1506:6:MOT_setSuraStaSpeed	16	static
../Core/Src/hal/run.c:1520:7:MOT_getSuraStaSpeed	24	static
../Core/Src/hal/run.c:1536:7:MOT_setTrgtSpeed	16	static
../Core/Src/hal/run.c:1542:6:MOT_setNowSpeed	16	static
../Core/Src/hal/run.c:1547:6:MOT_goHitBackWall	232	static
../Core/Src/hal/run.c:1601:6:MOT_goSla	272	static
../Core/Src/hal/run.c:1885:6:turntable	72	static
../Core/Src/hal/run.c:1917:6:MOT_setWallEdgeType	16	static
../Core/Src/hal/run.c:1924:22:MOT_getWallEdgeType	4	static
../Core/Src/hal/run.c:1929:6:MOT_setWallEdge	16	static
../Core/Src/hal/run.c:1935:6:MOT_setWallEdgeDist	16	static
../Core/Src/hal/run.c:1961:6:MOT_setWallEdgeDist_LoopWait	4	static
../Core/Src/hal/run.c:1975:6:DIST_Front_Wall_correction	232	static
