../Core/Src/hal/run.c:71:7:MOT_getAcc1	8	static
../Core/Src/hal/run.c:76:7:MOT_getAcc3	8	static
../Core/Src/hal/run.c:81:6:MOT_goBlock_AccConstDec	64	static
../Core/Src/hal/run.c:269:6:MOT_setData_ACC_CONST_DEC	48	static
../Core/Src/hal/run.c:300:6:MOT_setData_MOT_ACC_CONST_DEC_CUSTOM	72	static
../Core/Src/hal/run.c:335:6:MOT_setData_MOT_ACC_CONST	40	static
../Core/Src/hal/run.c:362:6:MOT_setData_MOT_ACC_CONST_CUSTOM	40	static
../Core/Src/hal/run.c:391:6:MOT_setData_MOT_CONST_DEC	48	static
../Core/Src/hal/run.c:418:6:MOT_setData_MOT_CONST_DEC_CUSTOM	48	static
../Core/Src/hal/run.c:447:15:MOT_getStType	80	static
../Core/Src/hal/run.c:538:6:MOT_go_FinSpeed	32	static
../Core/Src/hal/run.c:581:6:MOT_goBlock_FinSpeed	16	static
../Core/Src/hal/run.c:586:6:MOT_goSkewBlock_FinSpeed	16	static
../Core/Src/hal/run.c:591:6:MOT_goBlock_Const	136	static
../Core/Src/hal/run.c:692:6:testrun	56	static
../Core/Src/hal/run.c:707:7:MOT_getAccAngle1	8	static
../Core/Src/hal/run.c:713:7:MOT_getAccAngle3	8	static
../Core/Src/hal/run.c:719:6:MOT_turn	152	static
../Core/Src/hal/run.c:941:6:MOT_setSuraStaSpeed	16	static
../Core/Src/hal/run.c:955:7:MOT_getSuraStaSpeed	24	static
../Core/Src/hal/run.c:971:7:MOT_setTrgtSpeed	16	static
../Core/Src/hal/run.c:977:6:MOT_setNowSpeed	16	static
../Core/Src/hal/run.c:982:6:MOT_goHitBackWall	128	static
../Core/Src/hal/run.c:1035:6:MOT_goSla	168	static
../Core/Src/hal/run.c:1297:6:turntable	56	static
../Core/Src/hal/run.c:1325:6:MOT_setWallEdgeType	16	static
../Core/Src/hal/run.c:1332:22:MOT_getWallEdgeType	4	static
../Core/Src/hal/run.c:1337:6:MOT_setWallEdge	16	static
../Core/Src/hal/run.c:1343:6:MOT_setWallEdgeDist	16	static
../Core/Src/hal/run.c:1369:6:MOT_setWallEdgeDist_LoopWait	4	static
../Core/Src/hal/run.c:1383:6:DIST_Front_Wall_correction	128	static
