run.c:68:7:MOT_getAcc1	8	static
run.c:73:7:MOT_getAcc3	8	static
run.c:78:6:MOT_goBlock_AccConstDec	72	static
run.c:270:6:MOT_setData_ACC_CONST_DEC	32	static
run.c:301:6:MOT_setData_MOT_ACC_CONST_DEC_CUSTOM	40	static
run.c:336:6:MOT_setData_MOT_ACC_CONST	32	static
run.c:363:6:MOT_setData_MOT_ACC_CONST_CUSTOM	32	static
run.c:392:6:MOT_setData_MOT_CONST_DEC	32	static
run.c:419:6:MOT_setData_MOT_CONST_DEC_CUSTOM	32	static
run.c:448:15:MOT_getStType	64	static
run.c:539:6:MOT_go_FinSpeed	32	static
run.c:582:6:MOT_goBlock_FinSpeed	16	static
run.c:587:6:MOT_goSkewBlock_FinSpeed	16	static
run.c:592:6:MOT_goBlock_Const	136	static
run.c:637:6:testrun	56	static
run.c:651:7:MOT_getAccAngle1	8	static
run.c:657:7:MOT_getAccAngle3	8	static
run.c:663:6:MOT_turn	160	static
run.c:883:6:MOT_setSuraStaSpeed	16	static
run.c:889:7:MOT_getSuraStaSpeed	4	static
run.c:894:7:MOT_setTrgtSpeed	16	static
run.c:900:6:MOT_setNowSpeed	16	static
run.c:905:6:MOT_goHitBackWall	128	static
run.c:955:6:MOT_goSla	152	static
run.c:1210:6:turntable	56	static
run.c:1237:6:MOT_setWallEdgeType	16	static
run.c:1244:22:MOT_getWallEdgeType	4	static
run.c:1249:6:MOT_setWallEdge	16	static
run.c:1255:6:MOT_setWallEdgeDist	16	static
run.c:1279:6:MOT_setWallEdgeDist_LoopWait	4	static
