../Core/Src/hal/run.c:102:7:MOT_getAcc1	8	static
../Core/Src/hal/run.c:107:7:MOT_getAcc3	8	static
../Core/Src/hal/run.c:112:7:MOT_getJerk	8	static
../Core/Src/hal/run.c:117:6:MOT_goBlock_AccConstDec	80	static
../Core/Src/hal/run.c:441:6:MOT_setData_ACC_CONST_DEC	80	static
../Core/Src/hal/run.c:506:6:MOT_setData_MOT_ACC_CONST_DEC_CUSTOM	112	static
../Core/Src/hal/run.c:589:6:MOT_setData_MOT_ACC_CONST	48	static
../Core/Src/hal/run.c:636:6:MOT_setData_MOT_ACC_CONST_CUSTOM	64	static
../Core/Src/hal/run.c:688:6:MOT_setData_MOT_CONST_DEC	72	static
../Core/Src/hal/run.c:735:6:MOT_setData_MOT_CONST_DEC_CUSTOM	80	static
../Core/Src/hal/run.c:787:15:MOT_getStType	152	static
../Core/Src/hal/run.c:928:6:MOT_go_FinSpeed	32	static
../Core/Src/hal/run.c:970:6:MOT_goBlock_FinSpeed	16	static
../Core/Src/hal/run.c:975:6:MOT_goSkewBlock_FinSpeed	16	static
../Core/Src/hal/run.c:980:6:MOT_goBlock_Const	240	static
../Core/Src/hal/run.c:1090:6:testrun	72	static
../Core/Src/hal/run.c:1106:7:MOT_getAccAngle1	8	static
../Core/Src/hal/run.c:1111:7:MOT_getAccAngle3	8	static
../Core/Src/hal/run.c:1116:7:MOT_getJerkAngle	8	static
../Core/Src/hal/run.c:1121:6:MOT_turn	328	static
../Core/Src/hal/run.c:1562:6:MOT_setSlaStaSpeed	16	static
../Core/Src/hal/run.c:1576:7:MOT_getSlaStaSpeed	24	static
../Core/Src/hal/run.c:1592:7:MOT_setTrgtSpeed	16	static
../Core/Src/hal/run.c:1598:6:MOT_setNowSpeed	16	static
../Core/Src/hal/run.c:1603:6:MOT_goHitBackWall	232	static
../Core/Src/hal/run.c:1657:6:MOT_goSla	272	static
../Core/Src/hal/run.c:2148:6:turntable	72	static
../Core/Src/hal/run.c:2180:6:MOT_setWallEdgeType	16	static
../Core/Src/hal/run.c:2187:22:MOT_getWallEdgeType	4	static
../Core/Src/hal/run.c:2192:6:MOT_setWallEdge	16	static
../Core/Src/hal/run.c:2198:6:MOT_setWallEdgeDist	16	static
../Core/Src/hal/run.c:2224:6:MOT_setWallEdgeDist_LoopWait	4	static
../Core/Src/hal/run.c:2238:6:DIST_Front_Wall_correction	232	static
