Archive member included to satisfy reference by file (symbol)

c:/st/stm32cubeide_1.3.0/stm32cubeide/plugins/com.st.stm32cube.ide.mcu.externaltools.gnu-tools-for-stm32.9-2020-q2-update.win32_2.0.0.202105311346/tools/bin/../lib/gcc/arm-none-eabi/9.3.1/../../../../arm-none-eabi/lib/thumb/v7e-m+fp/hard\libc_nano.a(lib_a-errno.o)
                              ./Core/Src/syscalls.o (__errno)
c:/st/stm32cubeide_1.3.0/stm32cubeide/plugins/com.st.stm32cube.ide.mcu.externaltools.gnu-tools-for-stm32.9-2020-q2-update.win32_2.0.0.202105311346/tools/bin/../lib/gcc/arm-none-eabi/9.3.1/../../../../arm-none-eabi/lib/thumb/v7e-m+fp/hard\libc_nano.a(lib_a-exit.o)
                              c:/st/stm32cubeide_1.3.0/stm32cubeide/plugins/com.st.stm32cube.ide.mcu.externaltools.gnu-tools-for-stm32.9-2020-q2-update.win32_2.0.0.202105311346/tools/bin/../lib/gcc/arm-none-eabi/9.3.1/../../../../arm-none-eabi/lib/thumb/v7e-m+fp/hard/crt0.o (exit)
c:/st/stm32cubeide_1.3.0/stm32cubeide/plugins/com.st.stm32cube.ide.mcu.externaltools.gnu-tools-for-stm32.9-2020-q2-update.win32_2.0.0.202105311346/tools/bin/../lib/gcc/arm-none-eabi/9.3.1/../../../../arm-none-eabi/lib/thumb/v7e-m+fp/hard\libc_nano.a(lib_a-impure.o)
                              c:/st/stm32cubeide_1.3.0/stm32cubeide/plugins/com.st.stm32cube.ide.mcu.externaltools.gnu-tools-for-stm32.9-2020-q2-update.win32_2.0.0.202105311346/tools/bin/../lib/gcc/arm-none-eabi/9.3.1/../../../../arm-none-eabi/lib/thumb/v7e-m+fp/hard\libc_nano.a(lib_a-exit.o) (_global_impure_ptr)
c:/st/stm32cubeide_1.3.0/stm32cubeide/plugins/com.st.stm32cube.ide.mcu.externaltools.gnu-tools-for-stm32.9-2020-q2-update.win32_2.0.0.202105311346/tools/bin/../lib/gcc/arm-none-eabi/9.3.1/../../../../arm-none-eabi/lib/thumb/v7e-m+fp/hard\libc_nano.a(lib_a-init.o)
                              c:/st/stm32cubeide_1.3.0/stm32cubeide/plugins/com.st.stm32cube.ide.mcu.externaltools.gnu-tools-for-stm32.9-2020-q2-update.win32_2.0.0.202105311346/tools/bin/../lib/gcc/arm-none-eabi/9.3.1/../../../../arm-none-eabi/lib/thumb/v7e-m+fp/hard/crt0.o (__libc_init_array)
c:/st/stm32cubeide_1.3.0/stm32cubeide/plugins/com.st.stm32cube.ide.mcu.externaltools.gnu-tools-for-stm32.9-2020-q2-update.win32_2.0.0.202105311346/tools/bin/../lib/gcc/arm-none-eabi/9.3.1/../../../../arm-none-eabi/lib/thumb/v7e-m+fp/hard\libc_nano.a(lib_a-memcpy-stub.o)
                              ./Core/Src/flash.o (memcpy)
c:/st/stm32cubeide_1.3.0/stm32cubeide/plugins/com.st.stm32cube.ide.mcu.externaltools.gnu-tools-for-stm32.9-2020-q2-update.win32_2.0.0.202105311346/tools/bin/../lib/gcc/arm-none-eabi/9.3.1/../../../../arm-none-eabi/lib/thumb/v7e-m+fp/hard\libc_nano.a(lib_a-memset.o)
                              c:/st/stm32cubeide_1.3.0/stm32cubeide/plugins/com.st.stm32cube.ide.mcu.externaltools.gnu-tools-for-stm32.9-2020-q2-update.win32_2.0.0.202105311346/tools/bin/../lib/gcc/arm-none-eabi/9.3.1/../../../../arm-none-eabi/lib/thumb/v7e-m+fp/hard/crt0.o (memset)
c:/st/stm32cubeide_1.3.0/stm32cubeide/plugins/com.st.stm32cube.ide.mcu.externaltools.gnu-tools-for-stm32.9-2020-q2-update.win32_2.0.0.202105311346/tools/bin/../lib/gcc/arm-none-eabi/9.3.1/../../../../arm-none-eabi/lib/thumb/v7e-m+fp/hard\libc_nano.a(lib_a-nano-vfprintf_float.o)
                              (_printf_float)
c:/st/stm32cubeide_1.3.0/stm32cubeide/plugins/com.st.stm32cube.ide.mcu.externaltools.gnu-tools-for-stm32.9-2020-q2-update.win32_2.0.0.202105311346/tools/bin/../lib/gcc/arm-none-eabi/9.3.1/../../../../arm-none-eabi/lib/thumb/v7e-m+fp/hard\libc_nano.a(lib_a-nano-vfprintf_i.o)
                              c:/st/stm32cubeide_1.3.0/stm32cubeide/plugins/com.st.stm32cube.ide.mcu.externaltools.gnu-tools-for-stm32.9-2020-q2-update.win32_2.0.0.202105311346/tools/bin/../lib/gcc/arm-none-eabi/9.3.1/../../../../arm-none-eabi/lib/thumb/v7e-m+fp/hard\libc_nano.a(lib_a-nano-vfprintf_float.o) (_printf_common)
c:/st/stm32cubeide_1.3.0/stm32cubeide/plugins/com.st.stm32cube.ide.mcu.externaltools.gnu-tools-for-stm32.9-2020-q2-update.win32_2.0.0.202105311346/tools/bin/../lib/gcc/arm-none-eabi/9.3.1/../../../../arm-none-eabi/lib/thumb/v7e-m+fp/hard\libc_nano.a(lib_a-nano-vfscanf_float.o)
                              (_scanf_float)
c:/st/stm32cubeide_1.3.0/stm32cubeide/plugins/com.st.stm32cube.ide.mcu.externaltools.gnu-tools-for-stm32.9-2020-q2-update.win32_2.0.0.202105311346/tools/bin/../lib/gcc/arm-none-eabi/9.3.1/../../../../arm-none-eabi/lib/thumb/v7e-m+fp/hard\libc_nano.a(lib_a-printf.o)
                              ./Core/Src/parameter.o (printf)
c:/st/stm32cubeide_1.3.0/stm32cubeide/plugins/com.st.stm32cube.ide.mcu.externaltools.gnu-tools-for-stm32.9-2020-q2-update.win32_2.0.0.202105311346/tools/bin/../lib/gcc/arm-none-eabi/9.3.1/../../../../arm-none-eabi/lib/thumb/v7e-m+fp/hard\libc_nano.a(lib_a-putchar.o)
                              ./Core/Src/queue.o (putchar)
[...]
Memory Configuration

Name             Origin             Length             Attributes
RAM              0x0000000020000000 0x0000000000020000 xrw
FLASH            0x0000000008000000 0x0000000000080000 xr
*default*        0x0000000000000000 0xffffffffffffffff

Linker script and memory map

LOAD c:/st/stm32cubeide_1.3.0/stm32cubeide/plugins/com.st.stm32cube.ide.mcu.externaltools.gnu-tools-for-stm32.9-2020-q2-update.win32_2.0.0.202105311346/tools/bin/../lib/gcc/arm-none-eabi/9.3.1/thumb/v7e-m+fp/hard/crti.o
LOAD c:/st/stm32cubeide_1.3.0/stm32cubeide/plugins/com.st.stm32cube.ide.mcu.externaltools.gnu-tools-for-stm32.9-2020-q2-update.win32_2.0.0.202105311346/tools/bin/../lib/gcc/arm-none-eabi/9.3.1/thumb/v7e-m+fp/hard/crtbegin.o
LOAD c:/st/stm32cubeide_1.3.0/stm32cubeide/plugins/com.st.stm32cube.ide.mcu.externaltools.gnu-tools-for-stm32.9-2020-q2-update.win32_2.0.0.202105311346/tools/bin/../lib/gcc/arm-none-eabi/9.3.1/../../../../arm-none-eabi/lib/thumb/v7e-m+fp/hard/crt0.o
LOAD ./Core/Src/adc.o
LOAD ./Core/Src/dma.o
LOAD ./Core/Src/flash.o
LOAD ./Core/Src/gpio.o
LOAD ./Core/Src/main.o
LOAD ./Core/Src/parameter.o
LOAD ./Core/Src/queue.o
LOAD ./Core/Src/spi.o
LOAD ./Core/Src/stm32g4xx_it.o
LOAD ./Core/Src/syscalls.o
LOAD ./Core/Src/sysmem.o
LOAD ./Core/Src/system_stm32g4xx.o
LOAD ./Core/Src/tim.o
LOAD ./Core/Src/usart.o
LOAD ./Core/Src/hal/CTRL.o
LOAD ./Core/Src/hal/DCM.o
LOAD ./Core/Src/hal/encoder.o
LOAD ./Core/Src/hal/gyro.o
LOAD ./Core/Src/hal/init.o
LOAD ./Core/Src/hal/log.o
LOAD ./Core/Src/hal/mode.o
LOAD ./Core/Src/hal/run.o
LOAD ./Core/Src/hal/sen_batt.o
LOAD ./Core/Src/hal/sen_dist.o
LOAD ./Core/Src/search/map_cmd.o
LOAD ./Core/Src/search/map_flash.o
LOAD ./Core/Src/search/search.o
LOAD ./Core/Startup/startup_stm32g474cetx.o
LOAD ./Drivers/STM32G4xx_HAL_Driver/Src/stm32g4xx_ll_adc.o
LOAD ./Drivers/STM32G4xx_HAL_Driver/Src/stm32g4xx_ll_dma.o
LOAD ./Drivers/STM32G4xx_HAL_Driver/Src/stm32g4xx_ll_exti.o
LOAD ./Drivers/STM32G4xx_HAL_Driver/Src/stm32g4xx_ll_gpio.o
LOAD ./Drivers/STM32G4xx_HAL_Driver/Src/stm32g4xx_ll_pwr.o
LOAD ./Drivers/STM32G4xx_HAL_Driver/Src/stm32g4xx_ll_rcc.o
LOAD ./Drivers/STM32G4xx_HAL_Driver/Src/stm32g4xx_ll_spi.o
LOAD ./Drivers/STM32G4xx_HAL_Driver/Src/stm32g4xx_ll_tim.o
LOAD ./Drivers/STM32G4xx_HAL_Driver/Src/stm32g4xx_ll_usart.o
LOAD ./Drivers/STM32G4xx_HAL_Driver/Src/stm32g4xx_ll_utils.o
LOAD C:\Users\shohe\STM32CubeIDE\hankyo2\hankyo2\libarm_cortexM4lf_math.a
START GROUP
LOAD c:/st/stm32cubeide_1.3.0/stm32cubeide/plugins/com.st.stm32cube.ide.mcu.externaltools.gnu-tools-for-stm32.9-2020-q2-update.win32_2.0.0.202105311346/tools/bin/../lib/gcc/arm-none-eabi/9.3.1/../../../../arm-none-eabi/lib/thumb/v7e-m+fp/hard\libc_nano.a
LOAD c:/st/stm32cubeide_1.3.0/stm32cubeide/plugins/com.st.stm32cube.ide.mcu.externaltools.gnu-tools-for-stm32.9-2020-q2-update.win32_2.0.0.202105311346/tools/bin/../lib/gcc/arm-none-eabi/9.3.1/../../../../arm-none-eabi/lib/thumb/v7e-m+fp/hard\libm.a
END GROUP
START GROUP
LOAD c:/st/stm32cubeide_1.3.0/stm32cubeide/plugins/com.st.stm32cube.ide.mcu.externaltools.gnu-tools-for-stm32.9-2020-q2-update.win32_2.0.0.202105311346/tools/bin/../lib/gcc/arm-none-eabi/9.3.1/thumb/v7e-m+fp/hard\libgcc.a
LOAD c:/st/stm32cubeide_1.3.0/stm32cubeide/plugins/com.st.stm32cube.ide.mcu.externaltools.gnu-tools-for-stm32.9-2020-q2-update.win32_2.0.0.202105311346/tools/bin/../lib/gcc/arm-none-eabi/9.3.1/../../../../arm-none-eabi/lib/thumb/v7e-m+fp/hard\libc_nano.a
END GROUP
START GROUP
LOAD c:/st/stm32cubeide_1.3.0/stm32cubeide/plugins/com.st.stm32cube.ide.mcu.externaltools.gnu-tools-for-stm32.9-2020-q2-update.win32_2.0.0.202105311346/tools/bin/../lib/gcc/arm-none-eabi/9.3.1/thumb/v7e-m+fp/hard\libgcc.a
LOAD c:/st/stm32cubeide_1.3.0/stm32cubeide/plugins/com.st.stm32cube.ide.mcu.externaltools.gnu-tools-for-stm32.9-2020-q2-update.win32_2.0.0.202105311346/tools/bin/../lib/gcc/arm-none-eabi/9.3.1/../../../../arm-none-eabi/lib/thumb/v7e-m+fp/hard\libc_nano.a
LOAD c:/st/stm32cubeide_1.3.0/stm32cubeide/plugins/com.st.stm32cube.ide.mcu.externaltools.gnu-tools-for-stm32.9-2020-q2-update.win32_2.0.0.202105311346/tools/bin/../lib/gcc/arm-none-eabi/9.3.1/../../../../arm-none-eabi/lib/thumb/v7e-m+fp/hard\libnosys.a
END GROUP
START GROUP
LOAD c:/st/stm32cubeide_1.3.0/stm32cubeide/plugins/com.st.stm32cube.ide.mcu.externaltools.gnu-tools-for-stm32.9-2020-q2-update.win32_2.0.0.202105311346/tools/bin/../lib/gcc/arm-none-eabi/9.3.1/thumb/v7e-m+fp/hard\libgcc.a
LOAD c:/st/stm32cubeide_1.3.0/stm32cubeide/plugins/com.st.stm32cube.ide.mcu.externaltools.gnu-tools-for-stm32.9-2020-q2-update.win32_2.0.0.202105311346/tools/bin/../lib/gcc/arm-none-eabi/9.3.1/../../../../arm-none-eabi/lib/thumb/v7e-m+fp/hard\libc_nano.a
LOAD c:/st/stm32cubeide_1.3.0/stm32cubeide/plugins/com.st.stm32cube.ide.mcu.externaltools.gnu-tools-for-stm32.9-2020-q2-update.win32_2.0.0.202105311346/tools/bin/../lib/gcc/arm-none-eabi/9.3.1/../../../../arm-none-eabi/lib/thumb/v7e-m+fp/hard\libnosys.a
END GROUP
LOAD c:/st/stm32cubeide_1.3.0/stm32cubeide/plugins/com.st.stm32cube.ide.mcu.externaltools.gnu-tools-for-stm32.9-2020-q2-update.win32_2.0.0.202105311346/tools/bin/../lib/gcc/arm-none-eabi/9.3.1/thumb/v7e-m+fp/hard/crtend.o
LOAD c:/st/stm32cubeide_1.3.0/stm32cubeide/plugins/com.st.stm32cube.ide.mcu.externaltools.gnu-tools-for-stm32.9-2020-q2-update.win32_2.0.0.202105311346/tools/bin/../lib/gcc/arm-none-eabi/9.3.1/thumb/v7e-m+fp/hard/crtn.o
                0x0000000020020000                _estack = (ORIGIN (RAM) + LENGTH (RAM))
                0x0000000000000200                _Min_Heap_Size = 0x200
                0x0000000000000400                _Min_Stack_Size = 0x400

.isr_vector     0x0000000008000000      0x1d8
                0x0000000008000000                . = ALIGN (0x4)
 *(.isr_vector)
 .isr_vector    0x0000000008000000      0x1d8 ./Core/Startup/startup_stm32g474cetx.o
                0x0000000008000000                g_pfnVectors
                0x00000000080001d8                . = ALIGN (0x4)

.text           0x00000000080001e0    0x18db4
                0x00000000080001e0                . = ALIGN (0x4)
 *(.text)
 .text          0x00000000080001e0       0x40 c:/st/stm32cubeide_1.3.0/stm32cubeide/plugins/com.st.stm32cube.ide.mcu.externaltools.gnu-tools-for-stm32.9-2020-q2-update.win32_2.0.0.202105311346/tools/bin/../lib/gcc/arm-none-eabi/9.3.1/thumb/v7e-m+fp/hard/crtbegin.o
 .text          0x0000000008000220       0x10 c:/st/stm32cubeide_1.3.0/stm32cubeide/plugins/com.st.stm32cube.ide.mcu.externaltools.gnu-tools-for-stm32.9-2020-q2-update.win32_2.0.0.202105311346/tools/bin/../lib/gcc/arm-none-eabi/9.3.1/../../../../arm-none-eabi/lib/thumb/v7e-m+fp/hard\libc_nano.a(lib_a-strlen.o)
                0x0000000008000220                strlen
 .text          0x0000000008000230       0xa0 c:/st/stm32cubeide_1.3.0/stm32cubeide/plugins/com.st.stm32cube.ide.mcu.externaltools.gnu-tools-for-stm32.9-2020-q2-update.win32_2.0.0.202105311346/tools/bin/../lib/gcc/arm-none-eabi/9.3.1/../../../../arm-none-eabi/lib/thumb/v7e-m+fp/hard\libc_nano.a(lib_a-memchr.o)
                0x0000000008000230                memchr
 .text          0x00000000080002d0      0x378 c:/st/stm32cubeide_1.3.0/stm32cubeide/plugins/com.st.stm32cube.ide.mcu.externaltools.gnu-tools-for-stm32.9-2020-q2-update.win32_2.0.0.202105311346/tools/bin/../lib/gcc/arm-none-eabi/9.3.1/thumb/v7e-m+fp/hard\libgcc.a(_arm_addsubdf3.o)
                0x00000000080002d0                __aeabi_drsub
                0x00000000080002d8                __aeabi_dsub
                0x00000000080002d8                __subdf3
                0x00000000080002dc                __aeabi_dadd
                0x00000000080002dc                __adddf3
                0x0000000008000554                __floatunsidf
                0x0000000008000554                __aeabi_ui2d
                0x0000000008000574                __floatsidf
                0x0000000008000574                __aeabi_i2d
                0x0000000008000598                __aeabi_f2d
                0x0000000008000598                __extendsfdf2
                0x00000000080005dc                __floatundidf
                0x00000000080005dc                __aeabi_ul2d
                0x00000000080005ec                __floatdidf
                0x00000000080005ec                __aeabi_l2d
 .text          0x0000000008000648      0x424 c:/st/stm32cubeide_1.3.0/stm32cubeide/plugins/com.st.stm32cube.ide.mcu.externaltools.gnu-tools-for-stm32.9-2020-q2-update.win32_2.0.0.202105311346/tools/bin/../lib/gcc/arm-none-eabi/9.3.1/thumb/v7e-m+fp/hard\libgcc.a(_arm_muldivdf3.o)
                0x0000000008000648                __aeabi_dmul
                0x0000000008000648                __muldf3
                0x000000000800089c                __divdf3
                0x000000000800089c                __aeabi_ddiv
 .text          0x0000000008000a6c      0x110 c:/st/stm32cubeide_1.3.0/stm32cubeide/plugins/com.st.stm32cube.ide.mcu.externaltools.gnu-tools-for-stm32.9-2020-q2-update.win32_2.0.0.202105311346/tools/bin/../lib/gcc/arm-none-eabi/9.3.1/thumb/v7e-m+fp/hard\libgcc.a(_arm_cmpdf2.o)
                0x0000000008000a6c                __gtdf2
                0x0000000008000a6c                __gedf2
                0x0000000008000a74                __ltdf2
                0x0000000008000a74                __ledf2
                0x0000000008000a7c                __nedf2
                0x0000000008000a7c                __eqdf2
                0x0000000008000a7c                __cmpdf2
                0x0000000008000af8                __aeabi_cdrcmple
                0x0000000008000b08                __aeabi_cdcmpeq
                0x0000000008000b08                __aeabi_cdcmple
                0x0000000008000b18                __aeabi_dcmpeq
                0x0000000008000b2c                __aeabi_dcmplt
                0x0000000008000b40                __aeabi_dcmple
                0x0000000008000b54                __aeabi_dcmpge
                0x0000000008000b68                __aeabi_dcmpgt
 .text          0x0000000008000b7c       0x2c c:/st/stm32cubeide_1.3.0/stm32cubeide/plugins/com.st.stm32cube.ide.mcu.externaltools.gnu-tools-for-stm32.9-2020-q2-update.win32_2.0.0.202105311346/tools/bin/../lib/gcc/arm-none-eabi/9.3.1/thumb/v7e-m+fp/hard\libgcc.a(_arm_unorddf2.o)
                0x0000000008000b7c                __unorddf2
                0x0000000008000b7c                __aeabi_dcmpun
 .text          0x0000000008000ba8       0x50 c:/st/stm32cubeide_1.3.0/stm32cubeide/plugins/com.st.stm32cube.ide.mcu.externaltools.gnu-tools-for-stm32.9-2020-q2-update.win32_2.0.0.202105311346/tools/bin/../lib/gcc/arm-none-eabi/9.3.1/thumb/v7e-m+fp/hard\libgcc.a(_arm_fixdfsi.o)
                0x0000000008000ba8                __aeabi_d2iz
                0x0000000008000ba8                __fixdfsi
 .text          0x0000000008000bf8       0x40 c:/st/stm32cubeide_1.3.0/stm32cubeide/plugins/com.st.stm32cube.ide.mcu.externaltools.gnu-tools-for-stm32.9-2020-q2-update.win32_2.0.0.202105311346/tools/bin/../lib/gcc/arm-none-eabi/9.3.1/thumb/v7e-m+fp/hard\libgcc.a(_arm_fixunsdfsi.o)
                0x0000000008000bf8                __aeabi_d2uiz
                0x0000000008000bf8                __fixunsdfsi
 .text          0x0000000008000c38       0xa0 c:/st/stm32cubeide_1.3.0/stm32cubeide/plugins/com.st.stm32cube.ide.mcu.externaltools.gnu-tools-for-stm32.9-2020-q2-update.win32_2.0.0.202105311346/tools/bin/../lib/gcc/arm-none-eabi/9.3.1/thumb/v7e-m+fp/hard\libgcc.a(_arm_truncdfsf2.o)
                0x0000000008000c38                __truncdfsf2
                0x0000000008000c38                __aeabi_d2f
 .text          0x0000000008000cd8       0x30 c:/st/stm32cubeide_1.3.0/stm32cubeide/plugins/com.st.stm32cube.ide.mcu.externaltools.gnu-tools-for-stm32.9-2020-q2-update.win32_2.0.0.202105311346/tools/bin/../lib/gcc/arm-none-eabi/9.3.1/thumb/v7e-m+fp/hard\libgcc.a(_fixdfdi.o)
                0x0000000008000cd8                __fixdfdi
                0x0000000008000cd8                __aeabi_d2lz
 .text          0x0000000008000d08       0x3c c:/st/stm32cubeide_1.3.0/stm32cubeide/plugins/com.st.stm32cube.ide.mcu.externaltools.gnu-tools-for-stm32.9-2020-q2-update.win32_2.0.0.202105311346/tools/bin/../lib/gcc/arm-none-eabi/9.3.1/thumb/v7e-m+fp/hard\libgcc.a(_fixunsdfdi.o)
                0x0000000008000d08                __fixunsdfdi
                0x0000000008000d08                __aeabi_d2ulz
 *(.text*)
 .text.LL_ADC_SetGainCompensation
                0x0000000008000d44       0x4a ./Core/Src/adc.o
 .text.LL_ADC_REG_SetSequencerRanks
                0x0000000008000d8e       0x58 ./Core/Src/adc.o
 .text.LL_ADC_SetChannelSamplingTime
                0x0000000008000de6       0x56 ./Core/Src/adc.o
 .text.LL_ADC_SetChannelSingleDiff
                0x0000000008000e3c       0x48 ./Core/Src/adc.o
 .text.LL_ADC_SetOverSamplingScope
                0x0000000008000e84       0x2a ./Core/Src/adc.o
 .text.LL_ADC_DisableDeepPowerDown
                0x0000000008000eae       0x24 ./Core/Src/adc.o
 .text.LL_ADC_IsDeepPowerDownEnabled
                0x0000000008000ed2       0x28 ./Core/Src/adc.o
 .text.LL_ADC_EnableInternalRegulator
                0x0000000008000efa       0x28 ./Core/Src/adc.o
 .text.LL_ADC_IsInternalRegulatorEnabled
                0x0000000008000f22       0x28 ./Core/Src/adc.o
 .text.LL_ADC_Enable
                0x0000000008000f4a       0x28 ./Core/Src/adc.o
 .text.LL_ADC_Disable
                0x0000000008000f72       0x28 ./Core/Src/adc.o
 .text.LL_ADC_IsEnabled
                0x0000000008000f9a       0x26 ./Core/Src/adc.o
 .text.LL_ADC_StartCalibration
                0x0000000008000fc0       0x32 ./Core/Src/adc.o
 .text.LL_ADC_IsCalibrationOnGoing
                0x0000000008000ff2       0x28 ./Core/Src/adc.o
 .text.LL_ADC_REG_StartConversion
                0x000000000800101a       0x28 ./Core/Src/adc.o
 .text.LL_ADC_REG_ReadConversionData12
                0x0000000008001042       0x1a ./Core/Src/adc.o
 .text.LL_ADC_IsActiveFlag_EOC
                0x000000000800105c       0x26 ./Core/Src/adc.o
 .text.LL_ADC_ClearFlag_EOC
                0x0000000008001082       0x1a ./Core/Src/adc.o
 .text.LL_ADC_ClearFlag_EOS
                0x000000000800109c       0x1a ./Core/Src/adc.o
 *fill*         0x00000000080010b6        0x2 
 .text.LL_AHB2_GRP1_EnableClock
                0x00000000080010b8       0x30 ./Core/Src/adc.o
 .text.MX_ADC1_Init
                0x00000000080010e8      0x244 ./Core/Src/adc.o
                0x00000000080010e8                MX_ADC1_Init
 .text.MX_ADC3_Init
                0x000000000800132c      0x168 ./Core/Src/adc.o
                0x000000000800132c                MX_ADC3_Init
 .text.MX_ADC4_Init
                0x0000000008001494      0x120 ./Core/Src/adc.o
                0x0000000008001494                MX_ADC4_Init
 .text.ADC1_Calibration
                0x00000000080015b4       0x5a ./Core/Src/adc.o
                0x00000000080015b4                ADC1_Calibration
 *fill*         0x000000000800160e        0x2 
 .text.ADC2_Calibration
                0x0000000008001610       0x54 ./Core/Src/adc.o
                0x0000000008001610                ADC2_Calibration
 .text.ADC3_Calibration
                0x0000000008001664       0x54 ./Core/Src/adc.o
                0x0000000008001664                ADC3_Calibration
 .text.ADC4_Calibration
                0x00000000080016b8       0x54 ./Core/Src/adc.o
                0x00000000080016b8                ADC4_Calibration
 .text.ADC4_Start
                0x000000000800170c       0x18 ./Core/Src/adc.o
                0x000000000800170c                ADC4_Start
 .text.ADC3_Start
                0x0000000008001724       0x18 ./Core/Src/adc.o
                0x0000000008001724                ADC3_Start
 .text.ADC2_Start
                0x000000000800173c       0x18 ./Core/Src/adc.o
                0x000000000800173c                ADC2_Start
 .text.ADC1_Start
                0x0000000008001754       0x14 ./Core/Src/adc.o
                0x0000000008001754                ADC1_Start
 .text.GetSensor_FL
                0x0000000008001768       0x30 ./Core/Src/adc.o
                0x0000000008001768                GetSensor_FL
 .text.ADC3_clearEOS
                0x0000000008001798       0x14 ./Core/Src/adc.o
                0x0000000008001798                ADC3_clearEOS
 .text.ADC2_clearEOS
                0x00000000080017ac       0x14 ./Core/Src/adc.o
                0x00000000080017ac                ADC2_clearEOS
 .text.ADC1_clearEOS
                0x00000000080017c0       0x10 ./Core/Src/adc.o
                0x00000000080017c0                ADC1_clearEOS
 .text.GetSensor_SL
                0x00000000080017d0       0x32 ./Core/Src/adc.o
                0x00000000080017d0                GetSensor_SL
 .text.GetSensor_SR
                0x0000000008001802       0x32 ./Core/Src/adc.o
                0x0000000008001802                GetSensor_SR
 .text.GetSensor_FR
                0x0000000008001834       0x32 ./Core/Src/adc.o
                0x0000000008001834                GetSensor_FR
 *fill*         0x0000000008001866        0x2 
 .text.GetBatVal
                0x0000000008001868       0x30 ./Core/Src/adc.o
                0x0000000008001868                GetBatVal
 .text.__NVIC_GetPriorityGrouping
                0x0000000008001898       0x1c ./Core/Src/dma.o
 .text.__NVIC_EnableIRQ
                0x00000000080018b4       0x3c ./Core/Src/dma.o
 .text.__NVIC_SetPriority
                0x00000000080018f0       0x54 ./Core/Src/dma.o
 .text.NVIC_EncodePriority
                0x0000000008001944       0x66 ./Core/Src/dma.o
 *fill*         0x00000000080019aa        0x2 
 .text.LL_AHB1_GRP1_EnableClock
                0x00000000080019ac       0x30 ./Core/Src/dma.o
 .text.MX_DMA_Init
                0x00000000080019dc       0xd4 ./Core/Src/dma.o
                0x00000000080019dc                MX_DMA_Init
 .text.FLASH_Lock
                0x0000000008001ab0       0x20 ./Core/Src/flash.o
 .text.FLASH_Unlock
                0x0000000008001ad0       0x28 ./Core/Src/flash.o
 .text.FLASH_WaitBusy
                0x0000000008001af8       0x24 ./Core/Src/flash.o
                0x0000000008001af8                FLASH_WaitBusy
 .text.FLASH_Erase
                0x0000000008001b1c       0x68 ./Core/Src/flash.o
                0x0000000008001b1c                FLASH_Erase
 .text.FLASH_WriteByte
                0x0000000008001b84       0x70 ./Core/Src/flash.o
                0x0000000008001b84                FLASH_WriteByte
 .text.FLASH_WriteData
                0x0000000008001bf4       0x4c ./Core/Src/flash.o
                0x0000000008001bf4                FLASH_WriteData
 .text.FLASH_ReadData
                0x0000000008001c40       0x20 ./Core/Src/flash.o
                0x0000000008001c40                FLASH_ReadData
 .text.LL_AHB2_GRP1_EnableClock
                0x0000000008001c60       0x30 ./Core/Src/gpio.o
 .text.LL_GPIO_IsInputPinSet
                0x0000000008001c90       0x2a ./Core/Src/gpio.o
 .text.LL_GPIO_SetOutputPin
                0x0000000008001cba       0x1c ./Core/Src/gpio.o
 .text.LL_GPIO_ResetOutputPin
                0x0000000008001cd6       0x1c ./Core/Src/gpio.o
 *fill*         0x0000000008001cf2        0x2 
 .text.MX_GPIO_Init
                0x0000000008001cf4      0x2d4 ./Core/Src/gpio.o
                0x0000000008001cf4                MX_GPIO_Init
 .text.SetLED   0x0000000008001fc8       0xb0 ./Core/Src/gpio.o
                0x0000000008001fc8                SetLED
 .text.SetBatLED
                0x0000000008002078       0x34 ./Core/Src/gpio.o
                0x0000000008002078                SetBatLED
 .text.SW_IsOn_0
                0x00000000080020ac       0x18 ./Core/Src/gpio.o
                0x00000000080020ac                SW_IsOn_0
 .text.SW_IsOn_1
                0x00000000080020c4       0x18 ./Core/Src/gpio.o
                0x00000000080020c4                SW_IsOn_1
 .text.Set_SenFL
                0x00000000080020dc       0x2e ./Core/Src/gpio.o
                0x00000000080020dc                Set_SenFL
 .text.Set_SenSL
                0x000000000800210a       0x2e ./Core/Src/gpio.o
                0x000000000800210a                Set_SenSL
 .text.Set_SenSR
                0x0000000008002138       0x34 ./Core/Src/gpio.o
                0x0000000008002138                Set_SenSR
 .text.Set_SenFR
                0x000000000800216c       0x34 ./Core/Src/gpio.o
                0x000000000800216c                Set_SenFR
 .text.Set_MOT0
                0x00000000080021a0       0x32 ./Core/Src/gpio.o
                0x00000000080021a0                Set_MOT0
 *fill*         0x00000000080021d2        0x2 
 .text.Set_MOT1
                0x00000000080021d4       0x30 ./Core/Src/gpio.o
                0x00000000080021d4                Set_MOT1
 .text.__NVIC_SetPriorityGrouping
                0x0000000008002204       0x48 ./Core/Src/main.o
 .text.LL_RCC_HSI_Enable
                0x000000000800224c       0x20 ./Core/Src/main.o
 .text.LL_RCC_HSI_IsReady
                0x000000000800226c       0x28 ./Core/Src/main.o
 .text.LL_RCC_HSI_SetCalibTrimming
                0x0000000008002294       0x2c ./Core/Src/main.o
 .text.LL_RCC_SetSysClkSource
                0x00000000080022c0       0x28 ./Core/Src/main.o
 .text.LL_RCC_GetSysClkSource
                0x00000000080022e8       0x1c ./Core/Src/main.o
 .text.LL_RCC_SetAHBPrescaler
                0x0000000008002304       0x28 ./Core/Src/main.o
 .text.LL_RCC_SetAPB1Prescaler
                0x000000000800232c       0x28 ./Core/Src/main.o
 .text.LL_RCC_SetAPB2Prescaler
                0x0000000008002354       0x28 ./Core/Src/main.o
 .text.LL_RCC_SetUSARTClockSource
                0x000000000800237c       0x34 ./Core/Src/main.o
 .text.LL_RCC_SetADCClockSource
                0x00000000080023b0       0x48 ./Core/Src/main.o
 .text.LL_RCC_PLL_Enable
                0x00000000080023f8       0x20 ./Core/Src/main.o
 .text.LL_RCC_PLL_IsReady
                0x0000000008002418       0x28 ./Core/Src/main.o
 .text.LL_RCC_PLL_ConfigDomain_SYS
                0x0000000008002440       0x40 ./Core/Src/main.o
 .text.LL_RCC_PLL_EnableDomain_SYS
                0x0000000008002480       0x20 ./Core/Src/main.o
 .text.LL_APB1_GRP1_EnableClock
                0x00000000080024a0       0x30 ./Core/Src/main.o
 .text.LL_APB2_GRP1_EnableClock
                0x00000000080024d0       0x30 ./Core/Src/main.o
 .text.LL_FLASH_SetLatency
                0x0000000008002500       0x28 ./Core/Src/main.o
 .text.LL_FLASH_GetLatency
                0x0000000008002528       0x1c ./Core/Src/main.o
 .text.LL_PWR_EnableRange1BoostMode
                0x0000000008002544       0x24 ./Core/Src/main.o
 .text.LL_PWR_DisableUCPDDeadBattery
                0x0000000008002568       0x20 ./Core/Src/main.o
 .text.__io_putchar
                0x0000000008002588       0x1a ./Core/Src/main.o
                0x0000000008002588                __io_putchar
 *fill*         0x00000000080025a2        0x2 
 .text.main     0x00000000080025a4       0xd8 ./Core/Src/main.o
                0x00000000080025a4                main
 .text.SystemClock_Config
                0x000000000800267c       0xdc ./Core/Src/main.o
                0x000000000800267c                SystemClock_Config
 .text.PARAM_setSpeedType
                0x0000000008002758       0x5c ./Core/Src/parameter.o
                0x0000000008002758                PARAM_setSpeedType
 .text.PARAM_getSpeed
                0x00000000080027b4       0xd8 ./Core/Src/parameter.o
                0x00000000080027b4                PARAM_getSpeed
 *fill*         0x000000000800288c        0x4 
 .text.PARAM_makeSra
                0x0000000008002890      0x780 ./Core/Src/parameter.o
                0x0000000008002890                PARAM_makeSra
 .text.PARAM_getSra
                0x0000000008003010       0x28 ./Core/Src/parameter.o
                0x0000000008003010                PARAM_getSra
 .text.initQueue
                0x0000000008003038       0x60 ./Core/Src/queue.o
                0x0000000008003038                initQueue
 .text.enqueue  0x0000000008003098       0x78 ./Core/Src/queue.o
                0x0000000008003098                enqueue
 .text.dequeue  0x0000000008003110       0xc8 ./Core/Src/queue.o
                0x0000000008003110                dequeue
 .text.LL_DMA_EnableChannel
                0x00000000080031d8       0x44 ./Core/Src/spi.o
 .text.LL_DMA_DisableChannel
                0x000000000800321c       0x44 ./Core/Src/spi.o
 .text.LL_DMA_SetDataTransferDirection
                0x0000000008003260       0x50 ./Core/Src/spi.o
 .text.LL_DMA_SetMode
                0x00000000080032b0       0x4c ./Core/Src/spi.o
 .text.LL_DMA_SetPeriphIncMode
                0x00000000080032fc       0x4c ./Core/Src/spi.o
 .text.LL_DMA_SetMemoryIncMode
                0x0000000008003348       0x4c ./Core/Src/spi.o
 .text.LL_DMA_SetPeriphSize
                0x0000000008003394       0x4c ./Core/Src/spi.o
 .text.LL_DMA_SetMemorySize
                0x00000000080033e0       0x4c ./Core/Src/spi.o
 .text.LL_DMA_SetChannelPriorityLevel
                0x000000000800342c       0x4c ./Core/Src/spi.o
 .text.LL_DMA_SetDataLength
                0x0000000008003478       0x4c ./Core/Src/spi.o
 .text.LL_DMA_ConfigAddresses
                0x00000000080034c4       0x7c ./Core/Src/spi.o
 .text.LL_DMA_SetPeriphRequest
                0x0000000008003540       0x54 ./Core/Src/spi.o
 .text.LL_DMA_EnableIT_TC
                0x0000000008003594       0x44 ./Core/Src/spi.o
 .text.LL_DMA_EnableIT_TE
                0x00000000080035d8       0x44 ./Core/Src/spi.o
 .text.LL_AHB2_GRP1_EnableClock
                0x000000000800361c       0x30 ./Core/Src/spi.o
 .text.LL_APB1_GRP1_EnableClock
                0x000000000800364c       0x30 ./Core/Src/spi.o
 .text.LL_APB2_GRP1_EnableClock
                0x000000000800367c       0x30 ./Core/Src/spi.o
 .text.LL_SPI_Enable
                0x00000000080036ac       0x20 ./Core/Src/spi.o
 .text.LL_SPI_IsEnabled
                0x00000000080036cc       0x26 ./Core/Src/spi.o
 .text.LL_SPI_SetStandard
                0x00000000080036f2       0x26 ./Core/Src/spi.o
 .text.LL_SPI_SetRxFIFOThreshold
                0x0000000008003718       0x26 ./Core/Src/spi.o
 .text.LL_SPI_DisableNSSPulseMgt
                0x000000000800373e       0x20 ./Core/Src/spi.o
 .text.LL_SPI_IsActiveFlag_RXNE
                0x000000000800375e       0x26 ./Core/Src/spi.o
 .text.LL_SPI_EnableDMAReq_RX
                0x0000000008003784       0x20 ./Core/Src/spi.o
 .text.LL_SPI_EnableDMAReq_TX
                0x00000000080037a4       0x20 ./Core/Src/spi.o
 .text.LL_SPI_DMA_GetRegAddr
                0x00000000080037c4       0x18 ./Core/Src/spi.o
 .text.LL_SPI_ReceiveData8
                0x00000000080037dc       0x1a ./Core/Src/spi.o
 .text.LL_GPIO_SetOutputPin
                0x00000000080037f6       0x1c ./Core/Src/spi.o
 .text.LL_GPIO_ResetOutputPin
                0x0000000008003812       0x1c ./Core/Src/spi.o
 *fill*         0x000000000800382e        0x2 
 .text.MX_SPI1_Init
                0x0000000008003830      0x198 ./Core/Src/spi.o
                0x0000000008003830                MX_SPI1_Init
 .text.MX_SPI2_Init
                0x00000000080039c8      0x19c ./Core/Src/spi.o
                0x00000000080039c8                MX_SPI2_Init
 .text.DMA1_Channel1_Init
                0x0000000008003b64       0x24 ./Core/Src/spi.o
                0x0000000008003b64                DMA1_Channel1_Init
 .text.DMA1_Channel2_Init
                0x0000000008003b88       0x24 ./Core/Src/spi.o
                0x0000000008003b88                DMA1_Channel2_Init
 .text.DMA1_Channel3_Init
                0x0000000008003bac       0x24 ./Core/Src/spi.o
                0x0000000008003bac                DMA1_Channel3_Init
 .text.DMA1_Channel4_Init
                0x0000000008003bd0       0x24 ./Core/Src/spi.o
                0x0000000008003bd0                DMA1_Channel4_Init
 .text.SPI1_Start
                0x0000000008003bf4       0x30 ./Core/Src/spi.o
                0x0000000008003bf4                SPI1_Start
 .text.SPI1_DMA_Communication
                0x0000000008003c24       0xac ./Core/Src/spi.o
                0x0000000008003c24                SPI1_DMA_Communication
 .text.SPI1_DMA1_ReceiveComplete_Callback
                0x0000000008003cd0       0x20 ./Core/Src/spi.o
                0x0000000008003cd0                SPI1_DMA1_ReceiveComplete_Callback
 .text.SPI1_DMA1_TransmitComplete_Callback
                0x0000000008003cf0       0x14 ./Core/Src/spi.o
                0x0000000008003cf0                SPI1_DMA1_TransmitComplete_Callback
 .text.Get_SPI1ReciveData
                0x0000000008003d04       0x20 ./Core/Src/spi.o
                0x0000000008003d04                Get_SPI1ReciveData
 .text.SetSPI1TransmitData
                0x0000000008003d24       0x28 ./Core/Src/spi.o
                0x0000000008003d24                SetSPI1TransmitData
 .text.SPI2_Start
                0x0000000008003d4c       0x30 ./Core/Src/spi.o
                0x0000000008003d4c                SPI2_Start
 .text.SPI2_DMA_Communication
                0x0000000008003d7c       0xc4 ./Core/Src/spi.o
                0x0000000008003d7c                SPI2_DMA_Communication
 .text.SPI2_DMA1_ReceiveComplete_Callback
                0x0000000008003e40       0x38 ./Core/Src/spi.o
                0x0000000008003e40                SPI2_DMA1_ReceiveComplete_Callback
 .text.SPI2_DMA1_TransmitComplete_Callback
                0x0000000008003e78       0x14 ./Core/Src/spi.o
                0x0000000008003e78                SPI2_DMA1_TransmitComplete_Callback
 .text.Get_SPI2ReciveData
                0x0000000008003e8c       0x20 ./Core/Src/spi.o
                0x0000000008003e8c                Get_SPI2ReciveData
 .text.SetSPI2TransmitData
                0x0000000008003eac       0x28 ./Core/Src/spi.o
                0x0000000008003eac                SetSPI2TransmitData
 .text.LL_DMA_IsActiveFlag_TC1
                0x0000000008003ed4       0x26 ./Core/Src/stm32g4xx_it.o
 .text.LL_DMA_IsActiveFlag_TC2
                0x0000000008003efa       0x26 ./Core/Src/stm32g4xx_it.o
 .text.LL_DMA_IsActiveFlag_TC3
                0x0000000008003f20       0x28 ./Core/Src/stm32g4xx_it.o
 .text.LL_DMA_IsActiveFlag_TC4
                0x0000000008003f48       0x28 ./Core/Src/stm32g4xx_it.o
 .text.LL_DMA_ClearFlag_GI1
                0x0000000008003f70       0x1a ./Core/Src/stm32g4xx_it.o
 .text.LL_DMA_ClearFlag_GI2
                0x0000000008003f8a       0x1a ./Core/Src/stm32g4xx_it.o
 .text.LL_DMA_ClearFlag_GI3
                0x0000000008003fa4       0x1c ./Core/Src/stm32g4xx_it.o
 .text.LL_DMA_ClearFlag_GI4
                0x0000000008003fc0       0x1c ./Core/Src/stm32g4xx_it.o
 .text.LL_TIM_ClearFlag_UPDATE
                0x0000000008003fdc       0x1c ./Core/Src/stm32g4xx_it.o
 .text.LL_TIM_IsActiveFlag_UPDATE
                0x0000000008003ff8       0x26 ./Core/Src/stm32g4xx_it.o
 .text.NMI_Handler
                0x000000000800401e        0xe ./Core/Src/stm32g4xx_it.o
                0x000000000800401e                NMI_Handler
 .text.HardFault_Handler
                0x000000000800402c        0x6 ./Core/Src/stm32g4xx_it.o
                0x000000000800402c                HardFault_Handler
 .text.MemManage_Handler
                0x0000000008004032        0x6 ./Core/Src/stm32g4xx_it.o
                0x0000000008004032                MemManage_Handler
 .text.BusFault_Handler
                0x0000000008004038        0x6 ./Core/Src/stm32g4xx_it.o
                0x0000000008004038                BusFault_Handler
 .text.UsageFault_Handler
                0x000000000800403e        0x6 ./Core/Src/stm32g4xx_it.o
                0x000000000800403e                UsageFault_Handler
 .text.SVC_Handler
                0x0000000008004044        0xe ./Core/Src/stm32g4xx_it.o
                0x0000000008004044                SVC_Handler
 .text.DebugMon_Handler
                0x0000000008004052        0xe ./Core/Src/stm32g4xx_it.o
                0x0000000008004052                DebugMon_Handler
 .text.PendSV_Handler
                0x0000000008004060        0xe ./Core/Src/stm32g4xx_it.o
                0x0000000008004060                PendSV_Handler
 .text.SysTick_Handler
                0x000000000800406e        0xe ./Core/Src/stm32g4xx_it.o
                0x000000000800406e                SysTick_Handler
 .text.DMA1_Channel1_IRQHandler
                0x000000000800407c       0x24 ./Core/Src/stm32g4xx_it.o
                0x000000000800407c                DMA1_Channel1_IRQHandler
 .text.DMA1_Channel2_IRQHandler
                0x00000000080040a0       0x24 ./Core/Src/stm32g4xx_it.o
                0x00000000080040a0                DMA1_Channel2_IRQHandler
 .text.DMA1_Channel3_IRQHandler
                0x00000000080040c4       0x24 ./Core/Src/stm32g4xx_it.o
                0x00000000080040c4                DMA1_Channel3_IRQHandler
 .text.DMA1_Channel4_IRQHandler
                0x00000000080040e8       0x24 ./Core/Src/stm32g4xx_it.o
                0x00000000080040e8                DMA1_Channel4_IRQHandler
 .text.DMA1_Channel5_IRQHandler
                0x000000000800410c        0xe ./Core/Src/stm32g4xx_it.o
                0x000000000800410c                DMA1_Channel5_IRQHandler
 .text.DMA1_Channel6_IRQHandler
                0x000000000800411a        0xe ./Core/Src/stm32g4xx_it.o
                0x000000000800411a                DMA1_Channel6_IRQHandler
 .text.TIM1_UP_TIM16_IRQHandler
                0x0000000008004128       0x24 ./Core/Src/stm32g4xx_it.o
                0x0000000008004128                TIM1_UP_TIM16_IRQHandler
 .text.TIM4_IRQHandler
                0x000000000800414c       0x88 ./Core/Src/stm32g4xx_it.o
                0x000000000800414c                TIM4_IRQHandler
 .text.TIM5_IRQHandler
                0x00000000080041d4       0x74 ./Core/Src/stm32g4xx_it.o
                0x00000000080041d4                TIM5_IRQHandler
 .text.TIM6_DAC_IRQHandler
                0x0000000008004248       0x28 ./Core/Src/stm32g4xx_it.o
                0x0000000008004248                TIM6_DAC_IRQHandler
 .text._getpid  0x0000000008004270       0x10 ./Core/Src/syscalls.o
                0x0000000008004270                _getpid
 .text._kill    0x0000000008004280       0x20 ./Core/Src/syscalls.o
                0x0000000008004280                _kill
 .text._exit    0x00000000080042a0       0x14 ./Core/Src/syscalls.o
                0x00000000080042a0                _exit
 .text._read    0x00000000080042b4       0x3a ./Core/Src/syscalls.o
                0x00000000080042b4                _read
 .text._write   0x00000000080042ee       0x38 ./Core/Src/syscalls.o
                0x00000000080042ee                _write
 .text._close   0x0000000008004326       0x18 ./Core/Src/syscalls.o
                0x0000000008004326                _close
 .text._fstat   0x000000000800433e       0x20 ./Core/Src/syscalls.o
                0x000000000800433e                _fstat
 .text._isatty  0x000000000800435e       0x16 ./Core/Src/syscalls.o
                0x000000000800435e                _isatty
 .text._lseek   0x0000000008004374       0x1a ./Core/Src/syscalls.o
                0x0000000008004374                _lseek
 *fill*         0x000000000800438e        0x2 
 .text._sbrk    0x0000000008004390       0x6c ./Core/Src/sysmem.o
                0x0000000008004390                _sbrk
 .text.SystemInit
                0x00000000080043fc       0x2c ./Core/Src/system_stm32g4xx.o
                0x00000000080043fc                SystemInit
 .text.__NVIC_GetPriorityGrouping
                0x0000000008004428       0x1c ./Core/Src/tim.o
 .text.__NVIC_EnableIRQ
                0x0000000008004444       0x3c ./Core/Src/tim.o
 .text.__NVIC_SetPriority
                0x0000000008004480       0x54 ./Core/Src/tim.o
 .text.NVIC_EncodePriority
                0x00000000080044d4       0x66 ./Core/Src/tim.o
 *fill*         0x000000000800453a        0x2 
 .text.LL_AHB2_GRP1_EnableClock
                0x000000000800453c       0x30 ./Core/Src/tim.o
 .text.LL_APB1_GRP1_EnableClock
                0x000000000800456c       0x30 ./Core/Src/tim.o
 .text.LL_APB2_GRP1_EnableClock
                0x000000000800459c       0x30 ./Core/Src/tim.o
 .text.LL_TIM_EnableCounter
                0x00000000080045cc       0x20 ./Core/Src/tim.o
 .text.LL_TIM_EnableARRPreload
                0x00000000080045ec       0x20 ./Core/Src/tim.o
 .text.LL_TIM_DisableARRPreload
                0x000000000800460c       0x20 ./Core/Src/tim.o
 .text.LL_TIM_CC_EnableChannel
                0x000000000800462c       0x22 ./Core/Src/tim.o
 *fill*         0x000000000800464e        0x2 
 .text.LL_TIM_OC_DisableFast
                0x0000000008004650       0xb0 ./Core/Src/tim.o
 .text.LL_TIM_OC_EnablePreload
                0x0000000008004700       0xac ./Core/Src/tim.o
 .text.LL_TIM_OC_SetCompareCH2
                0x00000000080047ac       0x1c ./Core/Src/tim.o
 .text.LL_TIM_OC_SetCompareCH3
                0x00000000080047c8       0x1c ./Core/Src/tim.o
 .text.LL_TIM_SetClockSource
                0x00000000080047e4       0x2a ./Core/Src/tim.o
 .text.LL_TIM_SetTriggerOutput
                0x000000000800480e       0x2a ./Core/Src/tim.o
 .text.LL_TIM_SetTriggerOutput2
                0x0000000008004838       0x26 ./Core/Src/tim.o
 .text.LL_TIM_DisableMasterSlaveMode
                0x000000000800485e       0x20 ./Core/Src/tim.o
 .text.LL_TIM_EnableAllOutputs
                0x000000000800487e       0x20 ./Core/Src/tim.o
 .text.LL_TIM_EnableIT_UPDATE
                0x000000000800489e       0x20 ./Core/Src/tim.o
 *fill*         0x00000000080048be        0x2 
 .text.MX_TIM1_Init
                0x00000000080048c0       0xb0 ./Core/Src/tim.o
                0x00000000080048c0                MX_TIM1_Init
 .text.MX_TIM2_Init
                0x0000000008004970       0xe0 ./Core/Src/tim.o
                0x0000000008004970                MX_TIM2_Init
 .text.MX_TIM3_Init
                0x0000000008004a50       0xd8 ./Core/Src/tim.o
                0x0000000008004a50                MX_TIM3_Init
 .text.MX_TIM4_Init
                0x0000000008004b28       0x7c ./Core/Src/tim.o
                0x0000000008004b28                MX_TIM4_Init
 .text.MX_TIM5_Init
                0x0000000008004ba4       0x7c ./Core/Src/tim.o
                0x0000000008004ba4                MX_TIM5_Init
 .text.MX_TIM6_Init
                0x0000000008004c20       0x74 ./Core/Src/tim.o
                0x0000000008004c20                MX_TIM6_Init
 .text.MX_TIM8_Init
                0x0000000008004c94      0x150 ./Core/Src/tim.o
                0x0000000008004c94                MX_TIM8_Init
 .text.TIMER_init
                0x0000000008004de4       0x88 ./Core/Src/tim.o
                0x0000000008004de4                TIMER_init
 .text.Enable_TIM2
                0x0000000008004e6c       0x10 ./Core/Src/tim.o
                0x0000000008004e6c                Enable_TIM2
 .text.Enable_TIM3
                0x0000000008004e7c       0x14 ./Core/Src/tim.o
                0x0000000008004e7c                Enable_TIM3
 .text.Set_DutyTIM2
                0x0000000008004e90       0x7c ./Core/Src/tim.o
                0x0000000008004e90                Set_DutyTIM2
 *fill*         0x0000000008004f0c        0x4 
 .text.Set_DutyTIM3
                0x0000000008004f10       0x80 ./Core/Src/tim.o
                0x0000000008004f10                Set_DutyTIM3
 .text.Set_DutyTIM8
                0x0000000008004f90       0x80 ./Core/Src/tim.o
                0x0000000008004f90                Set_DutyTIM8
 .text.LL_DMA_SetDataTransferDirection
                0x0000000008005010       0x50 ./Core/Src/usart.o
 .text.LL_DMA_SetMode
                0x0000000008005060       0x4c ./Core/Src/usart.o
 .text.LL_DMA_SetPeriphIncMode
                0x00000000080050ac       0x4c ./Core/Src/usart.o
 .text.LL_DMA_SetMemoryIncMode
                0x00000000080050f8       0x4c ./Core/Src/usart.o
 .text.LL_DMA_SetPeriphSize
                0x0000000008005144       0x4c ./Core/Src/usart.o
 .text.LL_DMA_SetMemorySize
                0x0000000008005190       0x4c ./Core/Src/usart.o
 .text.LL_DMA_SetChannelPriorityLevel
                0x00000000080051dc       0x4c ./Core/Src/usart.o
 .text.LL_DMA_SetPeriphRequest
                0x0000000008005228       0x54 ./Core/Src/usart.o
 .text.LL_AHB2_GRP1_EnableClock
                0x000000000800527c       0x30 ./Core/Src/usart.o
 .text.LL_APB2_GRP1_EnableClock
                0x00000000080052ac       0x30 ./Core/Src/usart.o
 .text.LL_USART_Enable
                0x00000000080052dc       0x20 ./Core/Src/usart.o
 .text.LL_USART_DisableFIFO
                0x00000000080052fc       0x20 ./Core/Src/usart.o
 .text.LL_USART_SetTXFIFOThreshold
                0x000000000800531c       0x28 ./Core/Src/usart.o
 .text.LL_USART_SetRXFIFOThreshold
                0x0000000008005344       0x28 ./Core/Src/usart.o
 .text.LL_USART_ConfigAsyncMode
                0x000000000800536c       0x2c ./Core/Src/usart.o
 .text.LL_USART_IsActiveFlag_TXE_TXFNF
                0x0000000008005398       0x26 ./Core/Src/usart.o
 .text.LL_USART_IsActiveFlag_TEACK
                0x00000000080053be       0x28 ./Core/Src/usart.o
 .text.LL_USART_IsActiveFlag_REACK
                0x00000000080053e6       0x28 ./Core/Src/usart.o
 .text.LL_USART_TransmitData8
                0x000000000800540e       0x1e ./Core/Src/usart.o
 .text.MX_USART1_UART_Init
                0x000000000800542c      0x19c ./Core/Src/usart.o
                0x000000000800542c                MX_USART1_UART_Init
 .text.Communication_Initialize
                0x00000000080055c8       0x1c ./Core/Src/usart.o
                0x00000000080055c8                Communication_Initialize
 .text.USART_TransmitByte
                0x00000000080055e4       0x30 ./Core/Src/usart.o
                0x00000000080055e4                USART_TransmitByte
 .text.Get_NowSpeed
                0x0000000008005614       0x1c ./Core/Src/hal/CTRL.o
                0x0000000008005614                Get_NowSpeed
 .text.Get_NowDist
                0x0000000008005630       0x1c ./Core/Src/hal/CTRL.o
                0x0000000008005630                Get_NowDist
 .text.Get_TrgtDist
                0x000000000800564c       0x1c ./Core/Src/hal/CTRL.o
                0x000000000800564c                Get_TrgtDist
 .text.Get_TrgtSpeed
                0x0000000008005668       0x1c ./Core/Src/hal/CTRL.o
                0x0000000008005668                Get_TrgtSpeed
 .text.Set_TrgtSpeed
                0x0000000008005684       0x20 ./Core/Src/hal/CTRL.o
                0x0000000008005684                Set_TrgtSpeed
 .text.Get_NowAngle
                0x00000000080056a4       0x1c ./Core/Src/hal/CTRL.o
                0x00000000080056a4                Get_NowAngle
 .text.Get_TrgtAngle
                0x00000000080056c0       0x1c ./Core/Src/hal/CTRL.o
                0x00000000080056c0                Get_TrgtAngle
 .text.Get_TrgtAngleS
                0x00000000080056dc       0x1c ./Core/Src/hal/CTRL.o
                0x00000000080056dc                Get_TrgtAngleS
 .text.INTC_sys
                0x00000000080056f8       0x64 ./Core/Src/hal/CTRL.o
                0x00000000080056f8                INTC_sys
 .text.CTRL_sta
                0x000000000800575c       0x18 ./Core/Src/hal/CTRL.o
                0x000000000800575c                CTRL_sta
 .text.CTRL_stop
                0x0000000008005774       0x20 ./Core/Src/hal/CTRL.o
                0x0000000008005774                CTRL_stop
 .text.CTRL_clrData
                0x0000000008005794       0x94 ./Core/Src/hal/CTRL.o
                0x0000000008005794                CTRL_clrData
 .text.CTRL_clrNowData
                0x0000000008005828       0x74 ./Core/Src/hal/CTRL.o
                0x0000000008005828                CTRL_clrNowData
 .text.CTRL_setData
                0x000000000800589c       0xbc ./Core/Src/hal/CTRL.o
                0x000000000800589c                CTRL_setData
 .text.CTRL_refNow
                0x0000000008005958      0x134 ./Core/Src/hal/CTRL.o
                0x0000000008005958                CTRL_refNow
 *fill*         0x0000000008005a8c        0x4 
 .text.CTRL_refTarget
                0x0000000008005a90      0xb88 ./Core/Src/hal/CTRL.o
                0x0000000008005a90                CTRL_refTarget
 .text.CTRL_getFF_speed
                0x0000000008006618       0x90 ./Core/Src/hal/CTRL.o
                0x0000000008006618                CTRL_getFF_speed
 .text.CTRL_getFF_angle
                0x00000000080066a8       0xc8 ./Core/Src/hal/CTRL.o
                0x00000000080066a8                CTRL_getFF_angle
 .text.CTRL_getSpeedFB
                0x0000000008006770       0xd8 ./Core/Src/hal/CTRL.o
                0x0000000008006770                CTRL_getSpeedFB
 .text.CTRL_getAngleSpeedFB
                0x0000000008006848      0x138 ./Core/Src/hal/CTRL.o
                0x0000000008006848                CTRL_getAngleSpeedFB
 .text.CTRL_getSenFB
                0x0000000008006980       0xec ./Core/Src/hal/CTRL.o
                0x0000000008006980                CTRL_getSenFB
 *fill*         0x0000000008006a6c        0x4 
 .text.CTRL_getFloorFriction
                0x0000000008006a70      0x390 ./Core/Src/hal/CTRL.o
                0x0000000008006a70                CTRL_getFloorFriction
 .text.CTRL_outMot
                0x0000000008006e00      0x120 ./Core/Src/hal/CTRL.o
                0x0000000008006e00                CTRL_outMot
 .text.CTRL_pol
                0x0000000008006f20      0xc14 ./Core/Src/hal/CTRL.o
                0x0000000008006f20                CTRL_pol
 .text.Failsafe_flag
                0x0000000008007b34       0x18 ./Core/Src/hal/CTRL.o
                0x0000000008007b34                Failsafe_flag
 .text.Failsafe_flag_off
                0x0000000008007b4c       0x18 ./Core/Src/hal/CTRL.o
                0x0000000008007b4c                Failsafe_flag_off
 .text.SYS_isOutOfCtrl
                0x0000000008007b64       0x18 ./Core/Src/hal/CTRL.o
                0x0000000008007b64                SYS_isOutOfCtrl
 .text.DCM_setDirCw
                0x0000000008007b7c       0x26 ./Core/Src/hal/DCM.o
                0x0000000008007b7c                DCM_setDirCw
 .text.DCM_setDirCcw
                0x0000000008007ba2       0x26 ./Core/Src/hal/DCM.o
                0x0000000008007ba2                DCM_setDirCcw
 .text.DCM_brakeMot
                0x0000000008007bc8       0x26 ./Core/Src/hal/DCM.o
                0x0000000008007bc8                DCM_brakeMot
 .text.DCM_staMot
                0x0000000008007bee       0x22 ./Core/Src/hal/DCM.o
                0x0000000008007bee                DCM_staMot
 .text.DCM_staMotAll
                0x0000000008007c10       0x14 ./Core/Src/hal/DCM.o
                0x0000000008007c10                DCM_staMotAll
 .text.DCM_setPwmDuty
                0x0000000008007c24       0x74 ./Core/Src/hal/DCM.o
                0x0000000008007c24                DCM_setPwmDuty
 .text.Get_encoder_value
                0x0000000008007c98       0x30 ./Core/Src/hal/encoder.o
                0x0000000008007c98                Get_encoder_value
 .text.MA702_ReadByte
                0x0000000008007cc8       0x38 ./Core/Src/hal/encoder.o
                0x0000000008007cc8                MA702_ReadByte
 .text.recv_spi_encoder
                0x0000000008007d00       0x1a ./Core/Src/hal/encoder.o
                0x0000000008007d00                recv_spi_encoder
 *fill*         0x0000000008007d1a        0x2 
 .text.Set_encoder_data
                0x0000000008007d1c       0x6c ./Core/Src/hal/encoder.o
                0x0000000008007d1c                Set_encoder_data
 .text.Runmode_check
                0x0000000008007d88       0x84 ./Core/Src/hal/encoder.o
                0x0000000008007d88                Runmode_check
 .text.ENC_GetDiv
                0x0000000008007e0c      0x118 ./Core/Src/hal/encoder.o
                0x0000000008007e0c                ENC_GetDiv
 .text.ENC_setref
                0x0000000008007f24       0x30 ./Core/Src/hal/encoder.o
                0x0000000008007f24                ENC_setref
 .text.ICM_42688_whoami
                0x0000000008007f54       0x34 ./Core/Src/hal/gyro.o
                0x0000000008007f54                ICM_42688_whoami
 .text.ICM_42688_WriteByte
                0x0000000008007f88       0x32 ./Core/Src/hal/gyro.o
                0x0000000008007f88                ICM_42688_WriteByte
 .text.ICM_42688_ReadByte
                0x0000000008007fba       0x3e ./Core/Src/hal/gyro.o
                0x0000000008007fba                ICM_42688_ReadByte
 .text.ICM_42688_init
                0x0000000008007ff8       0x22 ./Core/Src/hal/gyro.o
                0x0000000008007ff8                ICM_42688_init
 .text.ICM_42688_GyroRead_DMA
                0x000000000800801a       0x1c ./Core/Src/hal/gyro.o
                0x000000000800801a                ICM_42688_GyroRead_DMA
 *fill*         0x0000000008008036        0x2 
 .text.ICM_42688_GyroData
                0x0000000008008038       0x2c ./Core/Src/hal/gyro.o
                0x0000000008008038                ICM_42688_GyroData
 .text.GYRO_SetRef
                0x0000000008008064       0x5c ./Core/Src/hal/gyro.o
                0x0000000008008064                GYRO_SetRef
 .text.GYRO_getSpeedErr
                0x00000000080080c0       0x9c ./Core/Src/hal/gyro.o
                0x00000000080080c0                GYRO_getSpeedErr
 .text.GYRO_getNowAngle
                0x000000000800815c       0x1c ./Core/Src/hal/gyro.o
                0x000000000800815c                GYRO_getNowAngle
 .text.GYRO_getRef
                0x0000000008008178       0x20 ./Core/Src/hal/gyro.o
                0x0000000008008178                GYRO_getRef
 .text.GYRO_Pol
                0x0000000008008198       0x68 ./Core/Src/hal/gyro.o
                0x0000000008008198                GYRO_Pol
 .text.GYRO_staErrChkAngle
                0x0000000008008200       0x24 ./Core/Src/hal/gyro.o
                0x0000000008008200                GYRO_staErrChkAngle
 .text.GYRO_endErrChkAngle
                0x0000000008008224       0x24 ./Core/Src/hal/gyro.o
                0x0000000008008224                GYRO_endErrChkAngle
 .text.HAL_init
                0x0000000008008248       0x70 ./Core/Src/hal/init.o
                0x0000000008008248                HAL_init
 .text.TIME_init
                0x00000000080082b8       0x2c ./Core/Src/hal/init.o
                0x00000000080082b8                TIME_init
 .text.log_in2  0x00000000080082e4      0x114 ./Core/Src/hal/log.o
                0x00000000080082e4                log_in2
 .text.log_interrupt
                0x00000000080083f8       0x94 ./Core/Src/hal/log.o
                0x00000000080083f8                log_interrupt
 .text.log_flag_on
                0x000000000800848c       0x18 ./Core/Src/hal/log.o
                0x000000000800848c                log_flag_on
 .text.log_flag_off
                0x00000000080084a4       0x18 ./Core/Src/hal/log.o
                0x00000000080084a4                log_flag_off
 .text.log_read2
                0x00000000080084bc      0x17c ./Core/Src/hal/log.o
                0x00000000080084bc                log_read2
 .text.SYS_start
                0x0000000008008638       0x9c ./Core/Src/hal/mode.o
                0x0000000008008638                SYS_start
 .text.MODE_inc
                0x00000000080086d4       0xe4 ./Core/Src/hal/mode.o
                0x00000000080086d4                MODE_inc
 .text.MODE_exe_m0
                0x00000000080087b8      0x24c ./Core/Src/hal/mode.o
                0x00000000080087b8                MODE_exe_m0
 .text.MODE_exe_m1
                0x0000000008008a04       0xdc ./Core/Src/hal/mode.o
                0x0000000008008a04                MODE_exe_m1
 .text.MODE_exe_m2
                0x0000000008008ae0      0x32c ./Core/Src/hal/mode.o
                0x0000000008008ae0                MODE_exe_m2
 .text.MODE_exe_m3
                0x0000000008008e0c      0x47c ./Core/Src/hal/mode.o
                0x0000000008008e0c                MODE_exe_m3
 .text.MODE_exe
                0x0000000008009288      0x274 ./Core/Src/hal/mode.o
                0x0000000008009288                MODE_exe
 .text.MODE_DistRightCheck
                0x00000000080094fc       0x2e ./Core/Src/hal/mode.o
                0x00000000080094fc                MODE_DistRightCheck
 .text.MODE_DistLeftCheck
                0x000000000800952a       0x2c ./Core/Src/hal/mode.o
                0x000000000800952a                MODE_DistLeftCheck
 .text.MODE_setWaitCheck
                0x0000000008009556       0x54 ./Core/Src/hal/mode.o
                0x0000000008009556                MODE_setWaitCheck
 .text.MODE_CheckExe
                0x00000000080095aa       0x50 ./Core/Src/hal/mode.o
                0x00000000080095aa                MODE_CheckExe
 .text.MOT_getAcc1
                0x00000000080095fa       0x18 ./Core/Src/hal/run.o
                0x00000000080095fa                MOT_getAcc1
 .text.MOT_getAcc3
                0x0000000008009612       0x18 ./Core/Src/hal/run.o
                0x0000000008009612                MOT_getAcc3
 *fill*         0x000000000800962a        0x2 
 .text.MOT_goBlock_AccConstDec
                0x000000000800962c      0x3f8 ./Core/Src/hal/run.o
                0x000000000800962c                MOT_goBlock_AccConstDec
 .text.MOT_setData_ACC_CONST_DEC
                0x0000000008009a24      0x100 ./Core/Src/hal/run.o
                0x0000000008009a24                MOT_setData_ACC_CONST_DEC
 *fill*         0x0000000008009b24        0x4 
 .text.MOT_setData_MOT_ACC_CONST_DEC_CUSTOM
                0x0000000008009b28      0x210 ./Core/Src/hal/run.o
                0x0000000008009b28                MOT_setData_MOT_ACC_CONST_DEC_CUSTOM
 .text.MOT_setData_MOT_ACC_CONST
                0x0000000008009d38       0xb0 ./Core/Src/hal/run.o
                0x0000000008009d38                MOT_setData_MOT_ACC_CONST
 .text.MOT_setData_MOT_ACC_CONST_CUSTOM
                0x0000000008009de8      0x118 ./Core/Src/hal/run.o
                0x0000000008009de8                MOT_setData_MOT_ACC_CONST_CUSTOM
 .text.MOT_setData_MOT_CONST_DEC
                0x0000000008009f00       0xbc ./Core/Src/hal/run.o
                0x0000000008009f00                MOT_setData_MOT_CONST_DEC
 *fill*         0x0000000008009fbc        0x4 
 .text.MOT_setData_MOT_CONST_DEC_CUSTOM
                0x0000000008009fc0      0x128 ./Core/Src/hal/run.o
                0x0000000008009fc0                MOT_setData_MOT_CONST_DEC_CUSTOM
 .text.MOT_getStType
                0x000000000800a0e8      0x2a0 ./Core/Src/hal/run.o
                0x000000000800a0e8                MOT_getStType
 .text.MOT_go_FinSpeed
                0x000000000800a388      0x120 ./Core/Src/hal/run.o
                0x000000000800a388                MOT_go_FinSpeed
 .text.MOT_goBlock_FinSpeed
                0x000000000800a4a8       0x24 ./Core/Src/hal/run.o
                0x000000000800a4a8                MOT_goBlock_FinSpeed
 .text.MOT_goSkewBlock_FinSpeed
                0x000000000800a4cc       0x24 ./Core/Src/hal/run.o
                0x000000000800a4cc                MOT_goSkewBlock_FinSpeed
 .text.MOT_goBlock_Const
                0x000000000800a4f0       0xcc ./Core/Src/hal/run.o
                0x000000000800a4f0                MOT_goBlock_Const
 .text.MOT_getAccAngle1
                0x000000000800a5bc       0x18 ./Core/Src/hal/run.o
                0x000000000800a5bc                MOT_getAccAngle1
 .text.MOT_getAccAngle3
                0x000000000800a5d4       0x18 ./Core/Src/hal/run.o
                0x000000000800a5d4                MOT_getAccAngle3
 *fill*         0x000000000800a5ec        0x4 
 .text.MOT_turn
                0x000000000800a5f0      0x5e4 ./Core/Src/hal/run.o
                0x000000000800a5f0                MOT_turn
 .text.MOT_setSuraStaSpeed
                0x000000000800abd4       0x20 ./Core/Src/hal/run.o
                0x000000000800abd4                MOT_setSuraStaSpeed
 .text.MOT_getSuraStaSpeed
                0x000000000800abf4       0x1c ./Core/Src/hal/run.o
                0x000000000800abf4                MOT_getSuraStaSpeed
 .text.MOT_setTrgtSpeed
                0x000000000800ac10       0x2c ./Core/Src/hal/run.o
                0x000000000800ac10                MOT_setTrgtSpeed
 .text.MOT_setNowSpeed
                0x000000000800ac3c       0x20 ./Core/Src/hal/run.o
                0x000000000800ac3c                MOT_setNowSpeed
 .text.MOT_goHitBackWall
                0x000000000800ac5c       0xa0 ./Core/Src/hal/run.o
                0x000000000800ac5c                MOT_goHitBackWall
 *fill*         0x000000000800acfc        0x4 
 .text.MOT_goSla
                0x000000000800ad00      0x7c4 ./Core/Src/hal/run.o
                0x000000000800ad00                MOT_goSla
 .text.MOT_setWallEdgeType
                0x000000000800b4c4       0x2c ./Core/Src/hal/run.o
                0x000000000800b4c4                MOT_setWallEdgeType
 .text.MOT_getWallEdgeType
                0x000000000800b4f0       0x18 ./Core/Src/hal/run.o
                0x000000000800b4f0                MOT_getWallEdgeType
 .text.MOT_setWallEdge
                0x000000000800b508       0x20 ./Core/Src/hal/run.o
                0x000000000800b508                MOT_setWallEdge
 .text.MOT_setWallEdgeDist
                0x000000000800b528       0x74 ./Core/Src/hal/run.o
                0x000000000800b528                MOT_setWallEdgeDist
 .text.MOT_setWallEdgeDist_LoopWait
                0x000000000800b59c       0x34 ./Core/Src/hal/run.o
                0x000000000800b59c                MOT_setWallEdgeDist_LoopWait
 .text.BAT_Pol  0x000000000800b5d0       0xcc ./Core/Src/hal/sen_batt.o
                0x000000000800b5d0                BAT_Pol
 *fill*         0x000000000800b69c        0x4 
 .text.get_battLv
                0x000000000800b6a0       0x94 ./Core/Src/hal/sen_batt.o
                0x000000000800b6a0                get_battLv
 .text.DIST_init
                0x000000000800b734       0x94 ./Core/Src/hal/sen_dist.o
                0x000000000800b734                DIST_init
 .text.DIST_getNowVal
                0x000000000800b7c8       0x2c ./Core/Src/hal/sen_dist.o
                0x000000000800b7c8                DIST_getNowVal
 *fill*         0x000000000800b7f4        0x4 
 .text.DIST_getErr
                0x000000000800b7f8      0x32c ./Core/Src/hal/sen_dist.o
                0x000000000800b7f8                DIST_getErr
 .text.DIST_getErrSkew
                0x000000000800bb24       0xa4 ./Core/Src/hal/sen_dist.o
                0x000000000800bb24                DIST_getErrSkew
 .text.DIST_Pol_FL
                0x000000000800bbc8       0x70 ./Core/Src/hal/sen_dist.o
                0x000000000800bbc8                DIST_Pol_FL
 .text.DIST_Pol_FR
                0x000000000800bc38       0x70 ./Core/Src/hal/sen_dist.o
                0x000000000800bc38                DIST_Pol_FR
 .text.DIST_Pol_SL
                0x000000000800bca8       0x70 ./Core/Src/hal/sen_dist.o
                0x000000000800bca8                DIST_Pol_SL
 .text.DIST_Pol_SR
                0x000000000800bd18       0x6c ./Core/Src/hal/sen_dist.o
                0x000000000800bd18                DIST_Pol_SR
 .text.Get_Sen_Nowdata
                0x000000000800bd84       0x34 ./Core/Src/hal/sen_dist.o
                0x000000000800bd84                Get_Sen_Nowdata
 .text.DIST_isWall_FRONT
                0x000000000800bdb8       0x38 ./Core/Src/hal/sen_dist.o
                0x000000000800bdb8                DIST_isWall_FRONT
 .text.DIST_isWall_R_SIDE
                0x000000000800bdf0       0x2c ./Core/Src/hal/sen_dist.o
                0x000000000800bdf0                DIST_isWall_R_SIDE
 .text.DIST_isWall_L_SIDE
                0x000000000800be1c       0x2c ./Core/Src/hal/sen_dist.o
                0x000000000800be1c                DIST_isWall_L_SIDE
 .text.MAP_refPos
                0x000000000800be48      0x620 ./Core/Src/search/map_cmd.o
                0x000000000800be48                MAP_refPos
 .text.MAP_setWallCut
                0x000000000800c468      0x8d0 ./Core/Src/search/map_cmd.o
                0x000000000800c468                MAP_setWallCut
 .text.MAP_setCmdPos
                0x000000000800cd38       0x54 ./Core/Src/search/map_cmd.o
                0x000000000800cd38                MAP_setCmdPos
 .text.MAP_showCmdLog
                0x000000000800cd8c       0xa0 ./Core/Src/search/map_cmd.o
                0x000000000800cd8c                MAP_showCmdLog
 .text.MAP_makeCmdList
                0x000000000800ce2c      0x4b0 ./Core/Src/search/map_cmd.o
                0x000000000800ce2c                MAP_makeCmdList
 .text.MAP_makeSuraCmdList
                0x000000000800d2dc      0x2d4 ./Core/Src/search/map_cmd.o
                0x000000000800d2dc                MAP_makeSuraCmdList
 .text.MAP_makeSkewCmdList
                0x000000000800d5b0      0xf54 ./Core/Src/search/map_cmd.o
                0x000000000800d5b0                MAP_makeSkewCmdList
 .text.MAP_drive
                0x000000000800e504      0x66c ./Core/Src/search/map_cmd.o
                0x000000000800e504                MAP_drive
 .text.MAP_searchCmdList
                0x000000000800eb70      0x438 ./Core/Src/search/map_cmd.o
                0x000000000800eb70                MAP_searchCmdList
 .text.FLASH_Lock
                0x000000000800efa8       0x20 ./Core/Src/search/map_flash.o
 .text.FLASH_Unlock
                0x000000000800efc8       0x28 ./Core/Src/search/map_flash.o
 .text.map_write
                0x000000000800eff0       0x28 ./Core/Src/search/map_flash.o
                0x000000000800eff0                map_write
 .text.map_copy
                0x000000000800f018       0x4c ./Core/Src/search/map_flash.o
                0x000000000800f018                map_copy
 .text.map_erase
                0x000000000800f064       0x16 ./Core/Src/search/map_flash.o
                0x000000000800f064                map_erase
 *fill*         0x000000000800f07a        0x2 
 .text.MAP_init
                0x000000000800f07c       0x40 ./Core/Src/search/search.o
                0x000000000800f07c                MAP_init
 .text.MAP_Goal_init
                0x000000000800f0bc       0x24 ./Core/Src/search/search.o
                0x000000000800f0bc                MAP_Goal_init
 .text.MAP_setPos
                0x000000000800f0e0       0x44 ./Core/Src/search/search.o
                0x000000000800f0e0                MAP_setPos
 .text.MAP_showLog
                0x000000000800f124      0x198 ./Core/Src/search/search.o
                0x000000000800f124                MAP_showLog
 .text.MAP_clearMap
                0x000000000800f2bc       0xd8 ./Core/Src/search/search.o
                0x000000000800f2bc                MAP_clearMap
 .text.MAP_getWallData
                0x000000000800f394       0xac ./Core/Src/search/search.o
                0x000000000800f394                MAP_getWallData
 .text.MAP_makeMapData
                0x000000000800f440      0x1ac ./Core/Src/search/search.o
                0x000000000800f440                MAP_makeMapData
 .text.setStep  0x000000000800f5ec       0x5c ./Core/Src/search/search.o
                0x000000000800f5ec                setStep
 .text.MAP_makeContourMap_kai2
                0x000000000800f648      0x344 ./Core/Src/search/search.o
                0x000000000800f648                MAP_makeContourMap_kai2
 .text.MAP_makeContourMap_run
                0x000000000800f98c      0x3cc ./Core/Src/search/search.o
                0x000000000800f98c                MAP_makeContourMap_run
 .text.MAP_calcMouseDir
                0x000000000800fd58      0x218 ./Core/Src/search/search.o
                0x000000000800fd58                MAP_calcMouseDir
 .text.MAP_refMousePos
                0x000000000800ff70       0x78 ./Core/Src/search/search.o
                0x000000000800ff70                MAP_refMousePos
 .text.MAP_moveNextBlock
                0x000000000800ffe8      0x164 ./Core/Src/search/search.o
                0x000000000800ffe8                MAP_moveNextBlock
 .text.MAP_moveNextBlock_Sura
                0x000000000801014c      0x51c ./Core/Src/search/search.o
                0x000000000801014c                MAP_moveNextBlock_Sura
 .text.MAP_actGoal
                0x0000000008010668       0x4c ./Core/Src/search/search.o
                0x0000000008010668                MAP_actGoal
 .text.MAP_actGoalLED
                0x00000000080106b4       0x6c ./Core/Src/search/search.o
                0x00000000080106b4                MAP_actGoalLED
 .text.MAP_Goalsize
                0x0000000008010720       0x68 ./Core/Src/search/search.o
                0x0000000008010720                MAP_Goalsize
 .text.MAP_makeReturnContourMap
                0x0000000008010788      0x324 ./Core/Src/search/search.o
                0x0000000008010788                MAP_makeReturnContourMap
 .text.MAP_KnownAcc
                0x0000000008010aac       0xe8 ./Core/Src/search/search.o
                0x0000000008010aac                MAP_KnownAcc
 .text.MAP_moveNextBlock_acc
                0x0000000008010b94      0x620 ./Core/Src/search/search.o
                0x0000000008010b94                MAP_moveNextBlock_acc
 .text.MAP_searchGoal
                0x00000000080111b4      0x2b0 ./Core/Src/search/search.o
                0x00000000080111b4                MAP_searchGoal
 .text.MAP_searchGoalKnown
                0x0000000008011464      0x2d0 ./Core/Src/search/search.o
                0x0000000008011464                MAP_searchGoalKnown
 .text.Reset_Handler
                0x0000000008011734       0x50 ./Core/Startup/startup_stm32g474cetx.o
                0x0000000008011734                Reset_Handler
 .text.Default_Handler
                0x0000000008011784        0x2 ./Core/Startup/startup_stm32g474cetx.o
                0x0000000008011784                RTC_Alarm_IRQHandler
                0x0000000008011784                EXTI2_IRQHandler
                0x0000000008011784                TIM8_TRG_COM_IRQHandler
                0x0000000008011784                TIM8_CC_IRQHandler
                0x0000000008011784                HRTIM1_Master_IRQHandler
                0x0000000008011784                SPI4_IRQHandler
                0x0000000008011784                FDCAN3_IT0_IRQHandler
                0x0000000008011784                TIM1_CC_IRQHandler
                0x0000000008011784                HRTIM1_FLT_IRQHandler
                0x0000000008011784                HRTIM1_TIMF_IRQHandler
                0x0000000008011784                USB_HP_IRQHandler
                0x0000000008011784                CORDIC_IRQHandler
                0x0000000008011784                HRTIM1_TIMD_IRQHandler
                0x0000000008011784                DMA2_Channel8_IRQHandler
                0x0000000008011784                EXTI3_IRQHandler
                0x0000000008011784                I2C3_ER_IRQHandler
                0x0000000008011784                EXTI0_IRQHandler
                0x0000000008011784                I2C2_EV_IRQHandler
                0x0000000008011784                FPU_IRQHandler
                0x0000000008011784                FDCAN1_IT1_IRQHandler
                0x0000000008011784                ADC1_2_IRQHandler
                0x0000000008011784                HRTIM1_TIME_IRQHandler
                0x0000000008011784                SPI1_IRQHandler
                0x0000000008011784                HRTIM1_TIMC_IRQHandler
                0x0000000008011784                TIM8_UP_IRQHandler
                0x0000000008011784                DMA2_Channel2_IRQHandler
                0x0000000008011784                TIM20_TRG_COM_IRQHandler
                0x0000000008011784                USART3_IRQHandler
                0x0000000008011784                DMA1_Channel7_IRQHandler
                0x0000000008011784                UART5_IRQHandler
                0x0000000008011784                ADC3_IRQHandler
                0x0000000008011784                DMA2_Channel1_IRQHandler
                0x0000000008011784                QUADSPI_IRQHandler
                0x0000000008011784                I2C1_EV_IRQHandler
                0x0000000008011784                UART4_IRQHandler
                0x0000000008011784                DMA2_Channel4_IRQHandler
                0x0000000008011784                TIM3_IRQHandler
                0x0000000008011784                RCC_IRQHandler
                0x0000000008011784                TIM20_UP_IRQHandler
                0x0000000008011784                Default_Handler
                0x0000000008011784                DMA2_Channel7_IRQHandler
                0x0000000008011784                RTC_TAMP_LSECSS_IRQHandler
                0x0000000008011784                FMAC_IRQHandler
                0x0000000008011784                EXTI15_10_IRQHandler
                0x0000000008011784                DMA1_Channel8_IRQHandler
                0x0000000008011784                HRTIM1_TIMA_IRQHandler
                0x0000000008011784                TIM7_DAC_IRQHandler
                0x0000000008011784                FDCAN3_IT1_IRQHandler
                0x0000000008011784                UCPD1_IRQHandler
                0x0000000008011784                I2C3_EV_IRQHandler
                0x0000000008011784                EXTI9_5_IRQHandler
                0x0000000008011784                RTC_WKUP_IRQHandler
                0x0000000008011784                PVD_PVM_IRQHandler
                0x0000000008011784                SPI2_IRQHandler
                0x0000000008011784                ADC5_IRQHandler
                0x0000000008011784                DMA2_Channel5_IRQHandler
                0x0000000008011784                CRS_IRQHandler
                0x0000000008011784                USB_LP_IRQHandler
                0x0000000008011784                EXTI4_IRQHandler
                0x0000000008011784                RNG_IRQHandler
                0x0000000008011784                HRTIM1_TIMB_IRQHandler
                0x0000000008011784                TIM1_TRG_COM_TIM17_IRQHandler
                0x0000000008011784                FDCAN2_IT1_IRQHandler
                0x0000000008011784                ADC4_IRQHandler
                0x0000000008011784                WWDG_IRQHandler
                0x0000000008011784                I2C4_EV_IRQHandler
                0x0000000008011784                FDCAN2_IT0_IRQHandler
                0x0000000008011784                LPUART1_IRQHandler
                0x0000000008011784                DMA2_Channel6_IRQHandler
                0x0000000008011784                FDCAN1_IT0_IRQHandler
                0x0000000008011784                TIM2_IRQHandler
                0x0000000008011784                COMP7_IRQHandler
                0x0000000008011784                COMP1_2_3_IRQHandler
                0x0000000008011784                EXTI1_IRQHandler
                0x0000000008011784                USART2_IRQHandler
                0x0000000008011784                COMP4_5_6_IRQHandler
                0x0000000008011784                TIM20_BRK_IRQHandler
                0x0000000008011784                I2C2_ER_IRQHandler
                0x0000000008011784                TIM8_BRK_IRQHandler
                0x0000000008011784                FLASH_IRQHandler
                0x0000000008011784                TIM20_CC_IRQHandler
                0x0000000008011784                USART1_IRQHandler
                0x0000000008011784                SPI3_IRQHandler
                0x0000000008011784                I2C1_ER_IRQHandler
                0x0000000008011784                FMC_IRQHandler
                0x0000000008011784                LPTIM1_IRQHandler
                0x0000000008011784                DMAMUX_OVR_IRQHandler
                0x0000000008011784                I2C4_ER_IRQHandler
                0x0000000008011784                USBWakeUp_IRQHandler
                0x0000000008011784                SAI1_IRQHandler
                0x0000000008011784                DMA2_Channel3_IRQHandler
                0x0000000008011784                TIM1_BRK_TIM15_IRQHandler
 .text.LL_ADC_REG_SetSequencerLength
                0x0000000008011786       0x26 ./Drivers/STM32G4xx_HAL_Driver/Src/stm32g4xx_ll_adc.o
 .text.LL_ADC_IsEnabled
                0x00000000080117ac       0x26 ./Drivers/STM32G4xx_HAL_Driver/Src/stm32g4xx_ll_adc.o
 *fill*         0x00000000080117d2        0x2 
 .text.LL_ADC_CommonInit
                0x00000000080117d4       0xc8 ./Drivers/STM32G4xx_HAL_Driver/Src/stm32g4xx_ll_adc.o
                0x00000000080117d4                LL_ADC_CommonInit
 .text.LL_ADC_Init
                0x000000000801189c       0x4c ./Drivers/STM32G4xx_HAL_Driver/Src/stm32g4xx_ll_adc.o
                0x000000000801189c                LL_ADC_Init
 .text.LL_ADC_REG_Init
                0x00000000080118e8       0x94 ./Drivers/STM32G4xx_HAL_Driver/Src/stm32g4xx_ll_adc.o
                0x00000000080118e8                LL_ADC_REG_Init
 .text.LL_GPIO_SetPinMode
                0x000000000801197c       0x7a ./Drivers/STM32G4xx_HAL_Driver/Src/stm32g4xx_ll_gpio.o
 .text.LL_GPIO_SetPinOutputType
                0x00000000080119f6       0x30 ./Drivers/STM32G4xx_HAL_Driver/Src/stm32g4xx_ll_gpio.o
 .text.LL_GPIO_SetPinSpeed
                0x0000000008011a26       0x7a ./Drivers/STM32G4xx_HAL_Driver/Src/stm32g4xx_ll_gpio.o
 .text.LL_GPIO_SetPinPull
                0x0000000008011aa0       0x7a ./Drivers/STM32G4xx_HAL_Driver/Src/stm32g4xx_ll_gpio.o
 .text.LL_GPIO_SetAFPin_0_7
                0x0000000008011b1a       0x7a ./Drivers/STM32G4xx_HAL_Driver/Src/stm32g4xx_ll_gpio.o
 .text.LL_GPIO_SetAFPin_8_15
                0x0000000008011b94       0x7e ./Drivers/STM32G4xx_HAL_Driver/Src/stm32g4xx_ll_gpio.o
 .text.LL_GPIO_Init
                0x0000000008011c12       0xdc ./Drivers/STM32G4xx_HAL_Driver/Src/stm32g4xx_ll_gpio.o
                0x0000000008011c12                LL_GPIO_Init
 *fill*         0x0000000008011cee        0x2 
 .text.LL_RCC_HSI_IsReady
                0x0000000008011cf0       0x28 ./Drivers/STM32G4xx_HAL_Driver/Src/stm32g4xx_ll_rcc.o
 .text.LL_RCC_LSE_IsReady
                0x0000000008011d18       0x28 ./Drivers/STM32G4xx_HAL_Driver/Src/stm32g4xx_ll_rcc.o
 .text.LL_RCC_GetSysClkSource
                0x0000000008011d40       0x1c ./Drivers/STM32G4xx_HAL_Driver/Src/stm32g4xx_ll_rcc.o
 .text.LL_RCC_GetAHBPrescaler
                0x0000000008011d5c       0x1c ./Drivers/STM32G4xx_HAL_Driver/Src/stm32g4xx_ll_rcc.o
 .text.LL_RCC_GetAPB1Prescaler
                0x0000000008011d78       0x1c ./Drivers/STM32G4xx_HAL_Driver/Src/stm32g4xx_ll_rcc.o
 .text.LL_RCC_GetAPB2Prescaler
                0x0000000008011d94       0x1c ./Drivers/STM32G4xx_HAL_Driver/Src/stm32g4xx_ll_rcc.o
 .text.LL_RCC_GetUSARTClockSource
                0x0000000008011db0       0x28 ./Drivers/STM32G4xx_HAL_Driver/Src/stm32g4xx_ll_rcc.o
 .text.LL_RCC_GetUARTClockSource
                0x0000000008011dd8       0x28 ./Drivers/STM32G4xx_HAL_Driver/Src/stm32g4xx_ll_rcc.o
 .text.LL_RCC_PLL_GetMainSource
                0x0000000008011e00       0x1c ./Drivers/STM32G4xx_HAL_Driver/Src/stm32g4xx_ll_rcc.o
 .text.LL_RCC_PLL_GetN
                0x0000000008011e1c       0x1c ./Drivers/STM32G4xx_HAL_Driver/Src/stm32g4xx_ll_rcc.o
 .text.LL_RCC_PLL_GetR
                0x0000000008011e38       0x1c ./Drivers/STM32G4xx_HAL_Driver/Src/stm32g4xx_ll_rcc.o
 .text.LL_RCC_PLL_GetDivider
                0x0000000008011e54       0x1c ./Drivers/STM32G4xx_HAL_Driver/Src/stm32g4xx_ll_rcc.o
 .text.LL_RCC_GetUSARTClockFreq
                0x0000000008011e70      0x18c ./Drivers/STM32G4xx_HAL_Driver/Src/stm32g4xx_ll_rcc.o
                0x0000000008011e70                LL_RCC_GetUSARTClockFreq
 .text.LL_RCC_GetUARTClockFreq
                0x0000000008011ffc      0x114 ./Drivers/STM32G4xx_HAL_Driver/Src/stm32g4xx_ll_rcc.o
                0x0000000008011ffc                LL_RCC_GetUARTClockFreq
 .text.RCC_GetSystemClockFreq
                0x0000000008012110       0x4c ./Drivers/STM32G4xx_HAL_Driver/Src/stm32g4xx_ll_rcc.o
                0x0000000008012110                RCC_GetSystemClockFreq
 .text.RCC_GetHCLKClockFreq
                0x000000000801215c       0x30 ./Drivers/STM32G4xx_HAL_Driver/Src/stm32g4xx_ll_rcc.o
                0x000000000801215c                RCC_GetHCLKClockFreq
 .text.RCC_GetPCLK1ClockFreq
                0x000000000801218c       0x2c ./Drivers/STM32G4xx_HAL_Driver/Src/stm32g4xx_ll_rcc.o
                0x000000000801218c                RCC_GetPCLK1ClockFreq
 .text.RCC_GetPCLK2ClockFreq
                0x00000000080121b8       0x2c ./Drivers/STM32G4xx_HAL_Driver/Src/stm32g4xx_ll_rcc.o
                0x00000000080121b8                RCC_GetPCLK2ClockFreq
 .text.RCC_PLL_GetFreqDomain_SYS
                0x00000000080121e4       0x68 ./Drivers/STM32G4xx_HAL_Driver/Src/stm32g4xx_ll_rcc.o
                0x00000000080121e4                RCC_PLL_GetFreqDomain_SYS
 .text.LL_SPI_IsEnabled
                0x000000000801224c       0x26 ./Drivers/STM32G4xx_HAL_Driver/Src/stm32g4xx_ll_spi.o
 .text.LL_SPI_SetCRCPolynomial
                0x0000000008012272       0x20 ./Drivers/STM32G4xx_HAL_Driver/Src/stm32g4xx_ll_spi.o
 .text.LL_SPI_Init
                0x0000000008012292       0xa8 ./Drivers/STM32G4xx_HAL_Driver/Src/stm32g4xx_ll_spi.o
                0x0000000008012292                LL_SPI_Init
 .text.LL_TIM_SetPrescaler
                0x000000000801233a       0x1c ./Drivers/STM32G4xx_HAL_Driver/Src/stm32g4xx_ll_tim.o
 .text.LL_TIM_SetAutoReload
                0x0000000008012356       0x1c ./Drivers/STM32G4xx_HAL_Driver/Src/stm32g4xx_ll_tim.o
 .text.LL_TIM_SetRepetitionCounter
                0x0000000008012372       0x1c ./Drivers/STM32G4xx_HAL_Driver/Src/stm32g4xx_ll_tim.o
 .text.LL_TIM_OC_SetCompareCH1
                0x000000000801238e       0x1c ./Drivers/STM32G4xx_HAL_Driver/Src/stm32g4xx_ll_tim.o
 .text.LL_TIM_OC_SetCompareCH2
                0x00000000080123aa       0x1c ./Drivers/STM32G4xx_HAL_Driver/Src/stm32g4xx_ll_tim.o
 .text.LL_TIM_OC_SetCompareCH3
                0x00000000080123c6       0x1c ./Drivers/STM32G4xx_HAL_Driver/Src/stm32g4xx_ll_tim.o
 .text.LL_TIM_OC_SetCompareCH4
                0x00000000080123e2       0x1c ./Drivers/STM32G4xx_HAL_Driver/Src/stm32g4xx_ll_tim.o
 .text.LL_TIM_OC_SetCompareCH5
                0x00000000080123fe       0x20 ./Drivers/STM32G4xx_HAL_Driver/Src/stm32g4xx_ll_tim.o
 .text.LL_TIM_OC_SetCompareCH6
                0x000000000801241e       0x1c ./Drivers/STM32G4xx_HAL_Driver/Src/stm32g4xx_ll_tim.o
 .text.LL_TIM_GenerateEvent_UPDATE
                0x000000000801243a       0x20 ./Drivers/STM32G4xx_HAL_Driver/Src/stm32g4xx_ll_tim.o
 *fill*         0x000000000801245a        0x2 
 .text.LL_TIM_Init
                0x000000000801245c      0x144 ./Drivers/STM32G4xx_HAL_Driver/Src/stm32g4xx_ll_tim.o
                0x000000000801245c                LL_TIM_Init
 .text.LL_TIM_OC_Init
                0x00000000080125a0       0xbe ./Drivers/STM32G4xx_HAL_Driver/Src/stm32g4xx_ll_tim.o
                0x00000000080125a0                LL_TIM_OC_Init
 *fill*         0x000000000801265e        0x2 
 .text.LL_TIM_BDTR_Init
                0x0000000008012660      0x124 ./Drivers/STM32G4xx_HAL_Driver/Src/stm32g4xx_ll_tim.o
                0x0000000008012660                LL_TIM_BDTR_Init
 .text.OC1Config
                0x0000000008012784      0x10c ./Drivers/STM32G4xx_HAL_Driver/Src/stm32g4xx_ll_tim.o
 .text.OC2Config
                0x0000000008012890      0x114 ./Drivers/STM32G4xx_HAL_Driver/Src/stm32g4xx_ll_tim.o
 .text.OC3Config
                0x00000000080129a4      0x114 ./Drivers/STM32G4xx_HAL_Driver/Src/stm32g4xx_ll_tim.o
 .text.OC4Config
                0x0000000008012ab8      0x114 ./Drivers/STM32G4xx_HAL_Driver/Src/stm32g4xx_ll_tim.o
 .text.OC5Config
                0x0000000008012bcc       0xd4 ./Drivers/STM32G4xx_HAL_Driver/Src/stm32g4xx_ll_tim.o
 .text.OC6Config
                0x0000000008012ca0       0xd4 ./Drivers/STM32G4xx_HAL_Driver/Src/stm32g4xx_ll_tim.o
 .text.LL_USART_IsEnabled
                0x0000000008012d74       0x26 ./Drivers/STM32G4xx_HAL_Driver/Src/stm32g4xx_ll_usart.o
 .text.LL_USART_SetPrescaler
                0x0000000008012d9a       0x28 ./Drivers/STM32G4xx_HAL_Driver/Src/stm32g4xx_ll_usart.o
 .text.LL_USART_SetStopBitsLength
                0x0000000008012dc2       0x26 ./Drivers/STM32G4xx_HAL_Driver/Src/stm32g4xx_ll_usart.o
 .text.LL_USART_SetHWFlowCtrl
                0x0000000008012de8       0x26 ./Drivers/STM32G4xx_HAL_Driver/Src/stm32g4xx_ll_usart.o
 *fill*         0x0000000008012e0e        0x2 
 .text.LL_USART_SetBaudRate
                0x0000000008012e10       0xa0 ./Drivers/STM32G4xx_HAL_Driver/Src/stm32g4xx_ll_usart.o
 .text.LL_USART_Init
                0x0000000008012eb0      0x10c ./Drivers/STM32G4xx_HAL_Driver/Src/stm32g4xx_ll_usart.o
                0x0000000008012eb0                LL_USART_Init
 .text.LL_InitTick
                0x0000000008012fbc       0x34 ./Drivers/STM32G4xx_HAL_Driver/Src/stm32g4xx_ll_utils.o
 .text.LL_Init1msTick
                0x0000000008012ff0       0x1a ./Drivers/STM32G4xx_HAL_Driver/Src/stm32g4xx_ll_utils.o
                0x0000000008012ff0                LL_Init1msTick
 *fill*         0x000000000801300a        0x2 
 .text.LL_mDelay
                0x000000000801300c       0x50 ./Drivers/STM32G4xx_HAL_Driver/Src/stm32g4xx_ll_utils.o
                0x000000000801300c                LL_mDelay
 .text.LL_SetSystemCoreClock
                0x000000000801305c       0x20 ./Drivers/STM32G4xx_HAL_Driver/Src/stm32g4xx_ll_utils.o
                0x000000000801305c                LL_SetSystemCoreClock
 .text.__errno  0x000000000801307c        0xc c:/st/stm32cubeide_1.3.0/stm32cubeide/plugins/com.st.stm32cube.ide.mcu.externaltools.gnu-tools-for-stm32.9-2020-q2-update.win32_2.0.0.202105311346/tools/bin/../lib/gcc/arm-none-eabi/9.3.1/../../../../arm-none-eabi/lib/thumb/v7e-m+fp/hard\libc_nano.a(lib_a-errno.o)
                0x000000000801307c                __errno
 .text.__libc_init_array
                0x0000000008013088       0x48 c:/st/stm32cubeide_1.3.0/stm32cubeide/plugins/com.st.stm32cube.ide.mcu.externaltools.gnu-tools-for-stm32.9-2020-q2-update.win32_2.0.0.202105311346/tools/bin/../lib/gcc/arm-none-eabi/9.3.1/../../../../arm-none-eabi/lib/thumb/v7e-m+fp/hard\libc_nano.a(lib_a-init.o)
                0x0000000008013088                __libc_init_array
 .text.memcpy   0x00000000080130d0       0x1c c:/st/stm32cubeide_1.3.0/stm32cubeide/plugins/com.st.stm32cube.ide.mcu.externaltools.gnu-tools-for-stm32.9-2020-q2-update.win32_2.0.0.202105311346/tools/bin/../lib/gcc/arm-none-eabi/9.3.1/../../../../arm-none-eabi/lib/thumb/v7e-m+fp/hard\libc_nano.a(lib_a-memcpy-stub.o)
                0x00000000080130d0                memcpy
 .text.memset   0x00000000080130ec       0x10 c:/st/stm32cubeide_1.3.0/stm32cubeide/plugins/com.st.stm32cube.ide.mcu.externaltools.gnu-tools-for-stm32.9-2020-q2-update.win32_2.0.0.202105311346/tools/bin/../lib/gcc/arm-none-eabi/9.3.1/../../../../arm-none-eabi/lib/thumb/v7e-m+fp/hard\libc_nano.a(lib_a-memset.o)
                0x00000000080130ec                memset
 .text.__cvt    0x00000000080130fc       0xc4 c:/st/stm32cubeide_1.3.0/stm32cubeide/plugins/com.st.stm32cube.ide.mcu.externaltools.gnu-tools-for-stm32.9-2020-q2-update.win32_2.0.0.202105311346/tools/bin/../lib/gcc/arm-none-eabi/9.3.1/../../../../arm-none-eabi/lib/thumb/v7e-m+fp/hard\libc_nano.a(lib_a-nano-vfprintf_float.o)
                0x00000000080130fc                __cvt
 .text.__exponent
                0x00000000080131c0       0x7c c:/st/stm32cubeide_1.3.0/stm32cubeide/plugins/com.st.stm32cube.ide.mcu.externaltools.gnu-tools-for-stm32.9-2020-q2-update.win32_2.0.0.202105311346/tools/bin/../lib/gcc/arm-none-eabi/9.3.1/../../../../arm-none-eabi/lib/thumb/v7e-m+fp/hard\libc_nano.a(lib_a-nano-vfprintf_float.o)
                0x00000000080131c0                __exponent
 .text._printf_float
                0x000000000801323c      0x46c c:/st/stm32cubeide_1.3.0/stm32cubeide/plugins/com.st.stm32cube.ide.mcu.externaltools.gnu-tools-for-stm32.9-2020-q2-update.win32_2.0.0.202105311346/tools/bin/../lib/gcc/arm-none-eabi/9.3.1/../../../../arm-none-eabi/lib/thumb/v7e-m+fp/hard\libc_nano.a(lib_a-nano-vfprintf_float.o)
                0x000000000801323c                _printf_float
 .text._printf_common
                0x00000000080136a8       0xda c:/st/stm32cubeide_1.3.0/stm32cubeide/plugins/com.st.stm32cube.ide.mcu.externaltools.gnu-tools-for-stm32.9-2020-q2-update.win32_2.0.0.202105311346/tools/bin/../lib/gcc/arm-none-eabi/9.3.1/../../../../arm-none-eabi/lib/thumb/v7e-m+fp/hard\libc_nano.a(lib_a-nano-vfprintf_i.o)
                0x00000000080136a8                _printf_common
 *fill*         0x0000000008013782        0x2 
 .text._printf_i
                0x0000000008013784      0x24c c:/st/stm32cubeide_1.3.0/stm32cubeide/plugins/com.st.stm32cube.ide.mcu.externaltools.gnu-tools-for-stm32.9-2020-q2-update.win32_2.0.0.202105311346/tools/bin/../lib/gcc/arm-none-eabi/9.3.1/../../../../arm-none-eabi/lib/thumb/v7e-m+fp/hard\libc_nano.a(lib_a-nano-vfprintf_i.o)
                0x0000000008013784                _printf_i
 .text._scanf_float
                0x00000000080139d0      0x420 c:/st/stm32cubeide_1.3.0/stm32cubeide/plugins/com.st.stm32cube.ide.mcu.externaltools.gnu-tools-for-stm32.9-2020-q2-update.win32_2.0.0.202105311346/tools/bin/../lib/gcc/arm-none-eabi/9.3.1/../../../../arm-none-eabi/lib/thumb/v7e-m+fp/hard\libc_nano.a(lib_a-nano-vfscanf_float.o)
                0x00000000080139d0                _scanf_float
 .text.printf   0x0000000008013df0       0x30 c:/st/stm32cubeide_1.3.0/stm32cubeide/plugins/com.st.stm32cube.ide.mcu.externaltools.gnu-tools-for-stm32.9-2020-q2-update.win32_2.0.0.202105311346/tools/bin/../lib/gcc/arm-none-eabi/9.3.1/../../../../arm-none-eabi/lib/thumb/v7e-m+fp/hard\libc_nano.a(lib_a-printf.o)
                0x0000000008013df0                iprintf
                0x0000000008013df0                printf
 .text.putchar  0x0000000008013e20       0x2c c:/st/stm32cubeide_1.3.0/stm32cubeide/plugins/com.st.stm32cube.ide.mcu.externaltools.gnu-tools-for-stm32.9-2020-q2-update.win32_2.0.0.202105311346/tools/bin/../lib/gcc/arm-none-eabi/9.3.1/../../../../arm-none-eabi/lib/thumb/v7e-m+fp/hard\libc_nano.a(lib_a-putchar.o)
                0x0000000008013e20                putchar
 .text._puts_r  0x0000000008013e4c       0xdc c:/st/stm32cubeide_1.3.0/stm32cubeide/plugins/com.st.stm32cube.ide.mcu.externaltools.gnu-tools-for-stm32.9-2020-q2-update.win32_2.0.0.202105311346/tools/bin/../lib/gcc/arm-none-eabi/9.3.1/../../../../arm-none-eabi/lib/thumb/v7e-m+fp/hard\libc_nano.a(lib_a-puts.o)
                0x0000000008013e4c                _puts_r
 .text.puts     0x0000000008013f28       0x10 c:/st/stm32cubeide_1.3.0/stm32cubeide/plugins/com.st.stm32cube.ide.mcu.externaltools.gnu-tools-for-stm32.9-2020-q2-update.win32_2.0.0.202105311346/tools/bin/../lib/gcc/arm-none-eabi/9.3.1/../../../../arm-none-eabi/lib/thumb/v7e-m+fp/hard\libc_nano.a(lib_a-puts.o)
                0x0000000008013f28                puts
 .text.setbuf   0x0000000008013f38       0x10 c:/st/stm32cubeide_1.3.0/stm32cubeide/plugins/com.st.stm32cube.ide.mcu.externaltools.gnu-tools-for-stm32.9-2020-q2-update.win32_2.0.0.202105311346/tools/bin/../lib/gcc/arm-none-eabi/9.3.1/../../../../arm-none-eabi/lib/thumb/v7e-m+fp/hard\libc_nano.a(lib_a-setbuf.o)
                0x0000000008013f38                setbuf
 .text.setvbuf  0x0000000008013f48      0x18c c:/st/stm32cubeide_1.3.0/stm32cubeide/plugins/com.st.stm32cube.ide.mcu.externaltools.gnu-tools-for-stm32.9-2020-q2-update.win32_2.0.0.202105311346/tools/bin/../lib/gcc/arm-none-eabi/9.3.1/../../../../arm-none-eabi/lib/thumb/v7e-m+fp/hard\libc_nano.a(lib_a-setvbuf.o)
                0x0000000008013f48                setvbuf
 .text.nanf     0x00000000080140d4        0xc c:/st/stm32cubeide_1.3.0/stm32cubeide/plugins/com.st.stm32cube.ide.mcu.externaltools.gnu-tools-for-stm32.9-2020-q2-update.win32_2.0.0.202105311346/tools/bin/../lib/gcc/arm-none-eabi/9.3.1/../../../../arm-none-eabi/lib/thumb/v7e-m+fp/hard\libc_nano.a(lib_a-sf_nan.o)
                0x00000000080140d4                nanf
 .text.sprintf  0x00000000080140e0       0x40 c:/st/stm32cubeide_1.3.0/stm32cubeide/plugins/com.st.stm32cube.ide.mcu.externaltools.gnu-tools-for-stm32.9-2020-q2-update.win32_2.0.0.202105311346/tools/bin/../lib/gcc/arm-none-eabi/9.3.1/../../../../arm-none-eabi/lib/thumb/v7e-m+fp/hard\libc_nano.a(lib_a-sprintf.o)
                0x00000000080140e0                siprintf
                0x00000000080140e0                sprintf
 .text.sulp     0x0000000008014120       0x38 c:/st/stm32cubeide_1.3.0/stm32cubeide/plugins/com.st.stm32cube.ide.mcu.externaltools.gnu-tools-for-stm32.9-2020-q2-update.win32_2.0.0.202105311346/tools/bin/../lib/gcc/arm-none-eabi/9.3.1/../../../../arm-none-eabi/lib/thumb/v7e-m+fp/hard\libc_nano.a(lib_a-strtod.o)
 .text._strtod_l
                0x0000000008014158      0xc14 c:/st/stm32cubeide_1.3.0/stm32cubeide/plugins/com.st.stm32cube.ide.mcu.externaltools.gnu-tools-for-stm32.9-2020-q2-update.win32_2.0.0.202105311346/tools/bin/../lib/gcc/arm-none-eabi/9.3.1/../../../../arm-none-eabi/lib/thumb/v7e-m+fp/hard\libc_nano.a(lib_a-strtod.o)
                0x0000000008014158                _strtod_l
 .text._strtod_r
                0x0000000008014d6c        0xc c:/st/stm32cubeide_1.3.0/stm32cubeide/plugins/com.st.stm32cube.ide.mcu.externaltools.gnu-tools-for-stm32.9-2020-q2-update.win32_2.0.0.202105311346/tools/bin/../lib/gcc/arm-none-eabi/9.3.1/../../../../arm-none-eabi/lib/thumb/v7e-m+fp/hard\libc_nano.a(lib_a-strtod.o)
                0x0000000008014d6c                _strtod_r
 .text._strtol_l.isra.0
                0x0000000008014d78      0x108 c:/st/stm32cubeide_1.3.0/stm32cubeide/plugins/com.st.stm32cube.ide.mcu.externaltools.gnu-tools-for-stm32.9-2020-q2-update.win32_2.0.0.202105311346/tools/bin/../lib/gcc/arm-none-eabi/9.3.1/../../../../arm-none-eabi/lib/thumb/v7e-m+fp/hard\libc_nano.a(lib_a-strtol.o)
 .text._strtol_r
                0x0000000008014e80        0x4 c:/st/stm32cubeide_1.3.0/stm32cubeide/plugins/com.st.stm32cube.ide.mcu.externaltools.gnu-tools-for-stm32.9-2020-q2-update.win32_2.0.0.202105311346/tools/bin/../lib/gcc/arm-none-eabi/9.3.1/../../../../arm-none-eabi/lib/thumb/v7e-m+fp/hard\libc_nano.a(lib_a-strtol.o)
                0x0000000008014e80                _strtol_r
 .text.__swbuf_r
                0x0000000008014e84       0xa4 c:/st/stm32cubeide_1.3.0/stm32cubeide/plugins/com.st.stm32cube.ide.mcu.externaltools.gnu-tools-for-stm32.9-2020-q2-update.win32_2.0.0.202105311346/tools/bin/../lib/gcc/arm-none-eabi/9.3.1/../../../../arm-none-eabi/lib/thumb/v7e-m+fp/hard\libc_nano.a(lib_a-wbuf.o)
                0x0000000008014e84                __swbuf_r
 .text.__swsetup_r
                0x0000000008014f28       0xdc c:/st/stm32cubeide_1.3.0/stm32cubeide/plugins/com.st.stm32cube.ide.mcu.externaltools.gnu-tools-for-stm32.9-2020-q2-update.win32_2.0.0.202105311346/tools/bin/../lib/gcc/arm-none-eabi/9.3.1/../../../../arm-none-eabi/lib/thumb/v7e-m+fp/hard\libc_nano.a(lib_a-wsetup.o)
                0x0000000008014f28                __swsetup_r
 .text.quorem   0x0000000008015004      0x116 c:/st/stm32cubeide_1.3.0/stm32cubeide/plugins/com.st.stm32cube.ide.mcu.externaltools.gnu-tools-for-stm32.9-2020-q2-update.win32_2.0.0.202105311346/tools/bin/../lib/gcc/arm-none-eabi/9.3.1/../../../../arm-none-eabi/lib/thumb/v7e-m+fp/hard\libc_nano.a(lib_a-dtoa.o)
 *fill*         0x000000000801511a        0x6 
 .text._dtoa_r  0x0000000008015120      0xbd8 c:/st/stm32cubeide_1.3.0/stm32cubeide/plugins/com.st.stm32cube.ide.mcu.externaltools.gnu-tools-for-stm32.9-2020-q2-update.win32_2.0.0.202105311346/tools/bin/../lib/gcc/arm-none-eabi/9.3.1/../../../../arm-none-eabi/lib/thumb/v7e-m+fp/hard\libc_nano.a(lib_a-dtoa.o)
                0x0000000008015120                _dtoa_r
 .text.__sflush_r
                0x0000000008015cf8      0x10c c:/st/stm32cubeide_1.3.0/stm32cubeide/plugins/com.st.stm32cube.ide.mcu.externaltools.gnu-tools-for-stm32.9-2020-q2-update.win32_2.0.0.202105311346/tools/bin/../lib/gcc/arm-none-eabi/9.3.1/../../../../arm-none-eabi/lib/thumb/v7e-m+fp/hard\libc_nano.a(lib_a-fflush.o)
                0x0000000008015cf8                __sflush_r
 .text._fflush_r
                0x0000000008015e04       0x78 c:/st/stm32cubeide_1.3.0/stm32cubeide/plugins/com.st.stm32cube.ide.mcu.externaltools.gnu-tools-for-stm32.9-2020-q2-update.win32_2.0.0.202105311346/tools/bin/../lib/gcc/arm-none-eabi/9.3.1/../../../../arm-none-eabi/lib/thumb/v7e-m+fp/hard\libc_nano.a(lib_a-fflush.o)
                0x0000000008015e04                _fflush_r