Archive member included to satisfy reference by file (symbol)

c:/st/stm32cubeide_1.4.0/stm32cubeide/plugins/com.st.stm32cube.ide.mcu.externaltools.gnu-tools-for-stm32.10.3-2021.10.win32_1.0.0.202111181127/tools/bin/../lib/gcc/arm-none-eabi/10.3.1/../../../../arm-none-eabi/lib/thumb/v7e-m+fp/hard\libc_nano.a(lib_a-errno.o)
                              ./Core/Src/syscalls.o (__errno)
c:/st/stm32cubeide_1.4.0/stm32cubeide/plugins/com.st.stm32cube.ide.mcu.externaltools.gnu-tools-for-stm32.10.3-2021.10.win32_1.0.0.202111181127/tools/bin/../lib/gcc/arm-none-eabi/10.3.1/../../../../arm-none-eabi/lib/thumb/v7e-m+fp/hard\libc_nano.a(lib_a-exit.o)
                              c:/st/stm32cubeide_1.4.0/stm32cubeide/plugins/com.st.stm32cube.ide.mcu.externaltools.gnu-tools-for-stm32.10.3-2021.10.win32_1.0.0.202111181127/tools/bin/../lib/gcc/arm-none-eabi/10.3.1/../../../../arm-none-eabi/lib/thumb/v7e-m+fp/hard/crt0.o (exit)
c:/st/stm32cubeide_1.4.0/stm32cubeide/plugins/com.st.stm32cube.ide.mcu.externaltools.gnu-tools-for-stm32.10.3-2021.10.win32_1.0.0.202111181127/tools/bin/../lib/gcc/arm-none-eabi/10.3.1/../../../../arm-none-eabi/lib/thumb/v7e-m+fp/hard\libc_nano.a(lib_a-impure.o)
                              c:/st/stm32cubeide_1.4.0/stm32cubeide/plugins/com.st.stm32cube.ide.mcu.externaltools.gnu-tools-for-stm32.10.3-2021.10.win32_1.0.0.202111181127/tools/bin/../lib/gcc/arm-none-eabi/10.3.1/../../../../arm-none-eabi/lib/thumb/v7e-m+fp/hard\libc_nano.a(lib_a-exit.o) (_global_impure_ptr)
c:/st/stm32cubeide_1.4.0/stm32cubeide/plugins/com.st.stm32cube.ide.mcu.externaltools.gnu-tools-for-stm32.10.3-2021.10.win32_1.0.0.202111181127/tools/bin/../lib/gcc/arm-none-eabi/10.3.1/../../../../arm-none-eabi/lib/thumb/v7e-m+fp/hard\libc_nano.a(lib_a-init.o)
                              c:/st/stm32cubeide_1.4.0/stm32cubeide/plugins/com.st.stm32cube.ide.mcu.externaltools.gnu-tools-for-stm32.10.3-2021.10.win32_1.0.0.202111181127/tools/bin/../lib/gcc/arm-none-eabi/10.3.1/../../../../arm-none-eabi/lib/thumb/v7e-m+fp/hard/crt0.o (__libc_init_array)
c:/st/stm32cubeide_1.4.0/stm32cubeide/plugins/com.st.stm32cube.ide.mcu.externaltools.gnu-tools-for-stm32.10.3-2021.10.win32_1.0.0.202111181127/tools/bin/../lib/gcc/arm-none-eabi/10.3.1/../../../../arm-none-eabi/lib/thumb/v7e-m+fp/hard\libc_nano.a(lib_a-memcpy-stub.o)
                              ./Core/Src/flash.o (memcpy)
c:/st/stm32cubeide_1.4.0/stm32cubeide/plugins/com.st.stm32cube.ide.mcu.externaltools.gnu-tools-for-stm32.10.3-2021.10.win32_1.0.0.202111181127/tools/bin/../lib/gcc/arm-none-eabi/10.3.1/../../../../arm-none-eabi/lib/thumb/v7e-m+fp/hard\libc_nano.a(lib_a-memset.o)
                              c:/st/stm32cubeide_1.4.0/stm32cubeide/plugins/com.st.stm32cube.ide.mcu.externaltools.gnu-tools-for-stm32.10.3-2021.10.win32_1.0.0.202111181127/tools/bin/../lib/gcc/arm-none-eabi/10.3.1/../../../../arm-none-eabi/lib/thumb/v7e-m+fp/hard/crt0.o (memset)
c:/st/stm32cubeide_1.4.0/stm32cubeide/plugins/com.st.stm32cube.ide.mcu.externaltools.gnu-tools-for-stm32.10.3-2021.10.win32_1.0.0.202111181127/tools/bin/../lib/gcc/arm-none-eabi/10.3.1/../../../../arm-none-eabi/lib/thumb/v7e-m+fp/hard\libc_nano.a(lib_a-nano-vfprintf_float.o)
                              (_printf_float)
c:/st/stm32cubeide_1.4.0/stm32cubeide/plugins/com.st.stm32cube.ide.mcu.externaltools.gnu-tools-for-stm32.10.3-2021.10.win32_1.0.0.202111181127/tools/bin/../lib/gcc/arm-none-eabi/10.3.1/../../../../arm-none-eabi/lib/thumb/v7e-m+fp/hard\libc_nano.a(lib_a-nano-vfprintf_i.o)
                              c:/st/stm32cubeide_1.4.0/stm32cubeide/plugins/com.st.stm32cube.ide.mcu.externaltools.gnu-tools-for-stm32.10.3-2021.10.win32_1.0.0.202111181127/tools/bin/../lib/gcc/arm-none-eabi/10.3.1/../../../../arm-none-eabi/lib/thumb/v7e-m+fp/hard\libc_nano.a(lib_a-nano-vfprintf_float.o) (_printf_common)
c:/st/stm32cubeide_1.4.0/stm32cubeide/plugins/com.st.stm32cube.ide.mcu.externaltools.gnu-tools-for-stm32.10.3-2021.10.win32_1.0.0.202111181127/tools/bin/../lib/gcc/arm-none-eabi/10.3.1/../../../../arm-none-eabi/lib/thumb/v7e-m+fp/hard\libc_nano.a(lib_a-nano-vfscanf_float.o)
                              (_scanf_float)
c:/st/stm32cubeide_1.4.0/stm32cubeide/plugins/com.st.stm32cube.ide.mcu.externaltools.gnu-tools-for-stm32.10.3-2021.10.win32_1.0.0.202111181127/tools/bin/../lib/gcc/arm-none-eabi/10.3.1/../../../../arm-none-eabi/lib/thumb/v7e-m+fp/hard\libc_nano.a(lib_a-printf.o)
                              ./Core/Src/parameter.o (printf)
c:/st/stm32cubeide_1.4.0/stm32cubeide/plugins/com.st.stm32cube.ide.mcu.externaltools.gnu-tools-for-stm32.10.3-2021.10.win32_1.0.0.202111181127/tools/bin/../lib/gcc/arm-none-eabi/10.3.1/../../../../arm-none-eabi/lib/thumb/v7e-m+fp/hard\libc_nano.a(lib_a-putchar.o)
                              ./Core/Src/queue.o (putchar)
[...]
Memory Configuration

Name             Origin             Length             Attributes
RAM              0x0000000020000000 0x0000000000020000 xrw
FLASH            0x0000000008000000 0x0000000000080000 xr
*default*        0x0000000000000000 0xffffffffffffffff

Linker script and memory map

LOAD c:/st/stm32cubeide_1.4.0/stm32cubeide/plugins/com.st.stm32cube.ide.mcu.externaltools.gnu-tools-for-stm32.10.3-2021.10.win32_1.0.0.202111181127/tools/bin/../lib/gcc/arm-none-eabi/10.3.1/thumb/v7e-m+fp/hard/crti.o
LOAD c:/st/stm32cubeide_1.4.0/stm32cubeide/plugins/com.st.stm32cube.ide.mcu.externaltools.gnu-tools-for-stm32.10.3-2021.10.win32_1.0.0.202111181127/tools/bin/../lib/gcc/arm-none-eabi/10.3.1/thumb/v7e-m+fp/hard/crtbegin.o
LOAD c:/st/stm32cubeide_1.4.0/stm32cubeide/plugins/com.st.stm32cube.ide.mcu.externaltools.gnu-tools-for-stm32.10.3-2021.10.win32_1.0.0.202111181127/tools/bin/../lib/gcc/arm-none-eabi/10.3.1/../../../../arm-none-eabi/lib/thumb/v7e-m+fp/hard/crt0.o
LOAD ./Core/Src/adc.o
LOAD ./Core/Src/dma.o
LOAD ./Core/Src/flash.o
LOAD ./Core/Src/gpio.o
LOAD ./Core/Src/main.o
LOAD ./Core/Src/parameter.o
LOAD ./Core/Src/queue.o
LOAD ./Core/Src/spi.o
LOAD ./Core/Src/stm32g4xx_it.o
LOAD ./Core/Src/syscalls.o
LOAD ./Core/Src/sysmem.o
LOAD ./Core/Src/system_stm32g4xx.o
LOAD ./Core/Src/tim.o
LOAD ./Core/Src/usart.o
LOAD ./Core/Src/hal/CTRL.o
LOAD ./Core/Src/hal/DCM.o
LOAD ./Core/Src/hal/encoder.o
LOAD ./Core/Src/hal/gyro.o
LOAD ./Core/Src/hal/init.o
LOAD ./Core/Src/hal/log.o
LOAD ./Core/Src/hal/mode.o
LOAD ./Core/Src/hal/run.o
LOAD ./Core/Src/hal/sen_batt.o
LOAD ./Core/Src/hal/sen_dist.o
LOAD ./Core/Src/search/map_cmd.o
LOAD ./Core/Src/search/map_flash.o
LOAD ./Core/Src/search/search.o
LOAD ./Core/Startup/startup_stm32g474cetx.o
LOAD ./Drivers/STM32G4xx_HAL_Driver/Src/stm32g4xx_ll_adc.o
LOAD ./Drivers/STM32G4xx_HAL_Driver/Src/stm32g4xx_ll_dma.o
LOAD ./Drivers/STM32G4xx_HAL_Driver/Src/stm32g4xx_ll_exti.o
LOAD ./Drivers/STM32G4xx_HAL_Driver/Src/stm32g4xx_ll_gpio.o
LOAD ./Drivers/STM32G4xx_HAL_Driver/Src/stm32g4xx_ll_pwr.o
LOAD ./Drivers/STM32G4xx_HAL_Driver/Src/stm32g4xx_ll_rcc.o
LOAD ./Drivers/STM32G4xx_HAL_Driver/Src/stm32g4xx_ll_spi.o
LOAD ./Drivers/STM32G4xx_HAL_Driver/Src/stm32g4xx_ll_tim.o
LOAD ./Drivers/STM32G4xx_HAL_Driver/Src/stm32g4xx_ll_usart.o
LOAD ./Drivers/STM32G4xx_HAL_Driver/Src/stm32g4xx_ll_utils.o
LOAD C:\Users\shohe\STM32CubeIDE\hankyo2\hankyo2\libarm_cortexM4lf_math.a
START GROUP
LOAD c:/st/stm32cubeide_1.4.0/stm32cubeide/plugins/com.st.stm32cube.ide.mcu.externaltools.gnu-tools-for-stm32.10.3-2021.10.win32_1.0.0.202111181127/tools/bin/../lib/gcc/arm-none-eabi/10.3.1/../../../../arm-none-eabi/lib/thumb/v7e-m+fp/hard\libc_nano.a
LOAD c:/st/stm32cubeide_1.4.0/stm32cubeide/plugins/com.st.stm32cube.ide.mcu.externaltools.gnu-tools-for-stm32.10.3-2021.10.win32_1.0.0.202111181127/tools/bin/../lib/gcc/arm-none-eabi/10.3.1/../../../../arm-none-eabi/lib/thumb/v7e-m+fp/hard\libm.a
END GROUP
START GROUP
LOAD c:/st/stm32cubeide_1.4.0/stm32cubeide/plugins/com.st.stm32cube.ide.mcu.externaltools.gnu-tools-for-stm32.10.3-2021.10.win32_1.0.0.202111181127/tools/bin/../lib/gcc/arm-none-eabi/10.3.1/thumb/v7e-m+fp/hard\libgcc.a
LOAD c:/st/stm32cubeide_1.4.0/stm32cubeide/plugins/com.st.stm32cube.ide.mcu.externaltools.gnu-tools-for-stm32.10.3-2021.10.win32_1.0.0.202111181127/tools/bin/../lib/gcc/arm-none-eabi/10.3.1/../../../../arm-none-eabi/lib/thumb/v7e-m+fp/hard\libc_nano.a
END GROUP
START GROUP
LOAD c:/st/stm32cubeide_1.4.0/stm32cubeide/plugins/com.st.stm32cube.ide.mcu.externaltools.gnu-tools-for-stm32.10.3-2021.10.win32_1.0.0.202111181127/tools/bin/../lib/gcc/arm-none-eabi/10.3.1/thumb/v7e-m+fp/hard\libgcc.a
LOAD c:/st/stm32cubeide_1.4.0/stm32cubeide/plugins/com.st.stm32cube.ide.mcu.externaltools.gnu-tools-for-stm32.10.3-2021.10.win32_1.0.0.202111181127/tools/bin/../lib/gcc/arm-none-eabi/10.3.1/../../../../arm-none-eabi/lib/thumb/v7e-m+fp/hard\libc_nano.a
LOAD c:/st/stm32cubeide_1.4.0/stm32cubeide/plugins/com.st.stm32cube.ide.mcu.externaltools.gnu-tools-for-stm32.10.3-2021.10.win32_1.0.0.202111181127/tools/bin/../lib/gcc/arm-none-eabi/10.3.1/../../../../arm-none-eabi/lib/thumb/v7e-m+fp/hard\libnosys.a
END GROUP
START GROUP
LOAD c:/st/stm32cubeide_1.4.0/stm32cubeide/plugins/com.st.stm32cube.ide.mcu.externaltools.gnu-tools-for-stm32.10.3-2021.10.win32_1.0.0.202111181127/tools/bin/../lib/gcc/arm-none-eabi/10.3.1/thumb/v7e-m+fp/hard\libgcc.a
LOAD c:/st/stm32cubeide_1.4.0/stm32cubeide/plugins/com.st.stm32cube.ide.mcu.externaltools.gnu-tools-for-stm32.10.3-2021.10.win32_1.0.0.202111181127/tools/bin/../lib/gcc/arm-none-eabi/10.3.1/../../../../arm-none-eabi/lib/thumb/v7e-m+fp/hard\libc_nano.a
LOAD c:/st/stm32cubeide_1.4.0/stm32cubeide/plugins/com.st.stm32cube.ide.mcu.externaltools.gnu-tools-for-stm32.10.3-2021.10.win32_1.0.0.202111181127/tools/bin/../lib/gcc/arm-none-eabi/10.3.1/../../../../arm-none-eabi/lib/thumb/v7e-m+fp/hard\libnosys.a
END GROUP
LOAD c:/st/stm32cubeide_1.4.0/stm32cubeide/plugins/com.st.stm32cube.ide.mcu.externaltools.gnu-tools-for-stm32.10.3-2021.10.win32_1.0.0.202111181127/tools/bin/../lib/gcc/arm-none-eabi/10.3.1/thumb/v7e-m+fp/hard/crtend.o
LOAD c:/st/stm32cubeide_1.4.0/stm32cubeide/plugins/com.st.stm32cube.ide.mcu.externaltools.gnu-tools-for-stm32.10.3-2021.10.win32_1.0.0.202111181127/tools/bin/../lib/gcc/arm-none-eabi/10.3.1/thumb/v7e-m+fp/hard/crtn.o
                0x0000000020020000                _estack = (ORIGIN (RAM) + LENGTH (RAM))
                0x0000000000000200                _Min_Heap_Size = 0x200
                0x0000000000000400                _Min_Stack_Size = 0x400

.isr_vector     0x0000000008000000      0x1d8
                0x0000000008000000                . = ALIGN (0x4)
 *(.isr_vector)
 .isr_vector    0x0000000008000000      0x1d8 ./Core/Startup/startup_stm32g474cetx.o
                0x0000000008000000                g_pfnVectors
                0x00000000080001d8                . = ALIGN (0x4)

.text           0x00000000080001e0    0x19ff4
                0x00000000080001e0                . = ALIGN (0x4)
 *(.text)
 .text          0x00000000080001e0       0x40 c:/st/stm32cubeide_1.4.0/stm32cubeide/plugins/com.st.stm32cube.ide.mcu.externaltools.gnu-tools-for-stm32.10.3-2021.10.win32_1.0.0.202111181127/tools/bin/../lib/gcc/arm-none-eabi/10.3.1/thumb/v7e-m+fp/hard/crtbegin.o
 .text          0x0000000008000220       0x10 c:/st/stm32cubeide_1.4.0/stm32cubeide/plugins/com.st.stm32cube.ide.mcu.externaltools.gnu-tools-for-stm32.10.3-2021.10.win32_1.0.0.202111181127/tools/bin/../lib/gcc/arm-none-eabi/10.3.1/../../../../arm-none-eabi/lib/thumb/v7e-m+fp/hard\libc_nano.a(lib_a-strlen.o)
                0x0000000008000220                strlen
 .text          0x0000000008000230       0xa0 c:/st/stm32cubeide_1.4.0/stm32cubeide/plugins/com.st.stm32cube.ide.mcu.externaltools.gnu-tools-for-stm32.10.3-2021.10.win32_1.0.0.202111181127/tools/bin/../lib/gcc/arm-none-eabi/10.3.1/../../../../arm-none-eabi/lib/thumb/v7e-m+fp/hard\libc_nano.a(lib_a-memchr.o)
                0x0000000008000230                memchr
 .text          0x00000000080002d0      0x378 c:/st/stm32cubeide_1.4.0/stm32cubeide/plugins/com.st.stm32cube.ide.mcu.externaltools.gnu-tools-for-stm32.10.3-2021.10.win32_1.0.0.202111181127/tools/bin/../lib/gcc/arm-none-eabi/10.3.1/thumb/v7e-m+fp/hard\libgcc.a(_arm_addsubdf3.o)
                0x00000000080002d0                __aeabi_drsub
                0x00000000080002d8                __aeabi_dsub
                0x00000000080002d8                __subdf3
                0x00000000080002dc                __aeabi_dadd
                0x00000000080002dc                __adddf3
                0x0000000008000554                __floatunsidf
                0x0000000008000554                __aeabi_ui2d
                0x0000000008000574                __floatsidf
                0x0000000008000574                __aeabi_i2d
                0x0000000008000598                __aeabi_f2d
                0x0000000008000598                __extendsfdf2
                0x00000000080005dc                __floatundidf
                0x00000000080005dc                __aeabi_ul2d
                0x00000000080005ec                __floatdidf
                0x00000000080005ec                __aeabi_l2d
 .text          0x0000000008000648      0x424 c:/st/stm32cubeide_1.4.0/stm32cubeide/plugins/com.st.stm32cube.ide.mcu.externaltools.gnu-tools-for-stm32.10.3-2021.10.win32_1.0.0.202111181127/tools/bin/../lib/gcc/arm-none-eabi/10.3.1/thumb/v7e-m+fp/hard\libgcc.a(_arm_muldivdf3.o)
                0x0000000008000648                __aeabi_dmul
                0x0000000008000648                __muldf3
                0x000000000800089c                __divdf3
                0x000000000800089c                __aeabi_ddiv
 .text          0x0000000008000a6c      0x110 c:/st/stm32cubeide_1.4.0/stm32cubeide/plugins/com.st.stm32cube.ide.mcu.externaltools.gnu-tools-for-stm32.10.3-2021.10.win32_1.0.0.202111181127/tools/bin/../lib/gcc/arm-none-eabi/10.3.1/thumb/v7e-m+fp/hard\libgcc.a(_arm_cmpdf2.o)
                0x0000000008000a6c                __gtdf2
                0x0000000008000a6c                __gedf2
                0x0000000008000a74                __ltdf2
                0x0000000008000a74                __ledf2
                0x0000000008000a7c                __nedf2
                0x0000000008000a7c                __eqdf2
                0x0000000008000a7c                __cmpdf2
                0x0000000008000af8                __aeabi_cdrcmple
                0x0000000008000b08                __aeabi_cdcmpeq
                0x0000000008000b08                __aeabi_cdcmple
                0x0000000008000b18                __aeabi_dcmpeq
                0x0000000008000b2c                __aeabi_dcmplt
                0x0000000008000b40                __aeabi_dcmple
                0x0000000008000b54                __aeabi_dcmpge
                0x0000000008000b68                __aeabi_dcmpgt
 .text          0x0000000008000b7c       0x2c c:/st/stm32cubeide_1.4.0/stm32cubeide/plugins/com.st.stm32cube.ide.mcu.externaltools.gnu-tools-for-stm32.10.3-2021.10.win32_1.0.0.202111181127/tools/bin/../lib/gcc/arm-none-eabi/10.3.1/thumb/v7e-m+fp/hard\libgcc.a(_arm_unorddf2.o)
                0x0000000008000b7c                __unorddf2
                0x0000000008000b7c                __aeabi_dcmpun
 .text          0x0000000008000ba8       0x50 c:/st/stm32cubeide_1.4.0/stm32cubeide/plugins/com.st.stm32cube.ide.mcu.externaltools.gnu-tools-for-stm32.10.3-2021.10.win32_1.0.0.202111181127/tools/bin/../lib/gcc/arm-none-eabi/10.3.1/thumb/v7e-m+fp/hard\libgcc.a(_arm_fixdfsi.o)
                0x0000000008000ba8                __aeabi_d2iz
                0x0000000008000ba8                __fixdfsi
 .text          0x0000000008000bf8       0x40 c:/st/stm32cubeide_1.4.0/stm32cubeide/plugins/com.st.stm32cube.ide.mcu.externaltools.gnu-tools-for-stm32.10.3-2021.10.win32_1.0.0.202111181127/tools/bin/../lib/gcc/arm-none-eabi/10.3.1/thumb/v7e-m+fp/hard\libgcc.a(_arm_fixunsdfsi.o)
                0x0000000008000bf8                __aeabi_d2uiz
                0x0000000008000bf8                __fixunsdfsi
 .text          0x0000000008000c38       0xa0 c:/st/stm32cubeide_1.4.0/stm32cubeide/plugins/com.st.stm32cube.ide.mcu.externaltools.gnu-tools-for-stm32.10.3-2021.10.win32_1.0.0.202111181127/tools/bin/../lib/gcc/arm-none-eabi/10.3.1/thumb/v7e-m+fp/hard\libgcc.a(_arm_truncdfsf2.o)
                0x0000000008000c38                __truncdfsf2
                0x0000000008000c38                __aeabi_d2f
 .text          0x0000000008000cd8       0x30 c:/st/stm32cubeide_1.4.0/stm32cubeide/plugins/com.st.stm32cube.ide.mcu.externaltools.gnu-tools-for-stm32.10.3-2021.10.win32_1.0.0.202111181127/tools/bin/../lib/gcc/arm-none-eabi/10.3.1/thumb/v7e-m+fp/hard\libgcc.a(_fixdfdi.o)
                0x0000000008000cd8                __fixdfdi
                0x0000000008000cd8                __aeabi_d2lz
 .text          0x0000000008000d08       0x3c c:/st/stm32cubeide_1.4.0/stm32cubeide/plugins/com.st.stm32cube.ide.mcu.externaltools.gnu-tools-for-stm32.10.3-2021.10.win32_1.0.0.202111181127/tools/bin/../lib/gcc/arm-none-eabi/10.3.1/thumb/v7e-m+fp/hard\libgcc.a(_fixunsdfdi.o)
                0x0000000008000d08                __fixunsdfdi
                0x0000000008000d08                __aeabi_d2ulz
 *(.text*)
 .text.LL_ADC_SetGainCompensation
                0x0000000008000d44       0x4a ./Core/Src/adc.o
 .text.LL_ADC_REG_SetSequencerRanks
                0x0000000008000d8e       0x58 ./Core/Src/adc.o
 .text.LL_ADC_SetChannelSamplingTime
                0x0000000008000de6       0x56 ./Core/Src/adc.o
 .text.LL_ADC_SetChannelSingleDiff
                0x0000000008000e3c       0x48 ./Core/Src/adc.o
 .text.LL_ADC_SetOverSamplingScope
                0x0000000008000e84       0x2a ./Core/Src/adc.o
 .text.LL_ADC_DisableDeepPowerDown
                0x0000000008000eae       0x24 ./Core/Src/adc.o
 .text.LL_ADC_IsDeepPowerDownEnabled
                0x0000000008000ed2       0x28 ./Core/Src/adc.o
 .text.LL_ADC_EnableInternalRegulator
                0x0000000008000efa       0x28 ./Core/Src/adc.o
 .text.LL_ADC_IsInternalRegulatorEnabled
                0x0000000008000f22       0x28 ./Core/Src/adc.o
 .text.LL_ADC_Enable
                0x0000000008000f4a       0x28 ./Core/Src/adc.o
 .text.LL_ADC_Disable
                0x0000000008000f72       0x28 ./Core/Src/adc.o
 .text.LL_ADC_IsEnabled
                0x0000000008000f9a       0x26 ./Core/Src/adc.o
 .text.LL_ADC_StartCalibration
                0x0000000008000fc0       0x32 ./Core/Src/adc.o
 .text.LL_ADC_IsCalibrationOnGoing
                0x0000000008000ff2       0x28 ./Core/Src/adc.o
 .text.LL_ADC_REG_StartConversion
                0x000000000800101a       0x28 ./Core/Src/adc.o
 .text.LL_ADC_REG_ReadConversionData12
                0x0000000008001042       0x1a ./Core/Src/adc.o
 .text.LL_ADC_IsActiveFlag_EOC
                0x000000000800105c       0x26 ./Core/Src/adc.o
 .text.LL_ADC_ClearFlag_EOC
                0x0000000008001082       0x1a ./Core/Src/adc.o
 .text.LL_ADC_ClearFlag_EOS
                0x000000000800109c       0x1a ./Core/Src/adc.o
 *fill*         0x00000000080010b6        0x2 
 .text.LL_AHB2_GRP1_EnableClock
                0x00000000080010b8       0x30 ./Core/Src/adc.o
 .text.MX_ADC1_Init
                0x00000000080010e8      0x244 ./Core/Src/adc.o
                0x00000000080010e8                MX_ADC1_Init
 .text.MX_ADC3_Init
                0x000000000800132c      0x168 ./Core/Src/adc.o
                0x000000000800132c                MX_ADC3_Init
 .text.MX_ADC4_Init
                0x0000000008001494      0x120 ./Core/Src/adc.o
                0x0000000008001494                MX_ADC4_Init
 .text.ADC1_Calibration
                0x00000000080015b4       0x5a ./Core/Src/adc.o
                0x00000000080015b4                ADC1_Calibration
 *fill*         0x000000000800160e        0x2 
 .text.ADC2_Calibration
                0x0000000008001610       0x54 ./Core/Src/adc.o
                0x0000000008001610                ADC2_Calibration
 .text.ADC3_Calibration
                0x0000000008001664       0x54 ./Core/Src/adc.o
                0x0000000008001664                ADC3_Calibration
 .text.ADC4_Calibration
                0x00000000080016b8       0x54 ./Core/Src/adc.o
                0x00000000080016b8                ADC4_Calibration
 .text.ADC4_Start
                0x000000000800170c       0x18 ./Core/Src/adc.o
                0x000000000800170c                ADC4_Start
 .text.ADC3_Start
                0x0000000008001724       0x18 ./Core/Src/adc.o
                0x0000000008001724                ADC3_Start
 .text.ADC2_Start
                0x000000000800173c       0x18 ./Core/Src/adc.o
                0x000000000800173c                ADC2_Start
 .text.ADC1_Start
                0x0000000008001754       0x14 ./Core/Src/adc.o
                0x0000000008001754                ADC1_Start
 .text.GetSensor_FL
                0x0000000008001768       0x30 ./Core/Src/adc.o
                0x0000000008001768                GetSensor_FL
 .text.ADC3_clearEOS
                0x0000000008001798       0x14 ./Core/Src/adc.o
                0x0000000008001798                ADC3_clearEOS
 .text.ADC2_clearEOS
                0x00000000080017ac       0x14 ./Core/Src/adc.o
                0x00000000080017ac                ADC2_clearEOS
 .text.ADC1_clearEOS
                0x00000000080017c0       0x10 ./Core/Src/adc.o
                0x00000000080017c0                ADC1_clearEOS
 .text.GetSensor_SL
                0x00000000080017d0       0x32 ./Core/Src/adc.o
                0x00000000080017d0                GetSensor_SL
 .text.GetSensor_SR
                0x0000000008001802       0x32 ./Core/Src/adc.o
                0x0000000008001802                GetSensor_SR
 .text.GetSensor_FR
                0x0000000008001834       0x32 ./Core/Src/adc.o
                0x0000000008001834                GetSensor_FR
 *fill*         0x0000000008001866        0x2 
 .text.GetBatVal
                0x0000000008001868       0x30 ./Core/Src/adc.o
                0x0000000008001868                GetBatVal
 .text.__NVIC_GetPriorityGrouping
                0x0000000008001898       0x1c ./Core/Src/dma.o
 .text.__NVIC_EnableIRQ
                0x00000000080018b4       0x3c ./Core/Src/dma.o
 .text.__NVIC_SetPriority
                0x00000000080018f0       0x54 ./Core/Src/dma.o
 .text.NVIC_EncodePriority
                0x0000000008001944       0x66 ./Core/Src/dma.o
 *fill*         0x00000000080019aa        0x2 
 .text.LL_AHB1_GRP1_EnableClock
                0x00000000080019ac       0x30 ./Core/Src/dma.o
 .text.MX_DMA_Init
                0x00000000080019dc       0xd4 ./Core/Src/dma.o
                0x00000000080019dc                MX_DMA_Init
 .text.FLASH_Lock
                0x0000000008001ab0       0x20 ./Core/Src/flash.o
 .text.FLASH_Unlock
                0x0000000008001ad0       0x28 ./Core/Src/flash.o
 .text.FLASH_WaitBusy
                0x0000000008001af8       0x24 ./Core/Src/flash.o
                0x0000000008001af8                FLASH_WaitBusy
 .text.FLASH_Erase
                0x0000000008001b1c       0x68 ./Core/Src/flash.o
                0x0000000008001b1c                FLASH_Erase
 .text.FLASH_WriteByte
                0x0000000008001b84       0x70 ./Core/Src/flash.o
                0x0000000008001b84                FLASH_WriteByte
 .text.FLASH_WriteData
                0x0000000008001bf4       0x4c ./Core/Src/flash.o
                0x0000000008001bf4                FLASH_WriteData
 .text.FLASH_ReadData
                0x0000000008001c40       0x20 ./Core/Src/flash.o
                0x0000000008001c40                FLASH_ReadData
 .text.LL_AHB2_GRP1_EnableClock
                0x0000000008001c60       0x30 ./Core/Src/gpio.o
 .text.LL_GPIO_IsInputPinSet
                0x0000000008001c90       0x2a ./Core/Src/gpio.o
 .text.LL_GPIO_SetOutputPin
                0x0000000008001cba       0x1c ./Core/Src/gpio.o
 .text.LL_GPIO_ResetOutputPin
                0x0000000008001cd6       0x1c ./Core/Src/gpio.o
 *fill*         0x0000000008001cf2        0x2 
 .text.MX_GPIO_Init
                0x0000000008001cf4      0x2d4 ./Core/Src/gpio.o
                0x0000000008001cf4                MX_GPIO_Init
 .text.SetLED   0x0000000008001fc8       0xb0 ./Core/Src/gpio.o
                0x0000000008001fc8                SetLED
 .text.SetBatLED
                0x0000000008002078       0x34 ./Core/Src/gpio.o
                0x0000000008002078                SetBatLED
 .text.SW_IsOn_0
                0x00000000080020ac       0x18 ./Core/Src/gpio.o
                0x00000000080020ac                SW_IsOn_0
 .text.SW_IsOn_1
                0x00000000080020c4       0x18 ./Core/Src/gpio.o
                0x00000000080020c4                SW_IsOn_1
 .text.Set_SenFL
                0x00000000080020dc       0x2e ./Core/Src/gpio.o
                0x00000000080020dc                Set_SenFL
 .text.Set_SenSL
                0x000000000800210a       0x2e ./Core/Src/gpio.o
                0x000000000800210a                Set_SenSL
 .text.Set_SenSR
                0x0000000008002138       0x34 ./Core/Src/gpio.o
                0x0000000008002138                Set_SenSR
 .text.Set_SenFR
                0x000000000800216c       0x34 ./Core/Src/gpio.o
                0x000000000800216c                Set_SenFR
 .text.Set_MOT0
                0x00000000080021a0       0x32 ./Core/Src/gpio.o
                0x00000000080021a0                Set_MOT0
 *fill*         0x00000000080021d2        0x2 
 .text.Set_MOT1
                0x00000000080021d4       0x30 ./Core/Src/gpio.o
                0x00000000080021d4                Set_MOT1
 .text.__NVIC_SetPriorityGrouping
                0x0000000008002204       0x48 ./Core/Src/main.o
 .text.LL_RCC_HSI_Enable
                0x000000000800224c       0x20 ./Core/Src/main.o
 .text.LL_RCC_HSI_IsReady
                0x000000000800226c       0x28 ./Core/Src/main.o
 .text.LL_RCC_HSI_SetCalibTrimming
                0x0000000008002294       0x2c ./Core/Src/main.o
 .text.LL_RCC_SetSysClkSource
                0x00000000080022c0       0x28 ./Core/Src/main.o
 .text.LL_RCC_GetSysClkSource
                0x00000000080022e8       0x1c ./Core/Src/main.o
 .text.LL_RCC_SetAHBPrescaler
                0x0000000008002304       0x28 ./Core/Src/main.o
 .text.LL_RCC_SetAPB1Prescaler
                0x000000000800232c       0x28 ./Core/Src/main.o
 .text.LL_RCC_SetAPB2Prescaler
                0x0000000008002354       0x28 ./Core/Src/main.o
 .text.LL_RCC_SetUSARTClockSource
                0x000000000800237c       0x34 ./Core/Src/main.o
 .text.LL_RCC_SetADCClockSource
                0x00000000080023b0       0x48 ./Core/Src/main.o
 .text.LL_RCC_PLL_Enable
                0x00000000080023f8       0x20 ./Core/Src/main.o
 .text.LL_RCC_PLL_IsReady
                0x0000000008002418       0x28 ./Core/Src/main.o
 .text.LL_RCC_PLL_ConfigDomain_SYS
                0x0000000008002440       0x40 ./Core/Src/main.o
 .text.LL_RCC_PLL_EnableDomain_SYS
                0x0000000008002480       0x20 ./Core/Src/main.o
 .text.LL_APB1_GRP1_EnableClock
                0x00000000080024a0       0x30 ./Core/Src/main.o
 .text.LL_APB2_GRP1_EnableClock
                0x00000000080024d0       0x30 ./Core/Src/main.o
 .text.LL_FLASH_SetLatency
                0x0000000008002500       0x28 ./Core/Src/main.o
 .text.LL_FLASH_GetLatency
                0x0000000008002528       0x1c ./Core/Src/main.o
 .text.LL_PWR_EnableRange1BoostMode
                0x0000000008002544       0x24 ./Core/Src/main.o
 .text.LL_PWR_DisableUCPDDeadBattery
                0x0000000008002568       0x20 ./Core/Src/main.o
 .text.__io_putchar
                0x0000000008002588       0x1a ./Core/Src/main.o
                0x0000000008002588                __io_putchar
 *fill*         0x00000000080025a2        0x2 
 .text.main     0x00000000080025a4       0xd8 ./Core/Src/main.o
                0x00000000080025a4                main
 .text.SystemClock_Config
                0x000000000800267c       0xdc ./Core/Src/main.o
                0x000000000800267c                SystemClock_Config
 .text.PARAM_setSpeedType
                0x0000000008002758       0x5c ./Core/Src/parameter.o
                0x0000000008002758                PARAM_setSpeedType
 .text.PARAM_getSpeed
                0x00000000080027b4       0xd8 ./Core/Src/parameter.o
                0x00000000080027b4                PARAM_getSpeed
 *fill*         0x000000000800288c        0x4 
 .text.PARAM_makeSra
                0x0000000008002890      0x774 ./Core/Src/parameter.o
                0x0000000008002890                PARAM_makeSra
 .text.PARAM_getSra
                0x0000000008003004       0x28 ./Core/Src/parameter.o
                0x0000000008003004                PARAM_getSra
 .text.initQueue
                0x000000000800302c       0x60 ./Core/Src/queue.o
                0x000000000800302c                initQueue
 .text.enqueue  0x000000000800308c       0x78 ./Core/Src/queue.o
                0x000000000800308c                enqueue
 .text.dequeue  0x0000000008003104       0xc8 ./Core/Src/queue.o
                0x0000000008003104                dequeue
 .text.LL_DMA_EnableChannel
                0x00000000080031cc       0x44 ./Core/Src/spi.o
 .text.LL_DMA_DisableChannel
                0x0000000008003210       0x44 ./Core/Src/spi.o
 .text.LL_DMA_SetDataTransferDirection
                0x0000000008003254       0x50 ./Core/Src/spi.o
 .text.LL_DMA_SetMode
                0x00000000080032a4       0x4c ./Core/Src/spi.o
 .text.LL_DMA_SetPeriphIncMode
                0x00000000080032f0       0x4c ./Core/Src/spi.o
 .text.LL_DMA_SetMemoryIncMode
                0x000000000800333c       0x4c ./Core/Src/spi.o
 .text.LL_DMA_SetPeriphSize
                0x0000000008003388       0x4c ./Core/Src/spi.o
 .text.LL_DMA_SetMemorySize
                0x00000000080033d4       0x4c ./Core/Src/spi.o
 .text.LL_DMA_SetChannelPriorityLevel
                0x0000000008003420       0x4c ./Core/Src/spi.o
 .text.LL_DMA_SetDataLength
                0x000000000800346c       0x4c ./Core/Src/spi.o
 .text.LL_DMA_ConfigAddresses
                0x00000000080034b8       0x7c ./Core/Src/spi.o
 .text.LL_DMA_SetPeriphRequest
                0x0000000008003534       0x54 ./Core/Src/spi.o
 .text.LL_DMA_EnableIT_TC
                0x0000000008003588       0x44 ./Core/Src/spi.o
 .text.LL_DMA_EnableIT_TE
                0x00000000080035cc       0x44 ./Core/Src/spi.o
 .text.LL_AHB2_GRP1_EnableClock
                0x0000000008003610       0x30 ./Core/Src/spi.o
 .text.LL_APB1_GRP1_EnableClock
                0x0000000008003640       0x30 ./Core/Src/spi.o
 .text.LL_APB2_GRP1_EnableClock
                0x0000000008003670       0x30 ./Core/Src/spi.o
 .text.LL_SPI_Enable
                0x00000000080036a0       0x20 ./Core/Src/spi.o
 .text.LL_SPI_IsEnabled
                0x00000000080036c0       0x26 ./Core/Src/spi.o
 .text.LL_SPI_SetStandard
                0x00000000080036e6       0x26 ./Core/Src/spi.o
 .text.LL_SPI_SetRxFIFOThreshold
                0x000000000800370c       0x26 ./Core/Src/spi.o
 .text.LL_SPI_DisableNSSPulseMgt
                0x0000000008003732       0x20 ./Core/Src/spi.o
 .text.LL_SPI_IsActiveFlag_RXNE
                0x0000000008003752       0x26 ./Core/Src/spi.o
 .text.LL_SPI_EnableDMAReq_RX
                0x0000000008003778       0x20 ./Core/Src/spi.o
 .text.LL_SPI_EnableDMAReq_TX
                0x0000000008003798       0x20 ./Core/Src/spi.o
 .text.LL_SPI_DMA_GetRegAddr
                0x00000000080037b8       0x18 ./Core/Src/spi.o
 .text.LL_SPI_ReceiveData8
                0x00000000080037d0       0x1a ./Core/Src/spi.o
 .text.LL_GPIO_SetOutputPin
                0x00000000080037ea       0x1c ./Core/Src/spi.o
 .text.LL_GPIO_ResetOutputPin
                0x0000000008003806       0x1c ./Core/Src/spi.o
 *fill*         0x0000000008003822        0x2 
 .text.MX_SPI1_Init
                0x0000000008003824      0x198 ./Core/Src/spi.o
                0x0000000008003824                MX_SPI1_Init
 .text.MX_SPI2_Init
                0x00000000080039bc      0x19c ./Core/Src/spi.o
                0x00000000080039bc                MX_SPI2_Init
 .text.DMA1_Channel1_Init
                0x0000000008003b58       0x24 ./Core/Src/spi.o
                0x0000000008003b58                DMA1_Channel1_Init
 .text.DMA1_Channel2_Init
                0x0000000008003b7c       0x24 ./Core/Src/spi.o
                0x0000000008003b7c                DMA1_Channel2_Init
 .text.DMA1_Channel3_Init
                0x0000000008003ba0       0x24 ./Core/Src/spi.o
                0x0000000008003ba0                DMA1_Channel3_Init
 .text.DMA1_Channel4_Init
                0x0000000008003bc4       0x24 ./Core/Src/spi.o
                0x0000000008003bc4                DMA1_Channel4_Init
 .text.SPI1_Start
                0x0000000008003be8       0x30 ./Core/Src/spi.o
                0x0000000008003be8                SPI1_Start
 .text.SPI1_DMA_Communication
                0x0000000008003c18       0xac ./Core/Src/spi.o
                0x0000000008003c18                SPI1_DMA_Communication
 .text.SPI1_DMA1_ReceiveComplete_Callback
                0x0000000008003cc4       0x20 ./Core/Src/spi.o
                0x0000000008003cc4                SPI1_DMA1_ReceiveComplete_Callback
 .text.SPI1_DMA1_TransmitComplete_Callback
                0x0000000008003ce4       0x14 ./Core/Src/spi.o
                0x0000000008003ce4                SPI1_DMA1_TransmitComplete_Callback
 .text.Get_SPI1ReciveData
                0x0000000008003cf8       0x20 ./Core/Src/spi.o
                0x0000000008003cf8                Get_SPI1ReciveData
 .text.SetSPI1TransmitData
                0x0000000008003d18       0x28 ./Core/Src/spi.o
                0x0000000008003d18                SetSPI1TransmitData
 .text.SPI2_Start
                0x0000000008003d40       0x30 ./Core/Src/spi.o
                0x0000000008003d40                SPI2_Start
 .text.SPI2_DMA_Communication
                0x0000000008003d70       0xc4 ./Core/Src/spi.o
                0x0000000008003d70                SPI2_DMA_Communication
 .text.SPI2_DMA1_ReceiveComplete_Callback
                0x0000000008003e34       0x38 ./Core/Src/spi.o
                0x0000000008003e34                SPI2_DMA1_ReceiveComplete_Callback
 .text.SPI2_DMA1_TransmitComplete_Callback
                0x0000000008003e6c       0x14 ./Core/Src/spi.o
                0x0000000008003e6c                SPI2_DMA1_TransmitComplete_Callback
 .text.Get_SPI2ReciveData
                0x0000000008003e80       0x20 ./Core/Src/spi.o
                0x0000000008003e80                Get_SPI2ReciveData
 .text.SetSPI2TransmitData
                0x0000000008003ea0       0x28 ./Core/Src/spi.o
                0x0000000008003ea0                SetSPI2TransmitData
 .text.LL_DMA_IsActiveFlag_TC1
                0x0000000008003ec8       0x26 ./Core/Src/stm32g4xx_it.o
 .text.LL_DMA_IsActiveFlag_TC2
                0x0000000008003eee       0x26 ./Core/Src/stm32g4xx_it.o
 .text.LL_DMA_IsActiveFlag_TC3
                0x0000000008003f14       0x28 ./Core/Src/stm32g4xx_it.o
 .text.LL_DMA_IsActiveFlag_TC4
                0x0000000008003f3c       0x28 ./Core/Src/stm32g4xx_it.o
 .text.LL_DMA_ClearFlag_GI1
                0x0000000008003f64       0x1a ./Core/Src/stm32g4xx_it.o
 .text.LL_DMA_ClearFlag_GI2
                0x0000000008003f7e       0x1a ./Core/Src/stm32g4xx_it.o
 .text.LL_DMA_ClearFlag_GI3
                0x0000000008003f98       0x1c ./Core/Src/stm32g4xx_it.o
 .text.LL_DMA_ClearFlag_GI4
                0x0000000008003fb4       0x1c ./Core/Src/stm32g4xx_it.o
 .text.LL_TIM_ClearFlag_UPDATE
                0x0000000008003fd0       0x1c ./Core/Src/stm32g4xx_it.o
 .text.LL_TIM_IsActiveFlag_UPDATE
                0x0000000008003fec       0x26 ./Core/Src/stm32g4xx_it.o
 .text.NMI_Handler
                0x0000000008004012        0xe ./Core/Src/stm32g4xx_it.o
                0x0000000008004012                NMI_Handler
 .text.HardFault_Handler
                0x0000000008004020        0x6 ./Core/Src/stm32g4xx_it.o
                0x0000000008004020                HardFault_Handler
 .text.MemManage_Handler
                0x0000000008004026        0x6 ./Core/Src/stm32g4xx_it.o
                0x0000000008004026                MemManage_Handler
 .text.BusFault_Handler
                0x000000000800402c        0x6 ./Core/Src/stm32g4xx_it.o
                0x000000000800402c                BusFault_Handler
 .text.UsageFault_Handler
                0x0000000008004032        0x6 ./Core/Src/stm32g4xx_it.o
                0x0000000008004032                UsageFault_Handler
 .text.SVC_Handler
                0x0000000008004038        0xe ./Core/Src/stm32g4xx_it.o
                0x0000000008004038                SVC_Handler
 .text.DebugMon_Handler
                0x0000000008004046        0xe ./Core/Src/stm32g4xx_it.o
                0x0000000008004046                DebugMon_Handler
 .text.PendSV_Handler
                0x0000000008004054        0xe ./Core/Src/stm32g4xx_it.o
                0x0000000008004054                PendSV_Handler
 .text.SysTick_Handler
                0x0000000008004062        0xe ./Core/Src/stm32g4xx_it.o
                0x0000000008004062                SysTick_Handler
 .text.DMA1_Channel1_IRQHandler
                0x0000000008004070       0x24 ./Core/Src/stm32g4xx_it.o
                0x0000000008004070                DMA1_Channel1_IRQHandler
 .text.DMA1_Channel2_IRQHandler
                0x0000000008004094       0x24 ./Core/Src/stm32g4xx_it.o
                0x0000000008004094                DMA1_Channel2_IRQHandler
 .text.DMA1_Channel3_IRQHandler
                0x00000000080040b8       0x24 ./Core/Src/stm32g4xx_it.o
                0x00000000080040b8                DMA1_Channel3_IRQHandler
 .text.DMA1_Channel4_IRQHandler
                0x00000000080040dc       0x24 ./Core/Src/stm32g4xx_it.o
                0x00000000080040dc                DMA1_Channel4_IRQHandler
 .text.DMA1_Channel5_IRQHandler
                0x0000000008004100        0xe ./Core/Src/stm32g4xx_it.o
                0x0000000008004100                DMA1_Channel5_IRQHandler
 .text.DMA1_Channel6_IRQHandler
                0x000000000800410e        0xe ./Core/Src/stm32g4xx_it.o
                0x000000000800410e                DMA1_Channel6_IRQHandler
 .text.TIM1_UP_TIM16_IRQHandler
                0x000000000800411c       0x24 ./Core/Src/stm32g4xx_it.o
                0x000000000800411c                TIM1_UP_TIM16_IRQHandler
 .text.TIM4_IRQHandler
                0x0000000008004140       0x88 ./Core/Src/stm32g4xx_it.o
                0x0000000008004140                TIM4_IRQHandler
 .text.TIM5_IRQHandler
                0x00000000080041c8       0x74 ./Core/Src/stm32g4xx_it.o
                0x00000000080041c8                TIM5_IRQHandler
 .text.TIM6_DAC_IRQHandler
                0x000000000800423c       0x28 ./Core/Src/stm32g4xx_it.o
                0x000000000800423c                TIM6_DAC_IRQHandler
 .text._getpid  0x0000000008004264       0x10 ./Core/Src/syscalls.o
                0x0000000008004264                _getpid
 .text._kill    0x0000000008004274       0x20 ./Core/Src/syscalls.o
                0x0000000008004274                _kill
 .text._exit    0x0000000008004294       0x14 ./Core/Src/syscalls.o
                0x0000000008004294                _exit
 .text._read    0x00000000080042a8       0x3a ./Core/Src/syscalls.o
                0x00000000080042a8                _read
 .text._write   0x00000000080042e2       0x38 ./Core/Src/syscalls.o
                0x00000000080042e2                _write
 .text._close   0x000000000800431a       0x18 ./Core/Src/syscalls.o
                0x000000000800431a                _close
 .text._fstat   0x0000000008004332       0x20 ./Core/Src/syscalls.o
                0x0000000008004332                _fstat
 .text._isatty  0x0000000008004352       0x16 ./Core/Src/syscalls.o
                0x0000000008004352                _isatty
 .text._lseek   0x0000000008004368       0x1a ./Core/Src/syscalls.o
                0x0000000008004368                _lseek
 *fill*         0x0000000008004382        0x2 
 .text._sbrk    0x0000000008004384       0x6c ./Core/Src/sysmem.o
                0x0000000008004384                _sbrk
 .text.SystemInit
                0x00000000080043f0       0x2c ./Core/Src/system_stm32g4xx.o
                0x00000000080043f0                SystemInit
 .text.__NVIC_GetPriorityGrouping
                0x000000000800441c       0x1c ./Core/Src/tim.o
 .text.__NVIC_EnableIRQ
                0x0000000008004438       0x3c ./Core/Src/tim.o
 .text.__NVIC_SetPriority
                0x0000000008004474       0x54 ./Core/Src/tim.o
 .text.NVIC_EncodePriority
                0x00000000080044c8       0x66 ./Core/Src/tim.o
 *fill*         0x000000000800452e        0x2 
 .text.LL_AHB2_GRP1_EnableClock
                0x0000000008004530       0x30 ./Core/Src/tim.o
 .text.LL_APB1_GRP1_EnableClock
                0x0000000008004560       0x30 ./Core/Src/tim.o
 .text.LL_APB2_GRP1_EnableClock
                0x0000000008004590       0x30 ./Core/Src/tim.o
 .text.LL_TIM_EnableCounter
                0x00000000080045c0       0x20 ./Core/Src/tim.o
 .text.LL_TIM_EnableARRPreload
                0x00000000080045e0       0x20 ./Core/Src/tim.o
 .text.LL_TIM_DisableARRPreload
                0x0000000008004600       0x20 ./Core/Src/tim.o
 .text.LL_TIM_CC_EnableChannel
                0x0000000008004620       0x22 ./Core/Src/tim.o
 *fill*         0x0000000008004642        0x2 
 .text.LL_TIM_OC_DisableFast
                0x0000000008004644       0xb0 ./Core/Src/tim.o
 .text.LL_TIM_OC_EnablePreload
                0x00000000080046f4       0xac ./Core/Src/tim.o
 .text.LL_TIM_OC_SetCompareCH2
                0x00000000080047a0       0x1c ./Core/Src/tim.o
 .text.LL_TIM_OC_SetCompareCH3
                0x00000000080047bc       0x1c ./Core/Src/tim.o
 .text.LL_TIM_SetClockSource
                0x00000000080047d8       0x2a ./Core/Src/tim.o
 .text.LL_TIM_SetTriggerOutput
                0x0000000008004802       0x2a ./Core/Src/tim.o
 .text.LL_TIM_SetTriggerOutput2
                0x000000000800482c       0x26 ./Core/Src/tim.o
 .text.LL_TIM_DisableMasterSlaveMode
                0x0000000008004852       0x20 ./Core/Src/tim.o
 .text.LL_TIM_EnableAllOutputs
                0x0000000008004872       0x20 ./Core/Src/tim.o
 .text.LL_TIM_EnableIT_UPDATE
                0x0000000008004892       0x20 ./Core/Src/tim.o
 *fill*         0x00000000080048b2        0x2 
 .text.MX_TIM1_Init
                0x00000000080048b4       0xb0 ./Core/Src/tim.o
                0x00000000080048b4                MX_TIM1_Init
 .text.MX_TIM2_Init
                0x0000000008004964       0xe0 ./Core/Src/tim.o
                0x0000000008004964                MX_TIM2_Init
 .text.MX_TIM3_Init
                0x0000000008004a44       0xd8 ./Core/Src/tim.o
                0x0000000008004a44                MX_TIM3_Init
 .text.MX_TIM4_Init
                0x0000000008004b1c       0x7c ./Core/Src/tim.o
                0x0000000008004b1c                MX_TIM4_Init
 .text.MX_TIM5_Init
                0x0000000008004b98       0x7c ./Core/Src/tim.o
                0x0000000008004b98                MX_TIM5_Init
 .text.MX_TIM6_Init
                0x0000000008004c14       0x74 ./Core/Src/tim.o
                0x0000000008004c14                MX_TIM6_Init
 .text.MX_TIM8_Init
                0x0000000008004c88      0x150 ./Core/Src/tim.o
                0x0000000008004c88                MX_TIM8_Init
 .text.TIMER_init
                0x0000000008004dd8       0x88 ./Core/Src/tim.o
                0x0000000008004dd8                TIMER_init
 .text.Enable_TIM2
                0x0000000008004e60       0x10 ./Core/Src/tim.o
                0x0000000008004e60                Enable_TIM2
 .text.Enable_TIM3
                0x0000000008004e70       0x14 ./Core/Src/tim.o
                0x0000000008004e70                Enable_TIM3
 *fill*         0x0000000008004e84        0x4 
 .text.Set_DutyTIM2
                0x0000000008004e88       0x7c ./Core/Src/tim.o
                0x0000000008004e88                Set_DutyTIM2
 *fill*         0x0000000008004f04        0x4 
 .text.Set_DutyTIM3
                0x0000000008004f08       0x80 ./Core/Src/tim.o
                0x0000000008004f08                Set_DutyTIM3
 .text.Set_DutyTIM8
                0x0000000008004f88       0x80 ./Core/Src/tim.o
                0x0000000008004f88                Set_DutyTIM8
 .text.LL_DMA_SetDataTransferDirection
                0x0000000008005008       0x50 ./Core/Src/usart.o
 .text.LL_DMA_SetMode
                0x0000000008005058       0x4c ./Core/Src/usart.o
 .text.LL_DMA_SetPeriphIncMode
                0x00000000080050a4       0x4c ./Core/Src/usart.o
 .text.LL_DMA_SetMemoryIncMode
                0x00000000080050f0       0x4c ./Core/Src/usart.o
 .text.LL_DMA_SetPeriphSize
                0x000000000800513c       0x4c ./Core/Src/usart.o
 .text.LL_DMA_SetMemorySize
                0x0000000008005188       0x4c ./Core/Src/usart.o
 .text.LL_DMA_SetChannelPriorityLevel
                0x00000000080051d4       0x4c ./Core/Src/usart.o
 .text.LL_DMA_SetPeriphRequest
                0x0000000008005220       0x54 ./Core/Src/usart.o
 .text.LL_AHB2_GRP1_EnableClock
                0x0000000008005274       0x30 ./Core/Src/usart.o
 .text.LL_APB2_GRP1_EnableClock
                0x00000000080052a4       0x30 ./Core/Src/usart.o
 .text.LL_USART_Enable
                0x00000000080052d4       0x20 ./Core/Src/usart.o
 .text.LL_USART_DisableFIFO
                0x00000000080052f4       0x20 ./Core/Src/usart.o
 .text.LL_USART_SetTXFIFOThreshold
                0x0000000008005314       0x28 ./Core/Src/usart.o
 .text.LL_USART_SetRXFIFOThreshold
                0x000000000800533c       0x28 ./Core/Src/usart.o
 .text.LL_USART_ConfigAsyncMode
                0x0000000008005364       0x2c ./Core/Src/usart.o
 .text.LL_USART_IsActiveFlag_TXE_TXFNF
                0x0000000008005390       0x26 ./Core/Src/usart.o
 .text.LL_USART_IsActiveFlag_TEACK
                0x00000000080053b6       0x28 ./Core/Src/usart.o
 .text.LL_USART_IsActiveFlag_REACK
                0x00000000080053de       0x28 ./Core/Src/usart.o
 .text.LL_USART_TransmitData8
                0x0000000008005406       0x1e ./Core/Src/usart.o
 .text.MX_USART1_UART_Init
                0x0000000008005424      0x19c ./Core/Src/usart.o
                0x0000000008005424                MX_USART1_UART_Init
 .text.Communication_Initialize
                0x00000000080055c0       0x1c ./Core/Src/usart.o
                0x00000000080055c0                Communication_Initialize
 .text.USART_TransmitByte
                0x00000000080055dc       0x30 ./Core/Src/usart.o
                0x00000000080055dc                USART_TransmitByte
 .text.Get_NowSpeed
                0x000000000800560c       0x1c ./Core/Src/hal/CTRL.o
                0x000000000800560c                Get_NowSpeed
 .text.Get_NowDist
                0x0000000008005628       0x1c ./Core/Src/hal/CTRL.o
                0x0000000008005628                Get_NowDist
 .text.Get_TrgtDist
                0x0000000008005644       0x1c ./Core/Src/hal/CTRL.o
                0x0000000008005644                Get_TrgtDist
 .text.Get_TrgtSpeed
                0x0000000008005660       0x1c ./Core/Src/hal/CTRL.o
                0x0000000008005660                Get_TrgtSpeed
 .text.Set_TrgtSpeed
                0x000000000800567c       0x20 ./Core/Src/hal/CTRL.o
                0x000000000800567c                Set_TrgtSpeed
 .text.Get_NowAngle
                0x000000000800569c       0x1c ./Core/Src/hal/CTRL.o
                0x000000000800569c                Get_NowAngle
 .text.Get_TrgtAngle
                0x00000000080056b8       0x1c ./Core/Src/hal/CTRL.o
                0x00000000080056b8                Get_TrgtAngle
 .text.Get_TrgtAngleS
                0x00000000080056d4       0x1c ./Core/Src/hal/CTRL.o
                0x00000000080056d4                Get_TrgtAngleS
 .text.INTC_sys
                0x00000000080056f0       0x64 ./Core/Src/hal/CTRL.o
                0x00000000080056f0                INTC_sys
 .text.CTRL_sta
                0x0000000008005754       0x18 ./Core/Src/hal/CTRL.o
                0x0000000008005754                CTRL_sta
 .text.CTRL_stop
                0x000000000800576c       0x20 ./Core/Src/hal/CTRL.o
                0x000000000800576c                CTRL_stop
 .text.CTRL_clrData
                0x000000000800578c       0xc0 ./Core/Src/hal/CTRL.o
                0x000000000800578c                CTRL_clrData
 .text.CTRL_clrNowData
                0x000000000800584c       0x74 ./Core/Src/hal/CTRL.o
                0x000000000800584c                CTRL_clrNowData
 .text.CTRL_setData
                0x00000000080058c0       0xbc ./Core/Src/hal/CTRL.o
                0x00000000080058c0                CTRL_setData
 .text.CTRL_refNow
                0x000000000800597c      0x134 ./Core/Src/hal/CTRL.o
                0x000000000800597c                CTRL_refNow
 .text.CTRL_refTarget
                0x0000000008005ab0      0xb88 ./Core/Src/hal/CTRL.o
                0x0000000008005ab0                CTRL_refTarget
 .text.CTRL_getFF_speed
                0x0000000008006638       0x90 ./Core/Src/hal/CTRL.o
                0x0000000008006638                CTRL_getFF_speed
 .text.CTRL_getFF_angle
                0x00000000080066c8       0xc8 ./Core/Src/hal/CTRL.o
                0x00000000080066c8                CTRL_getFF_angle
 .text.CTRL_getSpeedFB
                0x0000000008006790       0xd8 ./Core/Src/hal/CTRL.o
                0x0000000008006790                CTRL_getSpeedFB
 .text.CTRL_getAngleSpeedFB
                0x0000000008006868      0x138 ./Core/Src/hal/CTRL.o
                0x0000000008006868                CTRL_getAngleSpeedFB
 .text.CTRL_getAngleFB
                0x00000000080069a0       0xd0 ./Core/Src/hal/CTRL.o
                0x00000000080069a0                CTRL_getAngleFB
 .text.CTRL_getSenFB
                0x0000000008006a70       0xec ./Core/Src/hal/CTRL.o
                0x0000000008006a70                CTRL_getSenFB
 .text.CTRL_get_frontwall_v_FB
                0x0000000008006b5c       0xc8 ./Core/Src/hal/CTRL.o
                0x0000000008006b5c                CTRL_get_frontwall_v_FB
 .text.CTRL_get_frontwall_omega_FB
                0x0000000008006c24       0xc0 ./Core/Src/hal/CTRL.o
                0x0000000008006c24                CTRL_get_frontwall_omega_FB
 *fill*         0x0000000008006ce4        0x4 
 .text.CTRL_getFloorFriction
                0x0000000008006ce8      0x390 ./Core/Src/hal/CTRL.o
                0x0000000008006ce8                CTRL_getFloorFriction
 .text.CTRL_outMot
                0x0000000008007078      0x120 ./Core/Src/hal/CTRL.o
                0x0000000008007078                CTRL_outMot
 .text.CTRL_pol
                0x0000000008007198      0xd64 ./Core/Src/hal/CTRL.o
                0x0000000008007198                CTRL_pol
 .text.Failsafe_flag
                0x0000000008007efc       0x18 ./Core/Src/hal/CTRL.o
                0x0000000008007efc                Failsafe_flag
 .text.Failsafe_flag_off
                0x0000000008007f14       0x18 ./Core/Src/hal/CTRL.o
                0x0000000008007f14                Failsafe_flag_off
 .text.SYS_isOutOfCtrl
                0x0000000008007f2c       0x18 ./Core/Src/hal/CTRL.o
                0x0000000008007f2c                SYS_isOutOfCtrl
 .text.DCM_setDirCw
                0x0000000008007f44       0x26 ./Core/Src/hal/DCM.o
                0x0000000008007f44                DCM_setDirCw
 .text.DCM_setDirCcw
                0x0000000008007f6a       0x26 ./Core/Src/hal/DCM.o
                0x0000000008007f6a                DCM_setDirCcw
 .text.DCM_brakeMot
                0x0000000008007f90       0x26 ./Core/Src/hal/DCM.o
                0x0000000008007f90                DCM_brakeMot
 .text.DCM_staMot
                0x0000000008007fb6       0x22 ./Core/Src/hal/DCM.o
                0x0000000008007fb6                DCM_staMot
 .text.DCM_staMotAll
                0x0000000008007fd8       0x14 ./Core/Src/hal/DCM.o
                0x0000000008007fd8                DCM_staMotAll
 .text.DCM_setPwmDuty
                0x0000000008007fec       0x74 ./Core/Src/hal/DCM.o
                0x0000000008007fec                DCM_setPwmDuty
 .text.Get_encoder_value
                0x0000000008008060       0x30 ./Core/Src/hal/encoder.o
                0x0000000008008060                Get_encoder_value
 .text.MA702_ReadByte
                0x0000000008008090       0x38 ./Core/Src/hal/encoder.o
                0x0000000008008090                MA702_ReadByte
 .text.recv_spi_encoder
                0x00000000080080c8       0x1a ./Core/Src/hal/encoder.o
                0x00000000080080c8                recv_spi_encoder
 *fill*         0x00000000080080e2        0x2 
 .text.Set_encoder_data
                0x00000000080080e4       0x6c ./Core/Src/hal/encoder.o
                0x00000000080080e4                Set_encoder_data
 .text.Runmode_check
                0x0000000008008150       0x84 ./Core/Src/hal/encoder.o
                0x0000000008008150                Runmode_check
 .text.ENC_GetDiv
                0x00000000080081d4      0x118 ./Core/Src/hal/encoder.o
                0x00000000080081d4                ENC_GetDiv
 .text.ENC_setref
                0x00000000080082ec       0x30 ./Core/Src/hal/encoder.o
                0x00000000080082ec                ENC_setref
 .text.ICM_42688_whoami
                0x000000000800831c       0x34 ./Core/Src/hal/gyro.o
                0x000000000800831c                ICM_42688_whoami
 .text.ICM_42688_WriteByte
                0x0000000008008350       0x32 ./Core/Src/hal/gyro.o
                0x0000000008008350                ICM_42688_WriteByte
 .text.ICM_42688_ReadByte
                0x0000000008008382       0x3e ./Core/Src/hal/gyro.o
                0x0000000008008382                ICM_42688_ReadByte
 .text.ICM_42688_init
                0x00000000080083c0       0x22 ./Core/Src/hal/gyro.o
                0x00000000080083c0                ICM_42688_init
 .text.ICM_42688_GyroRead_DMA
                0x00000000080083e2       0x1c ./Core/Src/hal/gyro.o
                0x00000000080083e2                ICM_42688_GyroRead_DMA
 *fill*         0x00000000080083fe        0x2 
 .text.ICM_42688_GyroData
                0x0000000008008400       0x2c ./Core/Src/hal/gyro.o
                0x0000000008008400                ICM_42688_GyroData
 .text.GYRO_SetRef
                0x000000000800842c       0x5c ./Core/Src/hal/gyro.o
                0x000000000800842c                GYRO_SetRef
 .text.GYRO_getSpeedErr
                0x0000000008008488       0x9c ./Core/Src/hal/gyro.o
                0x0000000008008488                GYRO_getSpeedErr
 .text.GYRO_getNowAngle
                0x0000000008008524       0x1c ./Core/Src/hal/gyro.o
                0x0000000008008524                GYRO_getNowAngle
 .text.GYRO_getRef
                0x0000000008008540       0x20 ./Core/Src/hal/gyro.o
                0x0000000008008540                GYRO_getRef
 .text.GYRO_Pol
                0x0000000008008560       0x68 ./Core/Src/hal/gyro.o
                0x0000000008008560                GYRO_Pol
 .text.GYRO_staErrChkAngle
                0x00000000080085c8       0x24 ./Core/Src/hal/gyro.o
                0x00000000080085c8                GYRO_staErrChkAngle
 .text.GYRO_endErrChkAngle
                0x00000000080085ec       0x24 ./Core/Src/hal/gyro.o
                0x00000000080085ec                GYRO_endErrChkAngle
 .text.HAL_init
                0x0000000008008610       0x70 ./Core/Src/hal/init.o
                0x0000000008008610                HAL_init
 .text.TIME_init
                0x0000000008008680       0x2c ./Core/Src/hal/init.o
                0x0000000008008680                TIME_init
 .text.log_in2  0x00000000080086ac      0x114 ./Core/Src/hal/log.o
                0x00000000080086ac                log_in2
 .text.log_interrupt
                0x00000000080087c0       0x94 ./Core/Src/hal/log.o
                0x00000000080087c0                log_interrupt
 .text.log_flag_on
                0x0000000008008854       0x18 ./Core/Src/hal/log.o
                0x0000000008008854                log_flag_on
 .text.log_flag_off
                0x000000000800886c       0x18 ./Core/Src/hal/log.o
                0x000000000800886c                log_flag_off
 .text.log_read2
                0x0000000008008884      0x17c ./Core/Src/hal/log.o
                0x0000000008008884                log_read2
 .text.SYS_start
                0x0000000008008a00       0xc0 ./Core/Src/hal/mode.o
                0x0000000008008a00                SYS_start
 .text.MODE_inc
                0x0000000008008ac0       0xe4 ./Core/Src/hal/mode.o
                0x0000000008008ac0                MODE_inc
 .text.MODE_exe_m0
                0x0000000008008ba4      0x2c8 ./Core/Src/hal/mode.o
                0x0000000008008ba4                MODE_exe_m0
 .text.MODE_exe_m1
                0x0000000008008e6c       0xdc ./Core/Src/hal/mode.o
                0x0000000008008e6c                MODE_exe_m1
 .text.MODE_exe_m2
                0x0000000008008f48      0x348 ./Core/Src/hal/mode.o
                0x0000000008008f48                MODE_exe_m2
 .text.MODE_exe_m3
                0x0000000008009290      0x478 ./Core/Src/hal/mode.o
                0x0000000008009290                MODE_exe_m3
 .text.MODE_exe_m4
                0x0000000008009708      0x348 ./Core/Src/hal/mode.o
                0x0000000008009708                MODE_exe_m4
 .text.MODE_exe
                0x0000000008009a50      0x2cc ./Core/Src/hal/mode.o
                0x0000000008009a50                MODE_exe
 .text.MODE_DistRightCheck
                0x0000000008009d1c       0x2e ./Core/Src/hal/mode.o
                0x0000000008009d1c                MODE_DistRightCheck
 .text.MODE_DistLeftCheck
                0x0000000008009d4a       0x2c ./Core/Src/hal/mode.o
                0x0000000008009d4a                MODE_DistLeftCheck
 .text.MODE_setWaitCheck
                0x0000000008009d76       0x54 ./Core/Src/hal/mode.o
                0x0000000008009d76                MODE_setWaitCheck
 .text.MODE_CheckExe
                0x0000000008009dca       0x50 ./Core/Src/hal/mode.o
                0x0000000008009dca                MODE_CheckExe
 .text.MOT_getAcc1
                0x0000000008009e1a       0x18 ./Core/Src/hal/run.o
                0x0000000008009e1a                MOT_getAcc1
 .text.MOT_getAcc3
                0x0000000008009e32       0x18 ./Core/Src/hal/run.o
                0x0000000008009e32                MOT_getAcc3
 *fill*         0x0000000008009e4a        0x2 
 .text.MOT_goBlock_AccConstDec
                0x0000000008009e4c      0x3f8 ./Core/Src/hal/run.o
                0x0000000008009e4c                MOT_goBlock_AccConstDec
 .text.MOT_setData_ACC_CONST_DEC
                0x000000000800a244      0x100 ./Core/Src/hal/run.o
                0x000000000800a244                MOT_setData_ACC_CONST_DEC
 *fill*         0x000000000800a344        0x4 
 .text.MOT_setData_MOT_ACC_CONST_DEC_CUSTOM
                0x000000000800a348      0x210 ./Core/Src/hal/run.o
                0x000000000800a348                MOT_setData_MOT_ACC_CONST_DEC_CUSTOM
 .text.MOT_setData_MOT_ACC_CONST
                0x000000000800a558       0xb0 ./Core/Src/hal/run.o
                0x000000000800a558                MOT_setData_MOT_ACC_CONST
 .text.MOT_setData_MOT_ACC_CONST_CUSTOM
                0x000000000800a608      0x118 ./Core/Src/hal/run.o
                0x000000000800a608                MOT_setData_MOT_ACC_CONST_CUSTOM
 .text.MOT_setData_MOT_CONST_DEC
                0x000000000800a720       0xbc ./Core/Src/hal/run.o
                0x000000000800a720                MOT_setData_MOT_CONST_DEC
 *fill*         0x000000000800a7dc        0x4 
 .text.MOT_setData_MOT_CONST_DEC_CUSTOM
                0x000000000800a7e0      0x128 ./Core/Src/hal/run.o
                0x000000000800a7e0                MOT_setData_MOT_CONST_DEC_CUSTOM
 .text.MOT_getStType
                0x000000000800a908      0x2a0 ./Core/Src/hal/run.o
                0x000000000800a908                MOT_getStType
 .text.MOT_go_FinSpeed
                0x000000000800aba8      0x120 ./Core/Src/hal/run.o
                0x000000000800aba8                MOT_go_FinSpeed
 .text.MOT_goBlock_FinSpeed
                0x000000000800acc8       0x24 ./Core/Src/hal/run.o
                0x000000000800acc8                MOT_goBlock_FinSpeed
 .text.MOT_goSkewBlock_FinSpeed
                0x000000000800acec       0x24 ./Core/Src/hal/run.o
                0x000000000800acec                MOT_goSkewBlock_FinSpeed
 .text.MOT_goBlock_Const
                0x000000000800ad10      0x250 ./Core/Src/hal/run.o
                0x000000000800ad10                MOT_goBlock_Const
 .text.MOT_getAccAngle1
                0x000000000800af60       0x18 ./Core/Src/hal/run.o
                0x000000000800af60                MOT_getAccAngle1
 .text.MOT_getAccAngle3
                0x000000000800af78       0x18 ./Core/Src/hal/run.o
                0x000000000800af78                MOT_getAccAngle3
 .text.MOT_turn
                0x000000000800af90      0x5e4 ./Core/Src/hal/run.o
                0x000000000800af90                MOT_turn
 .text.MOT_setSuraStaSpeed
                0x000000000800b574       0x20 ./Core/Src/hal/run.o
                0x000000000800b574                MOT_setSuraStaSpeed
 .text.MOT_getSuraStaSpeed
                0x000000000800b594       0x1c ./Core/Src/hal/run.o
                0x000000000800b594                MOT_getSuraStaSpeed
 .text.MOT_setTrgtSpeed
                0x000000000800b5b0       0x2c ./Core/Src/hal/run.o
                0x000000000800b5b0                MOT_setTrgtSpeed
 .text.MOT_setNowSpeed
                0x000000000800b5dc       0x20 ./Core/Src/hal/run.o
                0x000000000800b5dc                MOT_setNowSpeed
 .text.MOT_goHitBackWall
                0x000000000800b5fc       0xa0 ./Core/Src/hal/run.o
                0x000000000800b5fc                MOT_goHitBackWall
 *fill*         0x000000000800b69c        0x4 
 .text.MOT_goSla
                0x000000000800b6a0      0x7bc ./Core/Src/hal/run.o
                0x000000000800b6a0                MOT_goSla
 .text.MOT_setWallEdgeType
                0x000000000800be5c       0x2c ./Core/Src/hal/run.o
                0x000000000800be5c                MOT_setWallEdgeType
 .text.MOT_getWallEdgeType
                0x000000000800be88       0x18 ./Core/Src/hal/run.o
                0x000000000800be88                MOT_getWallEdgeType
 .text.MOT_setWallEdge
                0x000000000800bea0       0x20 ./Core/Src/hal/run.o
                0x000000000800bea0                MOT_setWallEdge
 .text.MOT_setWallEdgeDist
                0x000000000800bec0       0xa0 ./Core/Src/hal/run.o
                0x000000000800bec0                MOT_setWallEdgeDist
 .text.MOT_setWallEdgeDist_LoopWait
                0x000000000800bf60       0x34 ./Core/Src/hal/run.o
                0x000000000800bf60                MOT_setWallEdgeDist_LoopWait
 *fill*         0x000000000800bf94        0x4 
 .text.DIST_Front_Wall_correction
                0x000000000800bf98       0xcc ./Core/Src/hal/run.o
                0x000000000800bf98                DIST_Front_Wall_correction
 .text.BAT_Pol  0x000000000800c064       0xcc ./Core/Src/hal/sen_batt.o
                0x000000000800c064                BAT_Pol
 .text.get_battLv
                0x000000000800c130       0x94 ./Core/Src/hal/sen_batt.o
                0x000000000800c130                get_battLv
 .text.DIST_init
                0x000000000800c1c4       0x94 ./Core/Src/hal/sen_dist.o
                0x000000000800c1c4                DIST_init
 .text.DIST_getNowVal
                0x000000000800c258       0x2c ./Core/Src/hal/sen_dist.o
                0x000000000800c258                DIST_getNowVal
 *fill*         0x000000000800c284        0x4 
 .text.DIST_getErr
                0x000000000800c288      0x32c ./Core/Src/hal/sen_dist.o
                0x000000000800c288                DIST_getErr
 .text.DIST_getErrSkew
                0x000000000800c5b4       0xa4 ./Core/Src/hal/sen_dist.o
                0x000000000800c5b4                DIST_getErrSkew
 .text.DIST_Pol_FL
                0x000000000800c658       0x70 ./Core/Src/hal/sen_dist.o
                0x000000000800c658                DIST_Pol_FL
 .text.DIST_Pol_FR
                0x000000000800c6c8       0x70 ./Core/Src/hal/sen_dist.o
                0x000000000800c6c8                DIST_Pol_FR
 .text.DIST_Pol_SL
                0x000000000800c738       0x70 ./Core/Src/hal/sen_dist.o
                0x000000000800c738                DIST_Pol_SL
 .text.DIST_Pol_SR
                0x000000000800c7a8       0x6c ./Core/Src/hal/sen_dist.o
                0x000000000800c7a8                DIST_Pol_SR
 .text.Get_Sen_Nowdata
                0x000000000800c814       0x34 ./Core/Src/hal/sen_dist.o
                0x000000000800c814                Get_Sen_Nowdata
 .text.DIST_isWall_FRONT
                0x000000000800c848       0x38 ./Core/Src/hal/sen_dist.o
                0x000000000800c848                DIST_isWall_FRONT
 .text.DIST_isWall_R_SIDE
                0x000000000800c880       0x2c ./Core/Src/hal/sen_dist.o
                0x000000000800c880                DIST_isWall_R_SIDE
 .text.DIST_isWall_L_SIDE
                0x000000000800c8ac       0x2c ./Core/Src/hal/sen_dist.o
                0x000000000800c8ac                DIST_isWall_L_SIDE
 .text.MAP_refPos
                0x000000000800c8d8      0x620 ./Core/Src/search/map_cmd.o
                0x000000000800c8d8                MAP_refPos
 .text.MAP_setWallCut
                0x000000000800cef8      0x8d0 ./Core/Src/search/map_cmd.o
                0x000000000800cef8                MAP_setWallCut
 .text.MAP_setCmdPos
                0x000000000800d7c8       0x54 ./Core/Src/search/map_cmd.o
                0x000000000800d7c8                MAP_setCmdPos
 .text.MAP_showCmdLog
                0x000000000800d81c       0xa0 ./Core/Src/search/map_cmd.o
                0x000000000800d81c                MAP_showCmdLog
 .text.MAP_makeCmdList
                0x000000000800d8bc      0x4b0 ./Core/Src/search/map_cmd.o
                0x000000000800d8bc                MAP_makeCmdList
 .text.MAP_makeSuraCmdList
                0x000000000800dd6c      0x2f8 ./Core/Src/search/map_cmd.o
                0x000000000800dd6c                MAP_makeSuraCmdList
 .text.MAP_makeSkewCmdList
                0x000000000800e064      0xf6c ./Core/Src/search/map_cmd.o
                0x000000000800e064                MAP_makeSkewCmdList
 .text.MAP_drive
                0x000000000800efd0      0x66c ./Core/Src/search/map_cmd.o
                0x000000000800efd0                MAP_drive
 .text.MAP_searchCmdList
                0x000000000800f63c      0x438 ./Core/Src/search/map_cmd.o
                0x000000000800f63c                MAP_searchCmdList
 .text.FLASH_Lock
                0x000000000800fa74       0x20 ./Core/Src/search/map_flash.o
 .text.FLASH_Unlock
                0x000000000800fa94       0x28 ./Core/Src/search/map_flash.o
 .text.map_write
                0x000000000800fabc       0x28 ./Core/Src/search/map_flash.o
                0x000000000800fabc                map_write
 .text.map_copy
                0x000000000800fae4       0x4c ./Core/Src/search/map_flash.o
                0x000000000800fae4                map_copy
 .text.map_erase
                0x000000000800fb30       0x16 ./Core/Src/search/map_flash.o
                0x000000000800fb30                map_erase
 *fill*         0x000000000800fb46        0x2 
 .text.MAP_init
                0x000000000800fb48       0x40 ./Core/Src/search/search.o
                0x000000000800fb48                MAP_init
 .text.MAP_Goal_init
                0x000000000800fb88       0x24 ./Core/Src/search/search.o
                0x000000000800fb88                MAP_Goal_init
 .text.MAP_setPos
                0x000000000800fbac       0x44 ./Core/Src/search/search.o
                0x000000000800fbac                MAP_setPos
 .text.MAP_showLog
                0x000000000800fbf0      0x198 ./Core/Src/search/search.o
                0x000000000800fbf0                MAP_showLog
 .text.MAP_clearMap
                0x000000000800fd88       0xd8 ./Core/Src/search/search.o
                0x000000000800fd88                MAP_clearMap
 .text.MAP_getWallData
                0x000000000800fe60       0xb0 ./Core/Src/search/search.o
                0x000000000800fe60                MAP_getWallData
 .text.MAP_makeMapData
                0x000000000800ff10      0x1ac ./Core/Src/search/search.o
                0x000000000800ff10                MAP_makeMapData
 .text.setStep  0x00000000080100bc       0x5c ./Core/Src/search/search.o
                0x00000000080100bc                setStep
 .text.MAP_makeContourMap_kai2
                0x0000000008010118      0x3d4 ./Core/Src/search/search.o
                0x0000000008010118                MAP_makeContourMap_kai2
 .text.MAP_makeContourMap_run
                0x00000000080104ec      0x3cc ./Core/Src/search/search.o
                0x00000000080104ec                MAP_makeContourMap_run
 .text.MAP_calcMouseDir
                0x00000000080108b8      0x218 ./Core/Src/search/search.o
                0x00000000080108b8                MAP_calcMouseDir
 .text.MAP_refMousePos
                0x0000000008010ad0       0x78 ./Core/Src/search/search.o
                0x0000000008010ad0                MAP_refMousePos
 .text.MAP_moveNextBlock
                0x0000000008010b48      0x164 ./Core/Src/search/search.o
                0x0000000008010b48                MAP_moveNextBlock
 .text.MAP_moveNextBlock_Sura
                0x0000000008010cac      0x4f4 ./Core/Src/search/search.o
                0x0000000008010cac                MAP_moveNextBlock_Sura
 .text.MAP_actGoal
                0x00000000080111a0       0x4c ./Core/Src/search/search.o
                0x00000000080111a0                MAP_actGoal
 .text.MAP_actGoalLED
                0x00000000080111ec       0x6c ./Core/Src/search/search.o
                0x00000000080111ec                MAP_actGoalLED
 .text.MAP_Goalsize
                0x0000000008011258       0x68 ./Core/Src/search/search.o
                0x0000000008011258                MAP_Goalsize
 .text.MAP_makeReturnContourMap
                0x00000000080112c0      0x388 ./Core/Src/search/search.o
                0x00000000080112c0                MAP_makeReturnContourMap
 .text.MAP_KnownAcc
                0x0000000008011648       0xe8 ./Core/Src/search/search.o
                0x0000000008011648                MAP_KnownAcc
 .text.MAP_moveNextBlock_acc
                0x0000000008011730      0xbb8 ./Core/Src/search/search.o
                0x0000000008011730                MAP_moveNextBlock_acc
 .text.MAP_searchGoal
                0x00000000080122e8      0x2b0 ./Core/Src/search/search.o
                0x00000000080122e8                MAP_searchGoal
 .text.MAP_searchGoalKnown
                0x0000000008012598      0x32c ./Core/Src/search/search.o
                0x0000000008012598                MAP_searchGoalKnown
 .text.Reset_Handler
                0x00000000080128c4       0x50 ./Core/Startup/startup_stm32g474cetx.o
                0x00000000080128c4                Reset_Handler
 .text.Default_Handler
                0x0000000008012914        0x2 ./Core/Startup/startup_stm32g474cetx.o
                0x0000000008012914                RTC_Alarm_IRQHandler
                0x0000000008012914                EXTI2_IRQHandler
                0x0000000008012914                TIM8_TRG_COM_IRQHandler
                0x0000000008012914                TIM8_CC_IRQHandler
                0x0000000008012914                HRTIM1_Master_IRQHandler
                0x0000000008012914                SPI4_IRQHandler
                0x0000000008012914                FDCAN3_IT0_IRQHandler
                0x0000000008012914                TIM1_CC_IRQHandler
                0x0000000008012914                HRTIM1_FLT_IRQHandler
                0x0000000008012914                HRTIM1_TIMF_IRQHandler
                0x0000000008012914                USB_HP_IRQHandler
                0x0000000008012914                CORDIC_IRQHandler
                0x0000000008012914                HRTIM1_TIMD_IRQHandler
                0x0000000008012914                DMA2_Channel8_IRQHandler
                0x0000000008012914                EXTI3_IRQHandler
                0x0000000008012914                I2C3_ER_IRQHandler
                0x0000000008012914                EXTI0_IRQHandler
                0x0000000008012914                I2C2_EV_IRQHandler
                0x0000000008012914                FPU_IRQHandler
                0x0000000008012914                FDCAN1_IT1_IRQHandler
                0x0000000008012914                ADC1_2_IRQHandler
                0x0000000008012914                HRTIM1_TIME_IRQHandler
                0x0000000008012914                SPI1_IRQHandler
                0x0000000008012914                HRTIM1_TIMC_IRQHandler
                0x0000000008012914                TIM8_UP_IRQHandler
                0x0000000008012914                DMA2_Channel2_IRQHandler
                0x0000000008012914                TIM20_TRG_COM_IRQHandler
                0x0000000008012914                USART3_IRQHandler
                0x0000000008012914                DMA1_Channel7_IRQHandler
                0x0000000008012914                UART5_IRQHandler
                0x0000000008012914                ADC3_IRQHandler
                0x0000000008012914                DMA2_Channel1_IRQHandler
                0x0000000008012914                QUADSPI_IRQHandler
                0x0000000008012914                I2C1_EV_IRQHandler
                0x0000000008012914                UART4_IRQHandler
                0x0000000008012914                DMA2_Channel4_IRQHandler
                0x0000000008012914                TIM3_IRQHandler
                0x0000000008012914                RCC_IRQHandler
                0x0000000008012914                TIM20_UP_IRQHandler
                0x0000000008012914                Default_Handler
                0x0000000008012914                DMA2_Channel7_IRQHandler
                0x0000000008012914                RTC_TAMP_LSECSS_IRQHandler
                0x0000000008012914                FMAC_IRQHandler
                0x0000000008012914                EXTI15_10_IRQHandler
                0x0000000008012914                DMA1_Channel8_IRQHandler
                0x0000000008012914                HRTIM1_TIMA_IRQHandler
                0x0000000008012914                TIM7_DAC_IRQHandler
                0x0000000008012914                FDCAN3_IT1_IRQHandler
                0x0000000008012914                UCPD1_IRQHandler
                0x0000000008012914                I2C3_EV_IRQHandler
                0x0000000008012914                EXTI9_5_IRQHandler
                0x0000000008012914                RTC_WKUP_IRQHandler
                0x0000000008012914                PVD_PVM_IRQHandler
                0x0000000008012914                SPI2_IRQHandler
                0x0000000008012914                ADC5_IRQHandler
                0x0000000008012914                DMA2_Channel5_IRQHandler
                0x0000000008012914                CRS_IRQHandler
                0x0000000008012914                USB_LP_IRQHandler
                0x0000000008012914                EXTI4_IRQHandler
                0x0000000008012914                RNG_IRQHandler
                0x0000000008012914                HRTIM1_TIMB_IRQHandler
                0x0000000008012914                TIM1_TRG_COM_TIM17_IRQHandler
                0x0000000008012914                FDCAN2_IT1_IRQHandler
                0x0000000008012914                ADC4_IRQHandler
                0x0000000008012914                WWDG_IRQHandler
                0x0000000008012914                I2C4_EV_IRQHandler
                0x0000000008012914                FDCAN2_IT0_IRQHandler
                0x0000000008012914                LPUART1_IRQHandler
                0x0000000008012914                DMA2_Channel6_IRQHandler
                0x0000000008012914                FDCAN1_IT0_IRQHandler
                0x0000000008012914                TIM2_IRQHandler
                0x0000000008012914                COMP7_IRQHandler
                0x0000000008012914                COMP1_2_3_IRQHandler
                0x0000000008012914                EXTI1_IRQHandler
                0x0000000008012914                USART2_IRQHandler
                0x0000000008012914                COMP4_5_6_IRQHandler
                0x0000000008012914                TIM20_BRK_IRQHandler
                0x0000000008012914                I2C2_ER_IRQHandler
                0x0000000008012914                TIM8_BRK_IRQHandler
                0x0000000008012914                FLASH_IRQHandler
                0x0000000008012914                TIM20_CC_IRQHandler
                0x0000000008012914                USART1_IRQHandler
                0x0000000008012914                SPI3_IRQHandler
                0x0000000008012914                I2C1_ER_IRQHandler
                0x0000000008012914                FMC_IRQHandler
                0x0000000008012914                LPTIM1_IRQHandler
                0x0000000008012914                DMAMUX_OVR_IRQHandler
                0x0000000008012914                I2C4_ER_IRQHandler
                0x0000000008012914                USBWakeUp_IRQHandler
                0x0000000008012914                SAI1_IRQHandler
                0x0000000008012914                DMA2_Channel3_IRQHandler
                0x0000000008012914                TIM1_BRK_TIM15_IRQHandler
 .text.LL_ADC_REG_SetSequencerLength
                0x0000000008012916       0x26 ./Drivers/STM32G4xx_HAL_Driver/Src/stm32g4xx_ll_adc.o
 .text.LL_ADC_IsEnabled
                0x000000000801293c       0x26 ./Drivers/STM32G4xx_HAL_Driver/Src/stm32g4xx_ll_adc.o
 *fill*         0x0000000008012962        0x2 
 .text.LL_ADC_CommonInit
                0x0000000008012964       0xc8 ./Drivers/STM32G4xx_HAL_Driver/Src/stm32g4xx_ll_adc.o
                0x0000000008012964                LL_ADC_CommonInit
 .text.LL_ADC_Init
                0x0000000008012a2c       0x4c ./Drivers/STM32G4xx_HAL_Driver/Src/stm32g4xx_ll_adc.o
                0x0000000008012a2c                LL_ADC_Init
 .text.LL_ADC_REG_Init
                0x0000000008012a78       0x94 ./Drivers/STM32G4xx_HAL_Driver/Src/stm32g4xx_ll_adc.o
                0x0000000008012a78                LL_ADC_REG_Init
 .text.LL_GPIO_SetPinMode
                0x0000000008012b0c       0x7a ./Drivers/STM32G4xx_HAL_Driver/Src/stm32g4xx_ll_gpio.o
 .text.LL_GPIO_SetPinOutputType
                0x0000000008012b86       0x30 ./Drivers/STM32G4xx_HAL_Driver/Src/stm32g4xx_ll_gpio.o
 .text.LL_GPIO_SetPinSpeed
                0x0000000008012bb6       0x7a ./Drivers/STM32G4xx_HAL_Driver/Src/stm32g4xx_ll_gpio.o
 .text.LL_GPIO_SetPinPull
                0x0000000008012c30       0x7a ./Drivers/STM32G4xx_HAL_Driver/Src/stm32g4xx_ll_gpio.o
 .text.LL_GPIO_SetAFPin_0_7
                0x0000000008012caa       0x7a ./Drivers/STM32G4xx_HAL_Driver/Src/stm32g4xx_ll_gpio.o
 .text.LL_GPIO_SetAFPin_8_15
                0x0000000008012d24       0x7e ./Drivers/STM32G4xx_HAL_Driver/Src/stm32g4xx_ll_gpio.o
 .text.LL_GPIO_Init
                0x0000000008012da2       0xdc ./Drivers/STM32G4xx_HAL_Driver/Src/stm32g4xx_ll_gpio.o
                0x0000000008012da2                LL_GPIO_Init
 *fill*         0x0000000008012e7e        0x2 
 .text.LL_RCC_HSI_IsReady
                0x0000000008012e80       0x28 ./Drivers/STM32G4xx_HAL_Driver/Src/stm32g4xx_ll_rcc.o
 .text.LL_RCC_LSE_IsReady
                0x0000000008012ea8       0x28 ./Drivers/STM32G4xx_HAL_Driver/Src/stm32g4xx_ll_rcc.o
 .text.LL_RCC_GetSysClkSource
                0x0000000008012ed0       0x1c ./Drivers/STM32G4xx_HAL_Driver/Src/stm32g4xx_ll_rcc.o
 .text.LL_RCC_GetAHBPrescaler
                0x0000000008012eec       0x1c ./Drivers/STM32G4xx_HAL_Driver/Src/stm32g4xx_ll_rcc.o
 .text.LL_RCC_GetAPB1Prescaler
                0x0000000008012f08       0x1c ./Drivers/STM32G4xx_HAL_Driver/Src/stm32g4xx_ll_rcc.o
 .text.LL_RCC_GetAPB2Prescaler
                0x0000000008012f24       0x1c ./Drivers/STM32G4xx_HAL_Driver/Src/stm32g4xx_ll_rcc.o
 .text.LL_RCC_GetUSARTClockSource
                0x0000000008012f40       0x28 ./Drivers/STM32G4xx_HAL_Driver/Src/stm32g4xx_ll_rcc.o
 .text.LL_RCC_GetUARTClockSource
                0x0000000008012f68       0x28 ./Drivers/STM32G4xx_HAL_Driver/Src/stm32g4xx_ll_rcc.o
 .text.LL_RCC_PLL_GetMainSource
                0x0000000008012f90       0x1c ./Drivers/STM32G4xx_HAL_Driver/Src/stm32g4xx_ll_rcc.o
 .text.LL_RCC_PLL_GetN
                0x0000000008012fac       0x1c ./Drivers/STM32G4xx_HAL_Driver/Src/stm32g4xx_ll_rcc.o
 .text.LL_RCC_PLL_GetR
                0x0000000008012fc8       0x1c ./Drivers/STM32G4xx_HAL_Driver/Src/stm32g4xx_ll_rcc.o
 .text.LL_RCC_PLL_GetDivider
                0x0000000008012fe4       0x1c ./Drivers/STM32G4xx_HAL_Driver/Src/stm32g4xx_ll_rcc.o
 .text.LL_RCC_GetUSARTClockFreq
                0x0000000008013000      0x18c ./Drivers/STM32G4xx_HAL_Driver/Src/stm32g4xx_ll_rcc.o
                0x0000000008013000                LL_RCC_GetUSARTClockFreq
 .text.LL_RCC_GetUARTClockFreq
                0x000000000801318c      0x114 ./Drivers/STM32G4xx_HAL_Driver/Src/stm32g4xx_ll_rcc.o
                0x000000000801318c                LL_RCC_GetUARTClockFreq
 .text.RCC_GetSystemClockFreq
                0x00000000080132a0       0x4c ./Drivers/STM32G4xx_HAL_Driver/Src/stm32g4xx_ll_rcc.o
                0x00000000080132a0                RCC_GetSystemClockFreq
 .text.RCC_GetHCLKClockFreq
                0x00000000080132ec       0x30 ./Drivers/STM32G4xx_HAL_Driver/Src/stm32g4xx_ll_rcc.o
                0x00000000080132ec                RCC_GetHCLKClockFreq
 .text.RCC_GetPCLK1ClockFreq
                0x000000000801331c       0x2c ./Drivers/STM32G4xx_HAL_Driver/Src/stm32g4xx_ll_rcc.o
                0x000000000801331c                RCC_GetPCLK1ClockFreq
 .text.RCC_GetPCLK2ClockFreq
                0x0000000008013348       0x2c ./Drivers/STM32G4xx_HAL_Driver/Src/stm32g4xx_ll_rcc.o
                0x0000000008013348                RCC_GetPCLK2ClockFreq
 .text.RCC_PLL_GetFreqDomain_SYS
                0x0000000008013374       0x68 ./Drivers/STM32G4xx_HAL_Driver/Src/stm32g4xx_ll_rcc.o
                0x0000000008013374                RCC_PLL_GetFreqDomain_SYS
 .text.LL_SPI_IsEnabled
                0x00000000080133dc       0x26 ./Drivers/STM32G4xx_HAL_Driver/Src/stm32g4xx_ll_spi.o
 .text.LL_SPI_SetCRCPolynomial
                0x0000000008013402       0x20 ./Drivers/STM32G4xx_HAL_Driver/Src/stm32g4xx_ll_spi.o
 .text.LL_SPI_Init
                0x0000000008013422       0xa8 ./Drivers/STM32G4xx_HAL_Driver/Src/stm32g4xx_ll_spi.o
                0x0000000008013422                LL_SPI_Init
 .text.LL_TIM_SetPrescaler
                0x00000000080134ca       0x1c ./Drivers/STM32G4xx_HAL_Driver/Src/stm32g4xx_ll_tim.o
 .text.LL_TIM_SetAutoReload
                0x00000000080134e6       0x1c ./Drivers/STM32G4xx_HAL_Driver/Src/stm32g4xx_ll_tim.o
 .text.LL_TIM_SetRepetitionCounter
                0x0000000008013502       0x1c ./Drivers/STM32G4xx_HAL_Driver/Src/stm32g4xx_ll_tim.o
 .text.LL_TIM_OC_SetCompareCH1
                0x000000000801351e       0x1c ./Drivers/STM32G4xx_HAL_Driver/Src/stm32g4xx_ll_tim.o
 .text.LL_TIM_OC_SetCompareCH2
                0x000000000801353a       0x1c ./Drivers/STM32G4xx_HAL_Driver/Src/stm32g4xx_ll_tim.o
 .text.LL_TIM_OC_SetCompareCH3
                0x0000000008013556       0x1c ./Drivers/STM32G4xx_HAL_Driver/Src/stm32g4xx_ll_tim.o
 .text.LL_TIM_OC_SetCompareCH4
                0x0000000008013572       0x1c ./Drivers/STM32G4xx_HAL_Driver/Src/stm32g4xx_ll_tim.o
 .text.LL_TIM_OC_SetCompareCH5
                0x000000000801358e       0x20 ./Drivers/STM32G4xx_HAL_Driver/Src/stm32g4xx_ll_tim.o
 .text.LL_TIM_OC_SetCompareCH6
                0x00000000080135ae       0x1c ./Drivers/STM32G4xx_HAL_Driver/Src/stm32g4xx_ll_tim.o
 .text.LL_TIM_GenerateEvent_UPDATE
                0x00000000080135ca       0x20 ./Drivers/STM32G4xx_HAL_Driver/Src/stm32g4xx_ll_tim.o
 *fill*         0x00000000080135ea        0x2 
 .text.LL_TIM_Init
                0x00000000080135ec      0x144 ./Drivers/STM32G4xx_HAL_Driver/Src/stm32g4xx_ll_tim.o
                0x00000000080135ec                LL_TIM_Init
 .text.LL_TIM_OC_Init
                0x0000000008013730       0xbe ./Drivers/STM32G4xx_HAL_Driver/Src/stm32g4xx_ll_tim.o
                0x0000000008013730                LL_TIM_OC_Init
 *fill*         0x00000000080137ee        0x2 
 .text.LL_TIM_BDTR_Init
                0x00000000080137f0      0x124 ./Drivers/STM32G4xx_HAL_Driver/Src/stm32g4xx_ll_tim.o
                0x00000000080137f0                LL_TIM_BDTR_Init
 .text.OC1Config
                0x0000000008013914      0x10c ./Drivers/STM32G4xx_HAL_Driver/Src/stm32g4xx_ll_tim.o
 .text.OC2Config
                0x0000000008013a20      0x114 ./Drivers/STM32G4xx_HAL_Driver/Src/stm32g4xx_ll_tim.o
 .text.OC3Config
                0x0000000008013b34      0x114 ./Drivers/STM32G4xx_HAL_Driver/Src/stm32g4xx_ll_tim.o
 .text.OC4Config
                0x0000000008013c48      0x114 ./Drivers/STM32G4xx_HAL_Driver/Src/stm32g4xx_ll_tim.o
 .text.OC5Config
                0x0000000008013d5c       0xd4 ./Drivers/STM32G4xx_HAL_Driver/Src/stm32g4xx_ll_tim.o
 .text.OC6Config
                0x0000000008013e30       0xd4 ./Drivers/STM32G4xx_HAL_Driver/Src/stm32g4xx_ll_tim.o
 .text.LL_USART_IsEnabled
                0x0000000008013f04       0x26 ./Drivers/STM32G4xx_HAL_Driver/Src/stm32g4xx_ll_usart.o
 .text.LL_USART_SetPrescaler
                0x0000000008013f2a       0x28 ./Drivers/STM32G4xx_HAL_Driver/Src/stm32g4xx_ll_usart.o
 .text.LL_USART_SetStopBitsLength
                0x0000000008013f52       0x26 ./Drivers/STM32G4xx_HAL_Driver/Src/stm32g4xx_ll_usart.o
 .text.LL_USART_SetHWFlowCtrl
                0x0000000008013f78       0x26 ./Drivers/STM32G4xx_HAL_Driver/Src/stm32g4xx_ll_usart.o
 *fill*         0x0000000008013f9e        0x2 
 .text.LL_USART_SetBaudRate
                0x0000000008013fa0       0xa0 ./Drivers/STM32G4xx_HAL_Driver/Src/stm32g4xx_ll_usart.o
 .text.LL_USART_Init
                0x0000000008014040      0x10c ./Drivers/STM32G4xx_HAL_Driver/Src/stm32g4xx_ll_usart.o
                0x0000000008014040                LL_USART_Init
 .text.LL_InitTick
                0x000000000801414c       0x34 ./Drivers/STM32G4xx_HAL_Driver/Src/stm32g4xx_ll_utils.o
 .text.LL_Init1msTick
                0x0000000008014180       0x1a ./Drivers/STM32G4xx_HAL_Driver/Src/stm32g4xx_ll_utils.o
                0x0000000008014180                LL_Init1msTick
 *fill*         0x000000000801419a        0x2 
 .text.LL_mDelay
                0x000000000801419c       0x50 ./Drivers/STM32G4xx_HAL_Driver/Src/stm32g4xx_ll_utils.o
                0x000000000801419c                LL_mDelay
 .text.LL_SetSystemCoreClock
                0x00000000080141ec       0x20 ./Drivers/STM32G4xx_HAL_Driver/Src/stm32g4xx_ll_utils.o
                0x00000000080141ec                LL_SetSystemCoreClock
 .text.__errno  0x000000000801420c        0xc c:/st/stm32cubeide_1.4.0/stm32cubeide/plugins/com.st.stm32cube.ide.mcu.externaltools.gnu-tools-for-stm32.10.3-2021.10.win32_1.0.0.202111181127/tools/bin/../lib/gcc/arm-none-eabi/10.3.1/../../../../arm-none-eabi/lib/thumb/v7e-m+fp/hard\libc_nano.a(lib_a-errno.o)
                0x000000000801420c                __errno
 .text.__libc_init_array
                0x0000000008014218       0x48 c:/st/stm32cubeide_1.4.0/stm32cubeide/plugins/com.st.stm32cube.ide.mcu.externaltools.gnu-tools-for-stm32.10.3-2021.10.win32_1.0.0.202111181127/tools/bin/../lib/gcc/arm-none-eabi/10.3.1/../../../../arm-none-eabi/lib/thumb/v7e-m+fp/hard\libc_nano.a(lib_a-init.o)
                0x0000000008014218                __libc_init_array
 .text.memcpy   0x0000000008014260       0x1c c:/st/stm32cubeide_1.4.0/stm32cubeide/plugins/com.st.stm32cube.ide.mcu.externaltools.gnu-tools-for-stm32.10.3-2021.10.win32_1.0.0.202111181127/tools/bin/../lib/gcc/arm-none-eabi/10.3.1/../../../../arm-none-eabi/lib/thumb/v7e-m+fp/hard\libc_nano.a(lib_a-memcpy-stub.o)
                0x0000000008014260                memcpy
 .text.memset   0x000000000801427c       0x10 c:/st/stm32cubeide_1.4.0/stm32cubeide/plugins/com.st.stm32cube.ide.mcu.externaltools.gnu-tools-for-stm32.10.3-2021.10.win32_1.0.0.202111181127/tools/bin/../lib/gcc/arm-none-eabi/10.3.1/../../../../arm-none-eabi/lib/thumb/v7e-m+fp/hard\libc_nano.a(lib_a-memset.o)
                0x000000000801427c                memset
 .text.__cvt    0x000000000801428c       0xc4 c:/st/stm32cubeide_1.4.0/stm32cubeide/plugins/com.st.stm32cube.ide.mcu.externaltools.gnu-tools-for-stm32.10.3-2021.10.win32_1.0.0.202111181127/tools/bin/../lib/gcc/arm-none-eabi/10.3.1/../../../../arm-none-eabi/lib/thumb/v7e-m+fp/hard\libc_nano.a(lib_a-nano-vfprintf_float.o)
                0x000000000801428c                __cvt
 .text.__exponent
                0x0000000008014350       0x7c c:/st/stm32cubeide_1.4.0/stm32cubeide/plugins/com.st.stm32cube.ide.mcu.externaltools.gnu-tools-for-stm32.10.3-2021.10.win32_1.0.0.202111181127/tools/bin/../lib/gcc/arm-none-eabi/10.3.1/../../../../arm-none-eabi/lib/thumb/v7e-m+fp/hard\libc_nano.a(lib_a-nano-vfprintf_float.o)
                0x0000000008014350                __exponent
 .text._printf_float
                0x00000000080143cc      0x46c c:/st/stm32cubeide_1.4.0/stm32cubeide/plugins/com.st.stm32cube.ide.mcu.externaltools.gnu-tools-for-stm32.10.3-2021.10.win32_1.0.0.202111181127/tools/bin/../lib/gcc/arm-none-eabi/10.3.1/../../../../arm-none-eabi/lib/thumb/v7e-m+fp/hard\libc_nano.a(lib_a-nano-vfprintf_float.o)
                0x00000000080143cc                _printf_float
 .text._printf_common
                0x0000000008014838       0xda c:/st/stm32cubeide_1.4.0/stm32cubeide/plugins/com.st.stm32cube.ide.mcu.externaltools.gnu-tools-for-stm32.10.3-2021.10.win32_1.0.0.202111181127/tools/bin/../lib/gcc/arm-none-eabi/10.3.1/../../../../arm-none-eabi/lib/thumb/v7e-m+fp/hard\libc_nano.a(lib_a-nano-vfprintf_i.o)
                0x0000000008014838                _printf_common
 *fill*         0x0000000008014912        0x2 
 .text._printf_i
                0x0000000008014914      0x24c c:/st/stm32cubeide_1.4.0/stm32cubeide/plugins/com.st.stm32cube.ide.mcu.externaltools.gnu-tools-for-stm32.10.3-2021.10.win32_1.0.0.202111181127/tools/bin/../lib/gcc/arm-none-eabi/10.3.1/../../../../arm-none-eabi/lib/thumb/v7e-m+fp/hard\libc_nano.a(lib_a-nano-vfprintf_i.o)
                0x0000000008014914                _printf_i
 .text._scanf_float
                0x0000000008014b60      0x420 c:/st/stm32cubeide_1.4.0/stm32cubeide/plugins/com.st.stm32cube.ide.mcu.externaltools.gnu-tools-for-stm32.10.3-2021.10.win32_1.0.0.202111181127/tools/bin/../lib/gcc/arm-none-eabi/10.3.1/../../../../arm-none-eabi/lib/thumb/v7e-m+fp/hard\libc_nano.a(lib_a-nano-vfscanf_float.o)
                0x0000000008014b60                _scanf_float
 .text.printf   0x0000000008014f80       0x30 c:/st/stm32cubeide_1.4.0/stm32cubeide/plugins/com.st.stm32cube.ide.mcu.externaltools.gnu-tools-for-stm32.10.3-2021.10.win32_1.0.0.202111181127/tools/bin/../lib/gcc/arm-none-eabi/10.3.1/../../../../arm-none-eabi/lib/thumb/v7e-m+fp/hard\libc_nano.a(lib_a-printf.o)
                0x0000000008014f80                iprintf
                0x0000000008014f80                printf
 .text.putchar  0x0000000008014fb0       0x2c c:/st/stm32cubeide_1.4.0/stm32cubeide/plugins/com.st.stm32cube.ide.mcu.externaltools.gnu-tools-for-stm32.10.3-2021.10.win32_1.0.0.202111181127/tools/bin/../lib/gcc/arm-none-eabi/10.3.1/../../../../arm-none-eabi/lib/thumb/v7e-m+fp/hard\libc_nano.a(lib_a-putchar.o)
                0x0000000008014fb0                putchar
 .text._puts_r  0x0000000008014fdc       0xdc c:/st/stm32cubeide_1.4.0/stm32cubeide/plugins/com.st.stm32cube.ide.mcu.externaltools.gnu-tools-for-stm32.10.3-2021.10.win32_1.0.0.202111181127/tools/bin/../lib/gcc/arm-none-eabi/10.3.1/../../../../arm-none-eabi/lib/thumb/v7e-m+fp/hard\libc_nano.a(lib_a-puts.o)
                0x0000000008014fdc                _puts_r
 .text.puts     0x00000000080150b8       0x10 c:/st/stm32cubeide_1.4.0/stm32cubeide/plugins/com.st.stm32cube.ide.mcu.externaltools.gnu-tools-for-stm32.10.3-2021.10.win32_1.0.0.202111181127/tools/bin/../lib/gcc/arm-none-eabi/10.3.1/../../../../arm-none-eabi/lib/thumb/v7e-m+fp/hard\libc_nano.a(lib_a-puts.o)
                0x00000000080150b8                puts
 .text.setbuf   0x00000000080150c8       0x10 c:/st/stm32cubeide_1.4.0/stm32cubeide/plugins/com.st.stm32cube.ide.mcu.externaltools.gnu-tools-for-stm32.10.3-2021.10.win32_1.0.0.202111181127/tools/bin/../lib/gcc/arm-none-eabi/10.3.1/../../../../arm-none-eabi/lib/thumb/v7e-m+fp/hard\libc_nano.a(lib_a-setbuf.o)
                0x00000000080150c8                setbuf
 .text.setvbuf  0x00000000080150d8      0x18c c:/st/stm32cubeide_1.4.0/stm32cubeide/plugins/com.st.stm32cube.ide.mcu.externaltools.gnu-tools-for-stm32.10.3-2021.10.win32_1.0.0.202111181127/tools/bin/../lib/gcc/arm-none-eabi/10.3.1/../../../../arm-none-eabi/lib/thumb/v7e-m+fp/hard\libc_nano.a(lib_a-setvbuf.o)
                0x00000000080150d8                setvbuf
 .text.nanf     0x0000000008015264        0xc c:/st/stm32cubeide_1.4.0/stm32cubeide/plugins/com.st.stm32cube.ide.mcu.externaltools.gnu-tools-for-stm32.10.3-2021.10.win32_1.0.0.202111181127/tools/bin/../lib/gcc/arm-none-eabi/10.3.1/../../../../arm-none-eabi/lib/thumb/v7e-m+fp/hard\libc_nano.a(lib_a-sf_nan.o)
                0x0000000008015264                nanf
 .text.sprintf  0x0000000008015270       0x40 c:/st/stm32cubeide_1.4.0/stm32cubeide/plugins/com.st.stm32cube.ide.mcu.externaltools.gnu-tools-for-stm32.10.3-2021.10.win32_1.0.0.202111181127/tools/bin/../lib/gcc/arm-none-eabi/10.3.1/../../../../arm-none-eabi/lib/thumb/v7e-m+fp/hard\libc_nano.a(lib_a-sprintf.o)
                0x0000000008015270                siprintf
                0x0000000008015270                sprintf
 .text.sulp     0x00000000080152b0       0x38 c:/st/stm32cubeide_1.4.0/stm32cubeide/plugins/com.st.stm32cube.ide.mcu.externaltools.gnu-tools-for-stm32.10.3-2021.10.win32_1.0.0.202111181127/tools/bin/../lib/gcc/arm-none-eabi/10.3.1/../../../../arm-none-eabi/lib/thumb/v7e-m+fp/hard\libc_nano.a(lib_a-strtod.o)
 .text._strtod_l
                0x00000000080152e8      0xc0c c:/st/stm32cubeide_1.4.0/stm32cubeide/plugins/com.st.stm32cube.ide.mcu.externaltools.gnu-tools-for-stm32.10.3-2021.10.win32_1.0.0.202111181127/tools/bin/../lib/gcc/arm-none-eabi/10.3.1/../../../../arm-none-eabi/lib/thumb/v7e-m+fp/hard\libc_nano.a(lib_a-strtod.o)
                0x00000000080152e8                _strtod_l
 .text._strtod_r
                0x0000000008015ef4        0xc c:/st/stm32cubeide_1.4.0/stm32cubeide/plugins/com.st.stm32cube.ide.mcu.externaltools.gnu-tools-for-stm32.10.3-2021.10.win32_1.0.0.202111181127/tools/bin/../lib/gcc/arm-none-eabi/10.3.1/../../../../arm-none-eabi/lib/thumb/v7e-m+fp/hard\libc_nano.a(lib_a-strtod.o)
                0x0000000008015ef4                _strtod_r
 .text._strtol_l.constprop.0
                0x0000000008015f00      0x104 c:/st/stm32cubeide_1.4.0/stm32cubeide/plugins/com.st.stm32cube.ide.mcu.externaltools.gnu-tools-for-stm32.10.3-2021.10.win32_1.0.0.202111181127/tools/bin/../lib/gcc/arm-none-eabi/10.3.1/../../../../arm-none-eabi/lib/thumb/v7e-m+fp/hard\libc_nano.a(lib_a-strtol.o)
 .text._strtol_r
                0x0000000008016004        0x4 c:/st/stm32cubeide_1.4.0/stm32cubeide/plugins/com.st.stm32cube.ide.mcu.externaltools.gnu-tools-for-stm32.10.3-2021.10.win32_1.0.0.202111181127/tools/bin/../lib/gcc/arm-none-eabi/10.3.1/../../../../arm-none-eabi/lib/thumb/v7e-m+fp/hard\libc_nano.a(lib_a-strtol.o)
                0x0000000008016004                _strtol_r
 .text.__swbuf_r
                0x0000000008016008       0xa4 c:/st/stm32cubeide_1.4.0/stm32cubeide/plugins/com.st.stm32cube.ide.mcu.externaltools.gnu-tools-for-stm32.10.3-2021.10.win32_1.0.0.202111181127/tools/bin/../lib/gcc/arm-none-eabi/10.3.1/../../../../arm-none-eabi/lib/thumb/v7e-m+fp/hard\libc_nano.a(lib_a-wbuf.o)
                0x0000000008016008                __swbuf_r
 .text.__swsetup_r
                0x00000000080160ac       0xdc c:/st/stm32cubeide_1.4.0/stm32cubeide/plugins/com.st.stm32cube.ide.mcu.externaltools.gnu-tools-for-stm32.10.3-2021.10.win32_1.0.0.202111181127/tools/bin/../lib/gcc/arm-none-eabi/10.3.1/../../../../arm-none-eabi/lib/thumb/v7e-m+fp/hard\libc_nano.a(lib_a-wsetup.o)
                0x00000000080160ac                __swsetup_r
 .text.quorem   0x0000000008016188      0x116 c:/st/stm32cubeide_1.4.0/stm32cubeide/plugins/com.st.stm32cube.ide.mcu.externaltools.gnu-tools-for-stm32.10.3-2021.10.win32_1.0.0.202111181127/tools/bin/../lib/gcc/arm-none-eabi/10.3.1/../../../../arm-none-eabi/lib/thumb/v7e-m+fp/hard\libc_nano.a(lib_a-dtoa.o)
 *fill*         0x000000000801629e        0x2 
 .text._dtoa_r  0x00000000080162a0      0xbdc c:/st/stm32cubeide_1.4.0/stm32cubeide/plugins/com.st.stm32cube.ide.mcu.externaltools.gnu-tools-for-stm32.10.3-2021.10.win32_1.0.0.202111181127/tools/bin/../lib/gcc/arm-none-eabi/10.3.1/../../../../arm-none-eabi/lib/thumb/v7e-m+fp/hard\libc_nano.a(lib_a-dtoa.o)
                0x00000000080162a0                _dtoa_r
 .text.__sflush_r