../Core/Src/search/search.c:46:6:Is_Known_Accel	4	static
../Core/Src/search/search.c:50:6:MAP_init	8	static
../Core/Src/search/search.c:68:6:MAP_Goal_init	4	static
../Core/Src/search/search.c:74:6:MAP_Goal_change_x	8	static
../Core/Src/search/search.c:94:6:MAP_Goal_change_y	8	static
../Core/Src/search/search.c:114:6:MAP_ClearMapData	8	static
../Core/Src/search/search.c:129:6:MAP_setPos	16	static
../Core/Src/search/search.c:139:6:MAP_showLog	16	static
../Core/Src/search/search.c:194:6:MAP_showcountLog	16	static
../Core/Src/search/search.c:216:6:MAP_clearMap	16	static
../Core/Src/search/search.c:240:9:MAP_getWallData	16	static
../Core/Src/search/search.c:283:6:MAP_makeMapData	16	static
../Core/Src/search/search.c:312:9:MAP_get_refPos_WallData	16	static
../Core/Src/search/search.c:350:6:MAP_make_refPos_MapData	24	static
../Core/Src/search/search.c:491:6:setStep	16	static
../Core/Src/search/search.c:500:7:MAP_makeContourMap_queue	4160	static
../Core/Src/search/search.c:587:7:MAP_makeContourMap_run	32	static
../Core/Src/search/search.c:694:6:MAP_calcMouseDir	24	static
../Core/Src/search/search.c:764:6:MAP_refMousePos	16	static
../Core/Src/search/search.c:785:6:MAP_moveNextBlock	16	static
../Core/Src/search/search.c:843:6:MAP_moveNextBlock_Sla	16	static
../Core/Src/search/search.c:980:6:MAP_moveNextBlock_frontmiss	16	static
../Core/Src/search/search.c:1017:6:MAP_actGoal	8	static
../Core/Src/search/search.c:1032:6:MAP_actGoalLED	16	static
../Core/Src/search/search.c:1053:6:MAP_Goalsize	16	static
../Core/Src/search/search.c:1066:7:MAP_makeReturnContourMap	4152	static
../Core/Src/search/search.c:1144:6:MAP_KnownAcc	16	static
../Core/Src/search/search.c:1179:6:MAP_moveNextBlock_acc	16	static
../Core/Src/search/search.c:1455:6:MAP_searchGoal	40	static
../Core/Src/search/search.c:1597:6:MAP_searchGoalKnown	40	static
../Core/Src/search/search.c:1779:6:MAP_searchGoalKnown_AllSection	40	static
../Core/Src/search/search.c:1941:6:MAP_makeContourMap_queue_return	4160	static
../Core/Src/search/search.c:2037:6:MAP_calcMouseDir_return	24	static
../Core/Src/search/search.c:2107:6:MAP_searchGoalKnown_return	32	static
../Core/Src/search/search.c:2235:6:MAP_clearMap_direction	16	static
../Core/Src/search/search.c:2250:7:MAP_makeContourMap_dijkstra_modoki	32	static
