../Core/Src/search/search.c:44:6:MAP_init	8	static
../Core/Src/search/search.c:60:6:MAP_Goal_init	4	static
../Core/Src/search/search.c:66:6:MAP_Goal_change_x	8	static
../Core/Src/search/search.c:86:6:MAP_Goal_change_y	8	static
../Core/Src/search/search.c:106:6:MAP_ClearMapData	8	static
../Core/Src/search/search.c:121:6:MAP_setPos	16	static
../Core/Src/search/search.c:131:6:MAP_showLog	16	static
../Core/Src/search/search.c:186:6:MAP_showcountLog	16	static
../Core/Src/search/search.c:208:6:MAP_clearMap	16	static
../Core/Src/search/search.c:232:9:MAP_getWallData	16	static
../Core/Src/search/search.c:275:6:MAP_makeMapData	16	static
../Core/Src/search/search.c:304:7:MAP_makeContourMap	32	static
../Core/Src/search/search.c:419:6:setStep	16	static
../Core/Src/search/search.c:428:7:MAP_makeContourMap_kai2	320	static
../Core/Src/search/search.c:515:7:MAP_makeContourMap_run	32	static
../Core/Src/search/search.c:630:6:MAP_calcMouseDir	24	static
../Core/Src/search/search.c:700:6:MAP_refMousePos	16	static
../Core/Src/search/search.c:721:6:MAP_moveNextBlock	16	static
../Core/Src/search/search.c:779:6:MAP_moveNextBlock_Sura	16	static
../Core/Src/search/search.c:916:6:MAP_actGoal	8	static
../Core/Src/search/search.c:931:6:MAP_actGoalLED	16	static
../Core/Src/search/search.c:952:6:MAP_Goalsize	16	static
../Core/Src/search/search.c:965:7:MAP_makeReturnContourMap	312	static
../Core/Src/search/search.c:1043:6:MAP_KnownAcc	16	static
../Core/Src/search/search.c:1078:6:MAP_moveNextBlock_acc	16	static
../Core/Src/search/search.c:1248:6:MAP_searchGoal	40	static
../Core/Src/search/search.c:1390:6:MAP_searchGoalKnown	40	static
