../Core/Src/search/search.c:46:6:MAP_init	8	static
../Core/Src/search/search.c:62:6:MAP_Goal_init	4	static
../Core/Src/search/search.c:68:6:MAP_Goal_change_x	8	static
../Core/Src/search/search.c:88:6:MAP_Goal_change_y	8	static
../Core/Src/search/search.c:108:6:MAP_ClearMapData	8	static
../Core/Src/search/search.c:123:6:MAP_setPos	16	static
../Core/Src/search/search.c:133:6:MAP_showLog	16	static
../Core/Src/search/search.c:188:6:MAP_showcountLog	16	static
../Core/Src/search/search.c:210:6:MAP_clearMap	16	static
../Core/Src/search/search.c:234:9:MAP_getWallData	16	static
../Core/Src/search/search.c:277:6:MAP_makeMapData	16	static
../Core/Src/search/search.c:421:6:setStep	16	static
../Core/Src/search/search.c:430:7:MAP_makeContourMap_queue	320	static
../Core/Src/search/search.c:517:7:MAP_makeContourMap_run	32	static
../Core/Src/search/search.c:624:6:MAP_calcMouseDir	24	static
../Core/Src/search/search.c:694:6:MAP_refMousePos	16	static
../Core/Src/search/search.c:715:6:MAP_moveNextBlock	16	static
../Core/Src/search/search.c:773:6:MAP_moveNextBlock_Sura	16	static
../Core/Src/search/search.c:910:6:MAP_actGoal	8	static
../Core/Src/search/search.c:925:6:MAP_actGoalLED	16	static
../Core/Src/search/search.c:946:6:MAP_Goalsize	16	static
../Core/Src/search/search.c:959:7:MAP_makeReturnContourMap	312	static
../Core/Src/search/search.c:1037:6:MAP_KnownAcc	16	static
../Core/Src/search/search.c:1072:6:MAP_moveNextBlock_acc	16	static
../Core/Src/search/search.c:1347:6:MAP_searchGoal	40	static
../Core/Src/search/search.c:1489:6:MAP_searchGoalKnown	40	static
../Core/Src/search/search.c:1651:6:MAP_searchGoalKnown_AllSection	40	static
../Core/Src/search/search.c:1813:6:MAP_clearMap_direction	16	static
../Core/Src/search/search.c:1828:7:MAP_makeContourMap_dijkstra_modoki	32	static
