search.c:42:6:MAP_init	8	static
search.c:58:6:MAP_Goal_init	4	static
search.c:64:6:MAP_Goal_change_x	8	static
search.c:84:6:MAP_Goal_change_y	8	static
search.c:104:6:MAP_ClearMapData	8	static
search.c:119:6:MAP_setPos	16	static
search.c:129:6:MAP_showLog	16	static
search.c:184:6:MAP_showcountLog	16	static
search.c:206:6:MAP_clearMap	16	static
search.c:230:9:MAP_getWallData	16	static
search.c:267:6:MAP_makeMapData	16	static
search.c:296:7:MAP_makeContourMap	32	static
search.c:411:7:MAP_makeContourMap_run	32	static
search.c:526:6:MAP_calcMouseDir	24	static
search.c:596:6:MAP_refMousePos	16	static
search.c:617:6:MAP_moveNextBlock	16	static
search.c:675:6:MAP_moveNextBlock_Sura	16	static
search.c:812:6:MAP_actGoal	8	static
search.c:827:6:MAP_actGoalLED	16	static
search.c:848:6:MAP_Goalsize	16	static
search.c:861:7:MAP_makeReturnContourMap	32	static
search.c:921:6:MAP_KnownAcc	16	static
search.c:956:6:MAP_moveNextBlock_acc	16	static
search.c:1126:6:MAP_searchGoal	40	static
search.c:1264:6:MAP_searchGoalKnown	40	static
