search.c:42:6:MAP_init	8	static
search.c:58:6:MAP_Goal_init	4	static
search.c:64:6:MAP_Goal_change_x	8	static
search.c:84:6:MAP_Goal_change_y	8	static
search.c:104:6:MAP_ClearMapData	8	static
search.c:119:6:MAP_setPos	16	static
search.c:129:6:MAP_showLog	16	static
search.c:184:6:MAP_showcountLog	16	static
search.c:206:6:MAP_clearMap	16	static
search.c:230:9:MAP_getWallData	16	static
search.c:267:6:MAP_makeMapData	16	static
search.c:296:7:MAP_makeContourMap	32	static
search.c:411:6:setStep	16	static
search.c:420:7:MAP_makeContourMap_kai2	320	static
search.c:508:7:MAP_makeContourMap_run	32	static
search.c:623:6:MAP_calcMouseDir	24	static
search.c:693:6:MAP_refMousePos	16	static
search.c:714:6:MAP_moveNextBlock	16	static
search.c:772:6:MAP_moveNextBlock_Sura	16	static
search.c:909:6:MAP_actGoal	8	static
search.c:924:6:MAP_actGoalLED	16	static
search.c:945:6:MAP_Goalsize	16	static
search.c:958:7:MAP_makeReturnContourMap	312	static
search.c:1036:6:MAP_KnownAcc	16	static
search.c:1071:6:MAP_moveNextBlock_acc	16	static
search.c:1241:6:MAP_searchGoal	40	static
search.c:1383:6:MAP_searchGoalKnown	40	static
