search.c:44:6:MAP_init	8	static
search.c:60:6:MAP_Goal_init	4	static
search.c:66:6:MAP_Goal_change_x	8	static
search.c:86:6:MAP_Goal_change_y	8	static
search.c:106:6:MAP_ClearMapData	8	static
search.c:121:6:MAP_setPos	16	static
search.c:131:6:MAP_showLog	16	static
search.c:186:6:MAP_showcountLog	16	static
search.c:208:6:MAP_clearMap	16	static
search.c:232:9:MAP_getWallData	16	static
search.c:275:6:MAP_makeMapData	16	static
search.c:304:7:MAP_makeContourMap	32	static
search.c:419:6:setStep	16	static
search.c:428:7:MAP_makeContourMap_kai2	320	static
search.c:516:7:MAP_makeContourMap_run	32	static
search.c:631:6:MAP_calcMouseDir	24	static
search.c:701:6:MAP_refMousePos	16	static
search.c:722:6:MAP_moveNextBlock	16	static
search.c:780:6:MAP_moveNextBlock_Sura	16	static
search.c:921:6:MAP_actGoal	8	static
search.c:936:6:MAP_actGoalLED	16	static
search.c:957:6:MAP_Goalsize	16	static
search.c:970:7:MAP_makeReturnContourMap	312	static
search.c:1048:6:MAP_KnownAcc	16	static
search.c:1083:6:MAP_moveNextBlock_acc	16	static
search.c:1253:6:MAP_searchGoal	40	static
search.c:1395:6:MAP_searchGoalKnown	40	static
