../Core/Src/search/search.c:46:6:MAP_init	8	static
../Core/Src/search/search.c:62:6:MAP_Goal_init	4	static
../Core/Src/search/search.c:68:6:MAP_Goal_change_x	8	static
../Core/Src/search/search.c:88:6:MAP_Goal_change_y	8	static
../Core/Src/search/search.c:108:6:MAP_ClearMapData	8	static
../Core/Src/search/search.c:123:6:MAP_setPos	16	static
../Core/Src/search/search.c:133:6:MAP_showLog	16	static
../Core/Src/search/search.c:188:6:MAP_showcountLog	16	static
../Core/Src/search/search.c:210:6:MAP_clearMap	16	static
../Core/Src/search/search.c:234:9:MAP_getWallData	16	static
../Core/Src/search/search.c:277:6:MAP_makeMapData	16	static
../Core/Src/search/search.c:306:7:MAP_makeContourMap	32	static
../Core/Src/search/search.c:421:6:setStep	16	static
../Core/Src/search/search.c:430:7:MAP_makeContourMap_kai2	320	static
../Core/Src/search/search.c:517:7:MAP_makeContourMap_run	32	static
../Core/Src/search/search.c:632:6:MAP_calcMouseDir	24	static
../Core/Src/search/search.c:702:6:MAP_refMousePos	16	static
../Core/Src/search/search.c:723:6:MAP_moveNextBlock	16	static
../Core/Src/search/search.c:781:6:MAP_moveNextBlock_Sura	16	static
../Core/Src/search/search.c:918:6:MAP_actGoal	8	static
../Core/Src/search/search.c:933:6:MAP_actGoalLED	16	static
../Core/Src/search/search.c:954:6:MAP_Goalsize	16	static
../Core/Src/search/search.c:967:7:MAP_makeReturnContourMap	312	static
../Core/Src/search/search.c:1045:6:MAP_KnownAcc	16	static
../Core/Src/search/search.c:1080:6:MAP_moveNextBlock_acc	16	static
../Core/Src/search/search.c:1355:6:MAP_searchGoal	40	static
../Core/Src/search/search.c:1497:6:MAP_searchGoalKnown	40	static
../Core/Src/search/search.c:1659:6:MAP_searchGoalKnown_AllSection	40	static
../Core/Src/search/search.c:1821:6:MAP_clearMap_direction	16	static
../Core/Src/search/search.c:1836:7:MAP_makeContourMap_dijkstra_modoki	32	static
