stm32g4xx_ll_adc.h:3520:22:LL_ADC_SetGainCompensation	16	static
stm32g4xx_ll_adc.h:4086:22:LL_ADC_REG_SetSequencerRanks	32	static
stm32g4xx_ll_adc.h:5325:22:LL_ADC_SetChannelSamplingTime	32	static
stm32g4xx_ll_adc.h:5490:22:LL_ADC_SetChannelSingleDiff	24	static
stm32g4xx_ll_adc.h:6162:22:LL_ADC_SetOverSamplingScope	16	static
stm32g4xx_ll_adc.h:6591:22:LL_ADC_DisableDeepPowerDown	16	static
stm32g4xx_ll_adc.h:6605:26:LL_ADC_IsDeepPowerDownEnabled	16	static
stm32g4xx_ll_adc.h:6624:22:LL_ADC_EnableInternalRegulator	16	static
stm32g4xx_ll_adc.h:6654:26:LL_ADC_IsInternalRegulatorEnabled	16	static
stm32g4xx_ll_adc.h:6675:22:LL_ADC_Enable	16	static
stm32g4xx_ll_adc.h:6695:22:LL_ADC_Disable	16	static
stm32g4xx_ll_adc.h:6714:26:LL_ADC_IsEnabled	16	static
stm32g4xx_ll_adc.h:6753:22:LL_ADC_StartCalibration	16	static
stm32g4xx_ll_adc.h:6769:26:LL_ADC_IsCalibrationOnGoing	16	static
stm32g4xx_ll_adc.h:6800:22:LL_ADC_REG_StartConversion	16	static
stm32g4xx_ll_adc.h:6918:26:LL_ADC_REG_ReadConversionData12	16	static
stm32g4xx_ll_adc.h:7239:26:LL_ADC_IsActiveFlag_EOC	16	static
stm32g4xx_ll_adc.h:7363:22:LL_ADC_ClearFlag_EOC	16	static
stm32g4xx_ll_adc.h:7374:22:LL_ADC_ClearFlag_EOS	16	static
stm32g4xx_ll_bus.h:453:22:LL_AHB2_GRP1_EnableClock	24	static
adc.c:28:6:MX_ADC1_Init	88	static
adc.c:128:6:MX_ADC3_Init	88	static
adc.c:196:6:MX_ADC4_Init	72	static
adc.c:260:6:ADC1_Calibration	8	static
adc.c:271:6:ADC2_Calibration	8	static
adc.c:282:6:ADC3_Calibration	8	static
adc.c:293:6:ADC4_Calibration	8	static
adc.c:304:6:ADC4_Start	8	static
adc.c:321:6:ADC3_Start	8	static
adc.c:326:6:ADC2_Start	8	static
adc.c:331:6:ADC1_Start	8	static
adc.c:336:10:GetSensor_FL	8	static
adc.c:343:6:ADC3_clearEOS	8	static
adc.c:347:6:ADC2_clearEOS	8	static
adc.c:351:6:ADC1_clearEOS	8	static
adc.c:356:10:GetSensor_SL	8	static
adc.c:363:10:GetSensor_SR	8	static
adc.c:370:10:GetSensor_FR	8	static
adc.c:377:10:GetBatVal	8	static
