stm32g4xx_ll_adc.h:3520:22:LL_ADC_SetGainCompensation	16	static
stm32g4xx_ll_adc.h:4086:22:LL_ADC_REG_SetSequencerRanks	32	static
stm32g4xx_ll_adc.h:5325:22:LL_ADC_SetChannelSamplingTime	32	static
stm32g4xx_ll_adc.h:5490:22:LL_ADC_SetChannelSingleDiff	24	static
stm32g4xx_ll_adc.h:6162:22:LL_ADC_SetOverSamplingScope	16	static
stm32g4xx_ll_adc.h:6591:22:LL_ADC_DisableDeepPowerDown	16	static
stm32g4xx_ll_adc.h:6624:22:LL_ADC_EnableInternalRegulator	16	static
stm32g4xx_ll_adc.h:6675:22:LL_ADC_Enable	16	static
stm32g4xx_ll_adc.h:6800:22:LL_ADC_REG_StartConversion	16	static
stm32g4xx_ll_adc.h:6918:26:LL_ADC_REG_ReadConversionData12	16	static
stm32g4xx_ll_adc.h:7239:26:LL_ADC_IsActiveFlag_EOC	16	static
stm32g4xx_ll_adc.h:7374:22:LL_ADC_ClearFlag_EOS	16	static
stm32g4xx_ll_bus.h:453:22:LL_AHB2_GRP1_EnableClock	24	static
adc.c:28:6:MX_ADC1_Init	88	static
adc.c:128:6:MX_ADC3_Init	88	static
adc.c:196:6:MX_ADC4_Init	72	static
adc.c:260:6:ADC4_Start	8	static
adc.c:276:6:ADC3_Start	8	static
adc.c:280:6:ADC1_Start	8	static
adc.c:284:10:GetSensor_SL	8	static
adc.c:291:10:GetSensor_FL	8	static
adc.c:298:10:GetSensor_FR	8	static
adc.c:305:10:GetSensor_SR	8	static
adc.c:312:10:GetBatVal	8	static
