core_cm4.h:1648:22:__NVIC_SetPriorityGrouping	24	static
stm32g4xx_ll_rcc.h:1005:22:LL_RCC_HSI_Enable	4	static
stm32g4xx_ll_rcc.h:1025:26:LL_RCC_HSI_IsReady	4	static
stm32g4xx_ll_rcc.h:1051:22:LL_RCC_HSI_SetCalibTrimming	16	static
stm32g4xx_ll_rcc.h:1342:22:LL_RCC_SetSysClkSource	16	static
stm32g4xx_ll_rcc.h:1355:26:LL_RCC_GetSysClkSource	4	static
stm32g4xx_ll_rcc.h:1375:22:LL_RCC_SetAHBPrescaler	16	static
stm32g4xx_ll_rcc.h:1391:22:LL_RCC_SetAPB1Prescaler	16	static
stm32g4xx_ll_rcc.h:1407:22:LL_RCC_SetAPB2Prescaler	16	static
stm32g4xx_ll_rcc.h:1523:22:LL_RCC_SetUSARTClockSource	16	static
stm32g4xx_ll_rcc.h:1696:22:LL_RCC_SetADCClockSource	16	static
stm32g4xx_ll_rcc.h:2055:22:LL_RCC_PLL_Enable	4	static
stm32g4xx_ll_rcc.h:2076:26:LL_RCC_PLL_IsReady	4	static
stm32g4xx_ll_rcc.h:2119:22:LL_RCC_PLL_ConfigDomain_SYS	24	static
stm32g4xx_ll_rcc.h:2428:22:LL_RCC_PLL_EnableDomain_SYS	4	static
stm32g4xx_ll_bus.h:915:22:LL_APB1_GRP1_EnableClock	24	static
stm32g4xx_ll_bus.h:1429:22:LL_APB2_GRP1_EnableClock	24	static
stm32g4xx_ll_system.h:1289:22:LL_FLASH_SetLatency	16	static
stm32g4xx_ll_system.h:1317:26:LL_FLASH_GetLatency	4	static
stm32g4xx_ll_pwr.h:342:22:LL_PWR_EnableRange1BoostMode	4	static
stm32g4xx_ll_pwr.h:497:22:LL_PWR_DisableUCPDDeadBattery	4	static
stm32g4xx_ll_pwr.h:668:22:LL_PWR_SetPVDLevel	16	static
stm32g4xx_ll_pwr.h:696:22:LL_PWR_EnablePVD	4	static
stm32g4xx_ll_tim.h:1943:22:LL_TIM_EnableCounter	16	static
stm32g4xx_ll_tim.h:5825:22:LL_TIM_EnableIT_UPDATE	16	static
stm32g4xx_ll_gpio.h:895:22:LL_GPIO_SetOutputPin	16	static
stm32g4xx_ll_gpio.h:924:22:LL_GPIO_ResetOutputPin	16	static
main.c:66:6:__io_putchar	16	static
main.c:76:5:main	16	static
main.c:193:6:SystemClock_Config	8	static
main.c:248:6:Error_Handler	4	static
