../Drivers/STM32G4xx_HAL_Driver/Inc/stm32g4xx_ll_dma.h:518:22:LL_DMA_EnableChannel	24	static
../Drivers/STM32G4xx_HAL_Driver/Inc/stm32g4xx_ll_dma.h:540:22:LL_DMA_DisableChannel	24	static
../Drivers/STM32G4xx_HAL_Driver/Inc/stm32g4xx_ll_dma.h:629:22:LL_DMA_SetDataTransferDirection	32	static
../Drivers/STM32G4xx_HAL_Driver/Inc/stm32g4xx_ll_dma.h:684:22:LL_DMA_SetMode	32	static
../Drivers/STM32G4xx_HAL_Driver/Inc/stm32g4xx_ll_dma.h:735:22:LL_DMA_SetPeriphIncMode	32	static
../Drivers/STM32G4xx_HAL_Driver/Inc/stm32g4xx_ll_dma.h:786:22:LL_DMA_SetMemoryIncMode	32	static
../Drivers/STM32G4xx_HAL_Driver/Inc/stm32g4xx_ll_dma.h:838:22:LL_DMA_SetPeriphSize	32	static
../Drivers/STM32G4xx_HAL_Driver/Inc/stm32g4xx_ll_dma.h:891:22:LL_DMA_SetMemorySize	32	static
../Drivers/STM32G4xx_HAL_Driver/Inc/stm32g4xx_ll_dma.h:945:22:LL_DMA_SetChannelPriorityLevel	32	static
../Drivers/STM32G4xx_HAL_Driver/Inc/stm32g4xx_ll_dma.h:998:22:LL_DMA_SetDataLength	32	static
../Drivers/STM32G4xx_HAL_Driver/Inc/stm32g4xx_ll_dma.h:1055:22:LL_DMA_ConfigAddresses	32	static
../Drivers/STM32G4xx_HAL_Driver/Inc/stm32g4xx_ll_dma.h:1407:22:LL_DMA_SetPeriphRequest	32	static
../Drivers/STM32G4xx_HAL_Driver/Inc/stm32g4xx_ll_dma.h:2325:22:LL_DMA_EnableIT_TC	24	static
../Drivers/STM32G4xx_HAL_Driver/Inc/stm32g4xx_ll_dma.h:2369:22:LL_DMA_EnableIT_TE	24	static
../Drivers/STM32G4xx_HAL_Driver/Inc/stm32g4xx_ll_bus.h:453:22:LL_AHB2_GRP1_EnableClock	24	static
../Drivers/STM32G4xx_HAL_Driver/Inc/stm32g4xx_ll_bus.h:915:22:LL_APB1_GRP1_EnableClock	24	static
../Drivers/STM32G4xx_HAL_Driver/Inc/stm32g4xx_ll_bus.h:1429:22:LL_APB2_GRP1_EnableClock	24	static
../Drivers/STM32G4xx_HAL_Driver/Inc/stm32g4xx_ll_spi.h:359:22:LL_SPI_Enable	16	static
../Drivers/STM32G4xx_HAL_Driver/Inc/stm32g4xx_ll_spi.h:382:26:LL_SPI_IsEnabled	16	static
../Drivers/STM32G4xx_HAL_Driver/Inc/stm32g4xx_ll_spi.h:427:22:LL_SPI_SetStandard	16	static
../Drivers/STM32G4xx_HAL_Driver/Inc/stm32g4xx_ll_spi.h:666:22:LL_SPI_SetRxFIFOThreshold	16	static
../Drivers/STM32G4xx_HAL_Driver/Inc/stm32g4xx_ll_spi.h:875:22:LL_SPI_DisableNSSPulseMgt	16	static
../Drivers/STM32G4xx_HAL_Driver/Inc/stm32g4xx_ll_spi.h:906:26:LL_SPI_IsActiveFlag_RXNE	16	static
../Drivers/STM32G4xx_HAL_Driver/Inc/stm32g4xx_ll_spi.h:1195:22:LL_SPI_EnableDMAReq_RX	16	static
../Drivers/STM32G4xx_HAL_Driver/Inc/stm32g4xx_ll_spi.h:1228:22:LL_SPI_EnableDMAReq_TX	16	static
../Drivers/STM32G4xx_HAL_Driver/Inc/stm32g4xx_ll_spi.h:1315:26:LL_SPI_DMA_GetRegAddr	16	static
../Drivers/STM32G4xx_HAL_Driver/Inc/stm32g4xx_ll_spi.h:1334:25:LL_SPI_ReceiveData8	16	static
../Drivers/STM32G4xx_HAL_Driver/Inc/stm32g4xx_ll_gpio.h:895:22:LL_GPIO_SetOutputPin	16	static
../Drivers/STM32G4xx_HAL_Driver/Inc/stm32g4xx_ll_gpio.h:924:22:LL_GPIO_ResetOutputPin	16	static
../Core/Src/spi.c:28:6:MX_SPI1_Init	72	static
../Core/Src/spi.c:119:6:MX_SPI2_Init	72	static
../Core/Src/spi.c:220:6:DMA1_Channel1_Init	8	static
../Core/Src/spi.c:227:6:DMA1_Channel2_Init	8	static
../Core/Src/spi.c:234:6:DMA1_Channel3_Init	8	static
../Core/Src/spi.c:241:6:DMA1_Channel4_Init	8	static
../Core/Src/spi.c:248:6:SPI1_Start	8	static
../Core/Src/spi.c:259:6:SPI1_DMA_Communication	32	static
../Core/Src/spi.c:289:6:SPI1_DMA1_ReceiveComplete_Callback	8	static
../Core/Src/spi.c:296:6:SPI1_DMA1_TransmitComplete_Callback	8	static
../Core/Src/spi.c:302:9:Get_SPI1ReciveData	16	static
../Core/Src/spi.c:306:6:SetSPI1TransmitData	16	static
../Core/Src/spi.c:315:6:SPI2_Start	8	static
../Core/Src/spi.c:326:6:SPI2_DMA_Communication	32	static
../Core/Src/spi.c:359:6:SPI2_DMA1_ReceiveComplete_Callback	8	static
../Core/Src/spi.c:370:6:SPI2_DMA1_TransmitComplete_Callback	8	static
../Core/Src/spi.c:376:9:Get_SPI2ReciveData	16	static
../Core/Src/spi.c:380:6:SetSPI2TransmitData	16	static
