stm32g4xx_ll_dma.h:1664:26:LL_DMA_IsActiveFlag_TC1	16	static
stm32g4xx_ll_dma.h:1675:26:LL_DMA_IsActiveFlag_TC2	16	static
stm32g4xx_ll_dma.h:1686:26:LL_DMA_IsActiveFlag_TC3	16	static
stm32g4xx_ll_dma.h:1697:26:LL_DMA_IsActiveFlag_TC4	16	static
stm32g4xx_ll_dma.h:1940:22:LL_DMA_ClearFlag_GI1	16	static
stm32g4xx_ll_dma.h:1951:22:LL_DMA_ClearFlag_GI2	16	static
stm32g4xx_ll_dma.h:1962:22:LL_DMA_ClearFlag_GI3	16	static
stm32g4xx_ll_dma.h:1973:22:LL_DMA_ClearFlag_GI4	16	static
stm32g4xx_ll_tim.h:5363:22:LL_TIM_ClearFlag_UPDATE	16	static
stm32g4xx_ll_tim.h:5374:26:LL_TIM_IsActiveFlag_UPDATE	16	static
stm32g4xx_it.c:72:6:NMI_Handler	4	static
stm32g4xx_it.c:85:6:HardFault_Handler	4	static
stm32g4xx_it.c:100:6:MemManage_Handler	4	static
stm32g4xx_it.c:115:6:BusFault_Handler	4	static
stm32g4xx_it.c:130:6:UsageFault_Handler	4	static
stm32g4xx_it.c:145:6:SVC_Handler	4	static
stm32g4xx_it.c:158:6:DebugMon_Handler	4	static
stm32g4xx_it.c:171:6:PendSV_Handler	4	static
stm32g4xx_it.c:184:6:SysTick_Handler	4	static
stm32g4xx_it.c:205:6:DMA1_Channel1_IRQHandler	8	static
stm32g4xx_it.c:223:6:DMA1_Channel2_IRQHandler	8	static
stm32g4xx_it.c:240:6:DMA1_Channel3_IRQHandler	8	static
stm32g4xx_it.c:258:6:DMA1_Channel4_IRQHandler	8	static
stm32g4xx_it.c:275:6:DMA1_Channel5_IRQHandler	4	static
stm32g4xx_it.c:289:6:DMA1_Channel6_IRQHandler	4	static
stm32g4xx_it.c:303:6:TIM1_UP_TIM16_IRQHandler	8	static
stm32g4xx_it.c:320:6:TIM4_IRQHandler	8	static
stm32g4xx_it.c:354:6:TIM5_IRQHandler	8	static
stm32g4xx_it.c:385:6:TIM6_DAC_IRQHandler	8	static
