core_cm4.h:1667:26:__NVIC_GetPriorityGrouping	4	static
core_cm4.h:1679:22:__NVIC_EnableIRQ	16	static,ignoring_inline_asm
core_cm4.h:1809:22:__NVIC_SetPriority	16	static
core_cm4.h:1856:26:NVIC_EncodePriority	40	static
stm32g4xx_ll_bus.h:453:22:LL_AHB2_GRP1_EnableClock	24	static
stm32g4xx_ll_bus.h:915:22:LL_APB1_GRP1_EnableClock	24	static
stm32g4xx_ll_bus.h:1429:22:LL_APB2_GRP1_EnableClock	24	static
stm32g4xx_ll_tim.h:1943:22:LL_TIM_EnableCounter	16	static
stm32g4xx_ll_tim.h:1954:22:LL_TIM_DisableCounter	16	static
stm32g4xx_ll_tim.h:2114:22:LL_TIM_EnableARRPreload	16	static
stm32g4xx_ll_tim.h:2125:22:LL_TIM_DisableARRPreload	16	static
stm32g4xx_ll_tim.h:2500:22:LL_TIM_CC_EnableChannel	16	static
stm32g4xx_ll_tim.h:2889:22:LL_TIM_OC_DisableFast	24	static
stm32g4xx_ll_tim.h:2941:22:LL_TIM_OC_EnablePreload	24	static
stm32g4xx_ll_tim.h:3130:22:LL_TIM_OC_SetCompareCH2	16	static
stm32g4xx_ll_tim.h:3848:22:LL_TIM_SetClockSource	16	static
stm32g4xx_ll_tim.h:3901:22:LL_TIM_SetTriggerOutput	16	static
stm32g4xx_ll_tim.h:3931:22:LL_TIM_SetTriggerOutput2	16	static
stm32g4xx_ll_tim.h:4007:22:LL_TIM_DisableMasterSlaveMode	16	static
stm32g4xx_ll_tim.h:4541:22:LL_TIM_EnableAllOutputs	16	static
stm32g4xx_ll_tim.h:5825:22:LL_TIM_EnableIT_UPDATE	16	static
tim.c:28:6:MX_TIM1_Init	80	static
tim.c:57:6:MX_TIM2_Init	88	static
tim.c:96:6:MX_TIM3_Init	88	static
tim.c:135:6:MX_TIM4_Init	32	static
tim.c:158:6:MX_TIM5_Init	32	static
tim.c:181:6:MX_TIM6_Init	32	static
tim.c:202:6:MX_TIM8_Init	136	static
tim.c:262:6:TIM_init	8	static
tim.c:287:6:Enable_TIM2	8	static
tim.c:291:6:Disable_TIM2	8	static
tim.c:295:6:Enable_TIM3	8	static
tim.c:299:6:Disable_TIM3	8	static
tim.c:303:6:Set_DutyTIM2	32	static
tim.c:311:6:Set_DutyTIM3	32	static
