stm32g4xx_ll_adc.h:3649:22:LL_ADC_REG_SetTriggerSource	16	static
stm32g4xx_ll_adc.h:3874:22:LL_ADC_REG_SetSequencerLength	16	static
stm32g4xx_ll_adc.h:4437:22:LL_ADC_INJ_SetTriggerSource	16	static
stm32g4xx_ll_adc.h:4899:22:LL_ADC_INJ_SetQueueMode	16	static
stm32g4xx_ll_adc.h:6695:22:LL_ADC_Disable	16	static
stm32g4xx_ll_adc.h:6714:26:LL_ADC_IsEnabled	16	static
stm32g4xx_ll_adc.h:6725:26:LL_ADC_IsDisableOngoing	16	static
stm32g4xx_ll_adc.h:6820:22:LL_ADC_REG_StopConversion	16	static
stm32g4xx_ll_adc.h:6836:26:LL_ADC_REG_IsConversionOngoing	16	static
stm32g4xx_ll_adc.h:6847:26:LL_ADC_REG_IsStopConversionOngoing	16	static
stm32g4xx_ll_adc.h:7045:22:LL_ADC_INJ_StopConversion	16	static
stm32g4xx_ll_adc.h:7061:26:LL_ADC_INJ_IsConversionOngoing	16	static
stm32g4xx_ll_adc.h:7072:26:LL_ADC_INJ_IsStopConversionOngoing	16	static
stm32g4xx_ll_bus.h:583:22:LL_AHB2_GRP1_ForceReset	16	static
stm32g4xx_ll_bus.h:625:22:LL_AHB2_GRP1_ReleaseReset	16	static
stm32g4xx_ll_adc.c:658:13:LL_ADC_CommonDeInit	16	static
stm32g4xx_ll_adc.c:700:13:LL_ADC_CommonInit	32	static
stm32g4xx_ll_adc.c:782:6:LL_ADC_CommonStructInit	16	static
stm32g4xx_ll_adc.c:815:13:LL_ADC_DeInit	32	static
stm32g4xx_ll_adc.c:1095:13:LL_ADC_Init	24	static
stm32g4xx_ll_adc.c:1140:6:LL_ADC_StructInit	16	static
stm32g4xx_ll_adc.c:1182:13:LL_ADC_REG_Init	24	static
stm32g4xx_ll_adc.c:1269:6:LL_ADC_REG_StructInit	16	static
stm32g4xx_ll_adc.c:1315:13:LL_ADC_INJ_Init	24	static
stm32g4xx_ll_adc.c:1386:6:LL_ADC_INJ_StructInit	16	static
